
There are no discarded input sections

Memory Configuration

Name             Origin             Length             Attributes
RAM              0x0000000080000000 0x0000000000200000 xrw
*default*        0x0000000000000000 0xffffffffffffffff

Linker script and memory map

                0x0000000000001000                STACK_SIZE = 0x1000
                0x0000000080000000                RAM_BASE = 0x80000000
                0x0000000000200000                RAM_SIZE = 0x200000
                0x0000000080000000                . = ORIGIN (RAM)

.text           0x0000000080000000     0xd000
 *(.text.boot)
 .text.boot     0x0000000080000000       0x3c out/./arch/riscv64//boot.o
                0x0000000080000000                _start
                0x0000000080001000                . = ALIGN (0x1000)
 *fill*         0x000000008000003c      0xfc4 
                0x0000000080001000                _text_start = .
 *(.text .text.*)
 .text          0x0000000080001000      0x850 out/.//elf.o
                0x0000000080001416                elf_parse
 .text          0x0000000080001850      0x35c out/.//init.o
                0x0000000080001990                trap
                0x000000008000199a                s_mode
                0x0000000080001b1e                init
 .text          0x0000000080001bac      0x19a out/.//malloc.o
                0x0000000080001bac                malloc_init
                0x0000000080001be2                malloc
                0x0000000080001c84                page_alloc
                0x0000000080001d34                free
 .text          0x0000000080001d46      0x4e6 out/.//vm.o
                0x0000000080001d7a                get_child_pgtbl
                0x0000000080001e28                page_walk
                0x0000000080001ee0                map_pages
                0x0000000080001fb2                early_page_table_init
                0x000000008000220a                vm_init
 .text          0x000000008000222c      0x3b6 out/./fs/block_adapter.o
                0x000000008000222c                block_adapter_register
                0x0000000080002332                block_adapter_destory
                0x0000000080002350                block_adapter_open
                0x00000000800023ba                block_adapter_read
                0x00000000800024ac                block_adapter_write
                0x000000008000259e                block_adapter_get_block_size
                0x00000000800025c0                block_adapter_get_sectors_per_block
 .text          0x00000000800025e2       0xee out/./fs/block_device.o
                0x00000000800025e2                block_device_register
                0x000000008000265e                block_device_open
 .text          0x00000000800026d0      0x90c out/./fs/ext2//ext2_block.o
                0x000000008000275e                ext2_bno_group
                0x00000000800027d2                ext2_alloc_bno
                0x00000000800029b8                ext2_release_bno
                0x0000000080002cd4                ext2_block_mapping
 .text          0x0000000080002fdc     0x10f4 out/./fs/ext2//ext2_cache.o
                0x000000008000301e                ext2_sync_inode_bitmap_cache
                0x0000000080003192                ext2_load_inode_bitmap_cache
                0x000000008000344a                ext2_sync_inode_table_cache
                0x0000000080003602                ext2_load_inode_table_cache
                0x00000000800038be                ext2_select_inode_group
                0x00000000800039ee                ext2_sync_block_bitmap_cache
                0x0000000080003b6a                ext2_load_block_bitmap_cache
                0x0000000080003e1e                ext2_select_block_group
                0x0000000080003f8e                ext2_sync_cache
 .text          0x00000000800040d0     0x101a out/./fs/ext2//ext2_dir.o
                0x000000008000414e                ext2_init_dot_entries
                0x000000008000438a                ext2_find
                0x000000008000456c                ext2_init_new_inode
                0x0000000080004bee                ext2_init_new_entry
                0x0000000080004e5a                ext2_find_slot
                0x0000000080004f86                ext2_add_entry
                0x00000000800050d2                ext2_remove_entry
 .text          0x00000000800050ea      0x29c out/./fs/ext2//ext2_file.o
                0x000000008000512c                ext2_file_read
                0x0000000080005366                ext2_file_write
 .text          0x0000000080005386      0xd18 out/./fs/ext2//ext2_inode.o
                0x00000000800053c8                ext2_ino_group
                0x00000000800053fa                ext2_alloc_ino
                0x00000000800055f4                ext2_release_ino
                0x00000000800057f0                ext2_create_inode
                0x0000000080005af6                ext2_new_inode
                0x0000000080005c20                ext2_read_inode
                0x0000000080005ef4                ext2_write_inode
 .text          0x000000008000609e      0x374 out/./fs/ext2//ext2_namei.o
                0x00000000800060e0                ext2_lookup
                0x0000000080006392                ext2_mkdir
                0x00000000800063c6                ext2_rmdir
                0x00000000800063de                ext2_creat
 .text          0x0000000080006412      0x26e out/./fs/ext2//ext2_page.o
                0x0000000080006412                ext2_readpage
                0x0000000080006516                ext2_writepage
 .text          0x0000000080006680      0xaf2 out/./fs/ext2//ext2_super.o
                0x00000000800066c2                ext2_fill_super
                0x0000000080006ee6                ext2_kill_super
                0x0000000080006f1a                ext2_sync_super
 .text          0x0000000080007172      0x8e6 out/./fs/vfs//dcache.o
                0x00000000800072d4                vfs_create_dentry
                0x0000000080007464                vfs_destroy_dentry
                0x0000000080007668                dcache_init
                0x00000000800076ec                dcache_destroy
                0x000000008000770e                dnew
                0x000000008000787e                dget
                0x00000000800079d8                dput
 .text          0x0000000080007a58       0x30 out/./fs/vfs//fs_init.o
                0x0000000080007a58                fs_init
 .text          0x0000000080007a88      0x3c4 out/./fs/vfs//fs_type.o
                0x0000000080007b9e                fs_register
                0x0000000080007cc2                fs_unregister
                0x0000000080007de4                fs_get
 .text          0x0000000080007e4c      0x95c out/./fs/vfs//icache.o
                0x0000000080007f86                destroy_inode
                0x0000000080008072                create_inode
                0x00000000800081c4                inew
                0x00000000800083a6                icache_init
                0x000000008000842a                icache_destroy
                0x000000008000844c                iget
                0x00000000800085d6                iput
                0x0000000080008738                icache_sync
 .text          0x00000000800087a8      0x3c4 out/./fs/vfs//mount.o
                0x0000000080008884                mount
                0x0000000080008a98                mount_rootfs
                0x0000000080008b54                get_root
 .text          0x0000000080008b6c      0x3a0 out/./fs/vfs//path.o
                0x0000000080008bae                path_split
                0x0000000080008cf0                base_dir_split
 .text          0x0000000080008f0c      0x6a0 out/./fs/vfs//pcache.o
                0x000000008000927e                pcache_init
                0x0000000080009302                pcache_destory
                0x0000000080009324                pget
                0x00000000800093f6                pput
                0x0000000080009494                vfs_pcache_sync_func
                0x000000008000953c                pcache_sync
 .text          0x00000000800095ac      0x2fe out/./fs/vfs//super.o
                0x00000000800096c2                alloc_super
                0x000000008000978a                free_super
                0x00000000800097fc                sync_super
 .text          0x00000000800098aa      0x534 out/./fs/vfs//vfs.o
                0x00000000800098ec                lookup
                0x00000000800099e2                mkdir
                0x0000000080009aea                rmdir
                0x0000000080009afe                open
                0x0000000080009b84                read
                0x0000000080009cbc                write
                0x0000000080009dd0                vfs_test
 .text          0x0000000080009dde      0x1ec out/./arch/riscv64//symbols.o
                0x0000000080009dde                symbols_init
                0x0000000080009f84                zero_bss
 .text          0x0000000080009fca      0x168 out/./drivers/uart.o
                0x0000000080009fca                uart_init
                0x000000008000a084                uart_putc
                0x000000008000a0ba                uart_getc
                0x000000008000a0e8                uart_puts
                0x000000008000a124                uart0_iqr
 .text          0x000000008000a132      0x774 out/./drivers/virt_disk.o
                0x000000008000a24c                virt_disk_rw
                0x000000008000a570                virt_disk_get_capacity
                0x000000008000a59c                disk_write_sector
                0x000000008000a5ca                disk_read_sector
                0x000000008000a5f8                virt_disk_init
 .text          0x000000008000a8a6      0x1b2 out/./drivers/virtio.o
                0x000000008000a8a6                virtio_blk_init
 .text          0x000000008000aa58      0x44a out/./lib/bitmap.o
                0x000000008000aa58                bitmap_create
                0x000000008000aae2                bitmap_destory
                0x000000008000ab00                bitmap_set_bit
                0x000000008000ab92                bitmap_clear_bit
                0x000000008000ac28                bitmap_test_bit
                0x000000008000acb0                bitmap_get_size
                0x000000008000ace2                bitmap_update_size
                0x000000008000ad22                bitmap_get_bytes_num
                0x000000008000ad58                bitmap_get_size_in_bytes
                0x000000008000ad90                bitmap_scan_0
 .text          0x000000008000aea2      0x6a0 out/./lib/hashtable.o
                0x000000008000af9c                hashtable_init
                0x000000008000b1ac                hashtable_destroy
                0x000000008000b21c                hashtable_lookup
                0x000000008000b31c                hashtable_insert
                0x000000008000b3ee                hashtable_remove
                0x000000008000b48e                hashtable_size
                0x000000008000b4e8                hashtable_node_count
 .text          0x000000008000b542      0xc2c out/./lib/lru.o
                0x000000008000b6bc                lru_init
                0x000000008000b894                lru_node_init
                0x000000008000b912                lru_destroy
                0x000000008000b9c2                lru_hash_lookup
                0x000000008000bada                lru_hash_insert
                0x000000008000bbcc                lru_hash_remove
                0x000000008000bd06                lru_cache_insert
                0x000000008000be72                lru_cache_remove
                0x000000008000bf96                lru_ref
                0x000000008000c000                lru_unref
                0x000000008000c088                lru_walk
 .text          0x000000008000c16e      0x4fc out/./lib/printk.o
                0x000000008000c16e                num2char
                0x000000008000c30a                _vsprint
                0x000000008000c52c                _vprint
                0x000000008000c5a6                printk
                0x000000008000c5fa                panic
 .text          0x000000008000c66a      0x348 out/./lib/string.o
                0x000000008000c66a                memset
                0x000000008000c6c4                memcpy
                0x000000008000c72a                strcpy
                0x000000008000c78c                strncpy
                0x000000008000c816                strlen
                0x000000008000c854                strcmp
                0x000000008000c8ba                strncmp
                0x000000008000c95e                strdup
 .text          0x000000008000c9b2      0x422 out/./lib/time.o
                0x000000008000cb00                adjust_timezone
                0x000000008000cc58                system_time_to_unix_timestamp
                0x000000008000cd50                get_current_time
                0x000000008000cd94                get_current_unix_timestamp
 .text          0x000000008000cdd4       0xca out/./lib/utils.o
                0x000000008000cdd4                next_power_of_two
                0x000000008000ce6a                is_power_of_two
 .text          0x000000008000ce9e        0x0 out/./arch/riscv64//boot.o
                0x000000008000d000                . = ALIGN (0x1000)
 *fill*         0x000000008000ce9e      0x162 
                0x000000008000d000                _text_end = .

.rodata         0x000000008000d000     0x3000
                0x000000008000d000                . = ALIGN (0x1000)
                0x000000008000d000                _rodata_start = .
 *(.rodata .rodata.* .srodata .srodata.*)
 .rodata        0x000000008000d000      0x342 out/.//elf.o
 *fill*         0x000000008000d342        0x6 
 .rodata        0x000000008000d348        0xa out/.//init.o
 *fill*         0x000000008000d352        0x6 
 .rodata        0x000000008000d358       0x1e out/.//malloc.o
 *fill*         0x000000008000d376        0x2 
 .rodata        0x000000008000d378      0x13b out/./fs/ext2//ext2_block.o
 *fill*         0x000000008000d4b3        0x5 
 .rodata        0x000000008000d4b8      0x310 out/./fs/ext2//ext2_cache.o
 .rodata        0x000000008000d7c8      0x187 out/./fs/ext2//ext2_dir.o
 *fill*         0x000000008000d94f        0x1 
 .rodata        0x000000008000d950      0x13f out/./fs/ext2//ext2_file.o
 *fill*         0x000000008000da8f        0x1 
 .rodata        0x000000008000da90      0x2d1 out/./fs/ext2//ext2_inode.o
 *fill*         0x000000008000dd61        0x7 
 .rodata        0x000000008000dd68       0xb1 out/./fs/ext2//ext2_namei.o
 *fill*         0x000000008000de19        0x7 
 .rodata        0x000000008000de20      0x340 out/./fs/ext2//ext2_super.o
 .rodata        0x000000008000e160      0x2ac out/./fs/vfs//dcache.o
 *fill*         0x000000008000e40c        0x4 
 .srodata       0x000000008000e410       0x15 out/./fs/vfs//dcache.o
 *fill*         0x000000008000e425        0x3 
 .rodata        0x000000008000e428      0x146 out/./fs/vfs//fs_type.o
 *fill*         0x000000008000e56e        0x2 
 .rodata        0x000000008000e570      0x304 out/./fs/vfs//icache.o
 *fill*         0x000000008000e874        0x4 
 .srodata       0x000000008000e878       0x15 out/./fs/vfs//icache.o
 *fill*         0x000000008000e88d        0x3 
 .rodata        0x000000008000e890      0x1f5 out/./fs/vfs//mount.o
 *fill*         0x000000008000ea85        0x3 
 .srodata       0x000000008000ea88        0x6 out/./fs/vfs//mount.o
 *fill*         0x000000008000ea8e        0x2 
 .rodata        0x000000008000ea90       0xa7 out/./fs/vfs//path.o
 *fill*         0x000000008000eb37        0x1 
 .rodata        0x000000008000eb38      0x21c out/./fs/vfs//pcache.o
 *fill*         0x000000008000ed54        0x4 
 .srodata       0x000000008000ed58        0x5 out/./fs/vfs//pcache.o
 *fill*         0x000000008000ed5d        0x3 
 .rodata        0x000000008000ed60      0x1d3 out/./fs/vfs//super.o
 *fill*         0x000000008000ef33        0x5 
 .rodata        0x000000008000ef38      0x134 out/./fs/vfs//vfs.o
 *fill*         0x000000008000f06c        0x4 
 .srodata       0x000000008000f070       0x1e out/./fs/vfs//vfs.o
 *fill*         0x000000008000f08e        0x2 
 .rodata        0x000000008000f090       0x32 out/./drivers/virt_disk.o
 *fill*         0x000000008000f0c2        0x6 
 .rodata        0x000000008000f0c8       0x74 out/./lib/bitmap.o
 *fill*         0x000000008000f13c        0x4 
 .rodata        0x000000008000f140      0x2a5 out/./lib/hashtable.o
 *fill*         0x000000008000f3e5        0x3 
 .rodata        0x000000008000f3e8      0x339 out/./lib/lru.o
 *fill*         0x000000008000f721        0x7 
 .srodata       0x000000008000f728        0x8 out/./lib/lru.o
 .rodata        0x000000008000f730       0x8a out/./lib/printk.o
 *fill*         0x000000008000f7ba        0x6 
 .srodata       0x000000008000f7c0        0x8 out/./lib/time.o
                0x000000008000f7c0                system_time
 .rodata        0x000000008000f7c8        0xc out/./lib/time.o
                0x0000000080010000                . = ALIGN (0x1000)
 *fill*         0x000000008000f7d4      0x82c 
                0x0000000080010000                _rodata_end = .

.rela.dyn       0x0000000080010000        0x0
 .rela.text     0x0000000080010000        0x0 out/.//elf.o
 .rela.text.boot
                0x0000000080010000        0x0 out/.//elf.o

.data           0x0000000080010000     0x1000
                0x0000000080010000                _data_start = .
                0x0000000080010000                . = ALIGN (0x1000)
 *(.data .data.* .sdata .sdata.*)
 .data          0x0000000080010000        0x0 out/.//elf.o
 .data          0x0000000080010000        0x0 out/.//init.o
 .data          0x0000000080010000        0x0 out/.//malloc.o
 .data          0x0000000080010000        0x0 out/.//vm.o
 .data          0x0000000080010000        0x0 out/./fs/block_adapter.o
 .data          0x0000000080010000        0x0 out/./fs/block_device.o
 .data          0x0000000080010000        0x0 out/./fs/ext2//ext2_block.o
 .data          0x0000000080010000        0x0 out/./fs/ext2//ext2_cache.o
 .data          0x0000000080010000        0x0 out/./fs/ext2//ext2_dir.o
 .data          0x0000000080010000       0x10 out/./fs/ext2//ext2_file.o
                0x0000000080010000                ext2_file_ops
 .data          0x0000000080010010       0x30 out/./fs/ext2//ext2_inode.o
                0x0000000080010010                ext2_s_ops
 .data          0x0000000080010040       0x18 out/./fs/ext2//ext2_namei.o
                0x0000000080010040                ext2_inode_ops
 .data          0x0000000080010058       0x10 out/./fs/ext2//ext2_page.o
                0x0000000080010058                ext2_aops
 .data          0x0000000080010068       0x48 out/./fs/ext2//ext2_super.o
                0x0000000080010068                ext2_fs_type
 .data          0x00000000800100b0        0x0 out/./fs/vfs//dcache.o
 .data          0x00000000800100b0        0x0 out/./fs/vfs//fs_init.o
 .data          0x00000000800100b0       0x10 out/./fs/vfs//fs_type.o
 .data          0x00000000800100c0        0x0 out/./fs/vfs//icache.o
 .data          0x00000000800100c0       0x10 out/./fs/vfs//mount.o
                0x00000000800100c0                vfs_mount_points
 .data          0x00000000800100d0        0x0 out/./fs/vfs//path.o
 .data          0x00000000800100d0        0x0 out/./fs/vfs//pcache.o
 .data          0x00000000800100d0       0x10 out/./fs/vfs//super.o
 .data          0x00000000800100e0        0x0 out/./fs/vfs//vfs.o
 .data          0x00000000800100e0        0x0 out/./arch/riscv64//symbols.o
 .data          0x00000000800100e0        0x0 out/./drivers/uart.o
 .data          0x00000000800100e0        0x0 out/./drivers/virt_disk.o
 .data          0x00000000800100e0        0x0 out/./drivers/virtio.o
 .sdata         0x00000000800100e0        0x8 out/./drivers/virtio.o
                0x00000000800100e0                virtio
 .data          0x00000000800100e8        0x0 out/./lib/bitmap.o
 .data          0x00000000800100e8        0x0 out/./lib/hashtable.o
 .data          0x00000000800100e8        0x0 out/./lib/lru.o
 .data          0x00000000800100e8        0x0 out/./lib/printk.o
 .data          0x00000000800100e8        0x0 out/./lib/string.o
 .data          0x00000000800100e8        0x0 out/./lib/time.o
 .data          0x00000000800100e8        0x0 out/./lib/utils.o
 .data          0x00000000800100e8        0x0 out/./arch/riscv64//boot.o
                0x0000000080011000                . = ALIGN (0x1000)
 *fill*         0x00000000800100e8      0xf18 
                0x0000000080011000                _data_end = .

.bss            0x0000000080011000     0x2000
                0x0000000080011000                _bss_start = .
 *(.bss .bss.* .sbss)
 .bss           0x0000000080011000        0x0 out/.//elf.o
 .bss           0x0000000080011000        0x0 out/.//init.o
 .bss           0x0000000080011000       0x10 out/.//malloc.o
 .bss           0x0000000080011010        0x0 out/.//vm.o
 .sbss          0x0000000080011010        0x8 out/.//vm.o
                0x0000000080011010                pgd
 .bss           0x0000000080011018      0x100 out/./fs/block_adapter.o
                0x0000000080011018                block_adapter_registry
 .bss           0x0000000080011118      0x1c0 out/./fs/block_device.o
                0x0000000080011118                bdev_registry
 .bss           0x00000000800112d8        0x0 out/./fs/ext2//ext2_block.o
 .sbss          0x00000000800112d8        0xc out/./fs/ext2//ext2_block.o
                0x00000000800112d8                ext2_balloc_lock
                0x00000000800112e0                ext2_bfree_lock
 .bss           0x00000000800112e4        0x0 out/./fs/ext2//ext2_cache.o
 .bss           0x00000000800112e4        0x0 out/./fs/ext2//ext2_dir.o
 .bss           0x00000000800112e4        0x0 out/./fs/ext2//ext2_file.o
 .bss           0x00000000800112e4        0x0 out/./fs/ext2//ext2_inode.o
 .bss           0x00000000800112e4        0x0 out/./fs/ext2//ext2_namei.o
 .bss           0x00000000800112e4        0x0 out/./fs/ext2//ext2_page.o
 .bss           0x00000000800112e4        0x0 out/./fs/ext2//ext2_super.o
 .bss           0x00000000800112e4        0x0 out/./fs/vfs//dcache.o
 *fill*         0x00000000800112e4        0x4 
 .sbss          0x00000000800112e8        0x8 out/./fs/vfs//dcache.o
                0x00000000800112e8                global_dentry_cache
 .bss           0x00000000800112f0        0x0 out/./fs/vfs//fs_init.o
 .bss           0x00000000800112f0        0x0 out/./fs/vfs//fs_type.o
 .bss           0x00000000800112f0        0x0 out/./fs/vfs//icache.o
 .sbss          0x00000000800112f0        0x8 out/./fs/vfs//icache.o
                0x00000000800112f0                global_inode_cache
 .bss           0x00000000800112f8        0x8 out/./fs/vfs//mount.o
 .bss           0x0000000080011300       0x10 out/./fs/vfs//path.o
 .bss           0x0000000080011310        0x0 out/./fs/vfs//pcache.o
 .sbss          0x0000000080011310        0x8 out/./fs/vfs//pcache.o
                0x0000000080011310                global_page_cache
 .bss           0x0000000080011318        0x0 out/./fs/vfs//super.o
 .bss           0x0000000080011318        0x0 out/./fs/vfs//vfs.o
 .sbss          0x0000000080011318        0x8 out/./fs/vfs//vfs.o
                0x0000000080011318                current
 .bss           0x0000000080011320        0x0 out/./arch/riscv64//symbols.o
 .sbss          0x0000000080011320       0x90 out/./arch/riscv64//symbols.o
                0x0000000080011320                text_start
                0x0000000080011328                text_end
                0x0000000080011330                text_size
                0x0000000080011338                rodata_start
                0x0000000080011340                rodata_end
                0x0000000080011348                rodata_size
                0x0000000080011350                data_start
                0x0000000080011358                data_end
                0x0000000080011360                data_size
                0x0000000080011368                bss_start
                0x0000000080011370                bss_end
                0x0000000080011378                bss_size
                0x0000000080011380                stack_start
                0x0000000080011388                stack_end
                0x0000000080011390                stack_size
                0x0000000080011398                heap_start
                0x00000000800113a0                heap_end
                0x00000000800113a8                heap_size
 .bss           0x00000000800113b0        0x0 out/./drivers/uart.o
 .bss           0x00000000800113b0      0x150 out/./drivers/virt_disk.o
                0x00000000800113b0                virt_disk
                0x0000000080011468                avail
                0x0000000080011480                used
 .sbss          0x0000000080011500        0x1 out/./drivers/virt_disk.o
                0x0000000080011500                desc
 .bss           0x0000000080011501        0x0 out/./drivers/virtio.o
 .bss           0x0000000080011501        0x0 out/./lib/bitmap.o
 .bss           0x0000000080011501        0x0 out/./lib/hashtable.o
 .bss           0x0000000080011501        0x0 out/./lib/lru.o
 *fill*         0x0000000080011501        0x7 
 .bss           0x0000000080011508     0x1000 out/./lib/printk.o
 .bss           0x0000000080012508        0x0 out/./lib/string.o
 .bss           0x0000000080012508        0x0 out/./lib/time.o
 .bss           0x0000000080012508        0x0 out/./lib/utils.o
 .bss           0x0000000080012508        0x0 out/./arch/riscv64//boot.o
 *(COMMON)
                0x0000000080013000                . = ALIGN (0x1000)
 *fill*         0x0000000080012508      0xaf8 
                0x0000000080013000                _bss_end = .
                0x0000000080013000                . = ALIGN (0x1000)
                0x0000000080013000                _heap_start = .
                0x0000000080200000                _stack_end = (RAM_BASE + RAM_SIZE)
                0x00000000801ff000                _stack_start = (_stack_end - STACK_SIZE)
                0x00000000801ff000                _heap_end = _stack_start
                0x0000000080001000                PROVIDE (__text_start = _text_start)
                0x000000008000d000                PROVIDE (__text_end = _text_end)
                0x000000008000d000                PROVIDE (__rodata_start = _rodata_start)
                0x0000000080010000                PROVIDE (__rodata_end = _rodata_end)
                0x0000000080010000                PROVIDE (__data_start = _data_start)
                0x0000000080011000                PROVIDE (__data_end = _data_end)
                0x0000000080011000                PROVIDE (__bss_start = _bss_start)
                0x0000000080013000                PROVIDE (__bss_end = _bss_end)
                0x00000000801ff000                PROVIDE (__stack_start = _stack_start)
                0x0000000080200000                PROVIDE (__stack_end = _stack_end)
                0x0000000080013000                PROVIDE (__heap_start = _heap_start)
                0x00000000801ff000                PROVIDE (__heap_end = _heap_end)
LOAD out/.//elf.o
LOAD out/.//init.o
LOAD out/.//malloc.o
LOAD out/.//vm.o
LOAD out/./fs/block_adapter.o
LOAD out/./fs/block_device.o
LOAD out/./fs/ext2//ext2_block.o
LOAD out/./fs/ext2//ext2_cache.o
LOAD out/./fs/ext2//ext2_dir.o
LOAD out/./fs/ext2//ext2_file.o
LOAD out/./fs/ext2//ext2_inode.o
LOAD out/./fs/ext2//ext2_namei.o
LOAD out/./fs/ext2//ext2_page.o
LOAD out/./fs/ext2//ext2_super.o
LOAD out/./fs/vfs//dcache.o
LOAD out/./fs/vfs//fs_init.o
LOAD out/./fs/vfs//fs_type.o
LOAD out/./fs/vfs//icache.o
LOAD out/./fs/vfs//mount.o
LOAD out/./fs/vfs//path.o
LOAD out/./fs/vfs//pcache.o
LOAD out/./fs/vfs//super.o
LOAD out/./fs/vfs//vfs.o
LOAD out/./arch/riscv64//symbols.o
LOAD out/./drivers/uart.o
LOAD out/./drivers/virt_disk.o
LOAD out/./drivers/virtio.o
LOAD out/./lib/bitmap.o
LOAD out/./lib/hashtable.o
LOAD out/./lib/lru.o
LOAD out/./lib/printk.o
LOAD out/./lib/string.o
LOAD out/./lib/time.o
LOAD out/./lib/utils.o
LOAD out/./arch/riscv64//boot.o
OUTPUT(out/vboot.elf elf64-littleriscv)

.debug_info     0x0000000000000000    0x15762
 .debug_info    0x0000000000000000      0x41e out/.//elf.o
 .debug_info    0x000000000000041e      0xdf2 out/.//init.o
 .debug_info    0x0000000000001210      0x1ae out/.//malloc.o
 .debug_info    0x00000000000013be      0x3c6 out/.//vm.o
 .debug_info    0x0000000000001784      0x51c out/./fs/block_adapter.o
 .debug_info    0x0000000000001ca0      0x214 out/./fs/block_device.o
 .debug_info    0x0000000000001eb4     0x1594 out/./fs/ext2//ext2_block.o
 .debug_info    0x0000000000003448     0x1689 out/./fs/ext2//ext2_cache.o
 .debug_info    0x0000000000004ad1     0x135b out/./fs/ext2//ext2_dir.o
 .debug_info    0x0000000000005e2c      0xb2e out/./fs/ext2//ext2_file.o
 .debug_info    0x000000000000695a     0x15ae out/./fs/ext2//ext2_inode.o
 .debug_info    0x0000000000007f08     0x1551 out/./fs/ext2//ext2_namei.o
 .debug_info    0x0000000000009459      0xdb6 out/./fs/ext2//ext2_page.o
 .debug_info    0x000000000000a20f     0x1516 out/./fs/ext2//ext2_super.o
 .debug_info    0x000000000000b725     0x10f2 out/./fs/vfs//dcache.o
 .debug_info    0x000000000000c817      0x962 out/./fs/vfs//fs_init.o
 .debug_info    0x000000000000d179      0xb81 out/./fs/vfs//fs_type.o
 .debug_info    0x000000000000dcfa     0x1205 out/./fs/vfs//icache.o
 .debug_info    0x000000000000eeff      0xbea out/./fs/vfs//mount.o
 .debug_info    0x000000000000fae9      0x2c2 out/./fs/vfs//path.o
 .debug_info    0x000000000000fdab     0x1065 out/./fs/vfs//pcache.o
 .debug_info    0x0000000000010e10      0xb9d out/./fs/vfs//super.o
 .debug_info    0x00000000000119ad      0xd9d out/./fs/vfs//vfs.o
 .debug_info    0x000000000001274a      0x2cf out/./arch/riscv64//symbols.o
 .debug_info    0x0000000000012a19      0x19b out/./drivers/uart.o
 .debug_info    0x0000000000012bb4      0x9e8 out/./drivers/virt_disk.o
 .debug_info    0x000000000001359c      0x2f0 out/./drivers/virtio.o
 .debug_info    0x000000000001388c      0x41d out/./lib/bitmap.o
 .debug_info    0x0000000000013ca9      0x5df out/./lib/hashtable.o
 .debug_info    0x0000000000014288      0x98e out/./lib/lru.o
 .debug_info    0x0000000000014c16      0x377 out/./lib/printk.o
 .debug_info    0x0000000000014f8d      0x363 out/./lib/string.o
 .debug_info    0x00000000000152f0      0x3b3 out/./lib/time.o
 .debug_info    0x00000000000156a3       0x97 out/./lib/utils.o
 .debug_info    0x000000000001573a       0x28 out/./arch/riscv64//boot.o

.debug_abbrev   0x0000000000000000     0x3dad
 .debug_abbrev  0x0000000000000000      0x179 out/.//elf.o
 .debug_abbrev  0x0000000000000179      0x26a out/.//init.o
 .debug_abbrev  0x00000000000003e3      0x123 out/.//malloc.o
 .debug_abbrev  0x0000000000000506      0x186 out/.//vm.o
 .debug_abbrev  0x000000000000068c      0x1c0 out/./fs/block_adapter.o
 .debug_abbrev  0x000000000000084c      0x13f out/./fs/block_device.o
 .debug_abbrev  0x000000000000098b      0x28b out/./fs/ext2//ext2_block.o
 .debug_abbrev  0x0000000000000c16      0x23d out/./fs/ext2//ext2_cache.o
 .debug_abbrev  0x0000000000000e53      0x26b out/./fs/ext2//ext2_dir.o
 .debug_abbrev  0x00000000000010be      0x1f6 out/./fs/ext2//ext2_file.o
 .debug_abbrev  0x00000000000012b4      0x269 out/./fs/ext2//ext2_inode.o
 .debug_abbrev  0x000000000000151d      0x281 out/./fs/ext2//ext2_namei.o
 .debug_abbrev  0x000000000000179e      0x1f2 out/./fs/ext2//ext2_page.o
 .debug_abbrev  0x0000000000001990      0x282 out/./fs/ext2//ext2_super.o
 .debug_abbrev  0x0000000000001c12      0x27b out/./fs/vfs//dcache.o
 .debug_abbrev  0x0000000000001e8d      0x18d out/./fs/vfs//fs_init.o
 .debug_abbrev  0x000000000000201a      0x1e9 out/./fs/vfs//fs_type.o
 .debug_abbrev  0x0000000000002203      0x2b3 out/./fs/vfs//icache.o
 .debug_abbrev  0x00000000000024b6      0x228 out/./fs/vfs//mount.o
 .debug_abbrev  0x00000000000026de      0x138 out/./fs/vfs//path.o
 .debug_abbrev  0x0000000000002816      0x28f out/./fs/vfs//pcache.o
 .debug_abbrev  0x0000000000002aa5      0x220 out/./fs/vfs//super.o
 .debug_abbrev  0x0000000000002cc5      0x23f out/./fs/vfs//vfs.o
 .debug_abbrev  0x0000000000002f04       0xc3 out/./arch/riscv64//symbols.o
 .debug_abbrev  0x0000000000002fc7      0x119 out/./drivers/uart.o
 .debug_abbrev  0x00000000000030e0      0x232 out/./drivers/virt_disk.o
 .debug_abbrev  0x0000000000003312       0xe8 out/./drivers/virtio.o
 .debug_abbrev  0x00000000000033fa      0x181 out/./lib/bitmap.o
 .debug_abbrev  0x000000000000357b      0x1b6 out/./lib/hashtable.o
 .debug_abbrev  0x0000000000003731      0x1d7 out/./lib/lru.o
 .debug_abbrev  0x0000000000003908      0x15d out/./lib/printk.o
 .debug_abbrev  0x0000000000003a65      0x109 out/./lib/string.o
 .debug_abbrev  0x0000000000003b6e      0x1b7 out/./lib/time.o
 .debug_abbrev  0x0000000000003d25       0x74 out/./lib/utils.o
 .debug_abbrev  0x0000000000003d99       0x14 out/./arch/riscv64//boot.o

.debug_aranges  0x0000000000000000      0x690
 .debug_aranges
                0x0000000000000000       0x30 out/.//elf.o
 .debug_aranges
                0x0000000000000030       0x30 out/.//init.o
 .debug_aranges
                0x0000000000000060       0x30 out/.//malloc.o
 .debug_aranges
                0x0000000000000090       0x30 out/.//vm.o
 .debug_aranges
                0x00000000000000c0       0x30 out/./fs/block_adapter.o
 .debug_aranges
                0x00000000000000f0       0x30 out/./fs/block_device.o
 .debug_aranges
                0x0000000000000120       0x30 out/./fs/ext2//ext2_block.o
 .debug_aranges
                0x0000000000000150       0x30 out/./fs/ext2//ext2_cache.o
 .debug_aranges
                0x0000000000000180       0x30 out/./fs/ext2//ext2_dir.o
 .debug_aranges
                0x00000000000001b0       0x30 out/./fs/ext2//ext2_file.o
 .debug_aranges
                0x00000000000001e0       0x30 out/./fs/ext2//ext2_inode.o
 .debug_aranges
                0x0000000000000210       0x30 out/./fs/ext2//ext2_namei.o
 .debug_aranges
                0x0000000000000240       0x30 out/./fs/ext2//ext2_page.o
 .debug_aranges
                0x0000000000000270       0x30 out/./fs/ext2//ext2_super.o
 .debug_aranges
                0x00000000000002a0       0x30 out/./fs/vfs//dcache.o
 .debug_aranges
                0x00000000000002d0       0x30 out/./fs/vfs//fs_init.o
 .debug_aranges
                0x0000000000000300       0x30 out/./fs/vfs//fs_type.o
 .debug_aranges
                0x0000000000000330       0x30 out/./fs/vfs//icache.o
 .debug_aranges
                0x0000000000000360       0x30 out/./fs/vfs//mount.o
 .debug_aranges
                0x0000000000000390       0x30 out/./fs/vfs//path.o
 .debug_aranges
                0x00000000000003c0       0x30 out/./fs/vfs//pcache.o
 .debug_aranges
                0x00000000000003f0       0x30 out/./fs/vfs//super.o
 .debug_aranges
                0x0000000000000420       0x30 out/./fs/vfs//vfs.o
 .debug_aranges
                0x0000000000000450       0x30 out/./arch/riscv64//symbols.o
 .debug_aranges
                0x0000000000000480       0x30 out/./drivers/uart.o
 .debug_aranges
                0x00000000000004b0       0x30 out/./drivers/virt_disk.o
 .debug_aranges
                0x00000000000004e0       0x30 out/./drivers/virtio.o
 .debug_aranges
                0x0000000000000510       0x30 out/./lib/bitmap.o
 .debug_aranges
                0x0000000000000540       0x30 out/./lib/hashtable.o
 .debug_aranges
                0x0000000000000570       0x30 out/./lib/lru.o
 .debug_aranges
                0x00000000000005a0       0x30 out/./lib/printk.o
 .debug_aranges
                0x00000000000005d0       0x30 out/./lib/string.o
 .debug_aranges
                0x0000000000000600       0x30 out/./lib/time.o
 .debug_aranges
                0x0000000000000630       0x30 out/./lib/utils.o
 .debug_aranges
                0x0000000000000660       0x30 out/./arch/riscv64//boot.o

.debug_line     0x0000000000000000     0xa114
 .debug_line    0x0000000000000000      0x46c out/.//elf.o
 .debug_line    0x000000000000046c      0x3a8 out/.//init.o
 .debug_line    0x0000000000000814      0x181 out/.//malloc.o
 .debug_line    0x0000000000000995      0x42e out/.//vm.o
 .debug_line    0x0000000000000dc3      0x42c out/./fs/block_adapter.o
 .debug_line    0x00000000000011ef      0x125 out/./fs/block_device.o
 .debug_line    0x0000000000001314      0x61d out/./fs/ext2//ext2_block.o
 .debug_line    0x0000000000001931      0xdac out/./fs/ext2//ext2_cache.o
 .debug_line    0x00000000000026dd      0x944 out/./fs/ext2//ext2_dir.o
 .debug_line    0x0000000000003021      0x2c6 out/./fs/ext2//ext2_file.o
 .debug_line    0x00000000000032e7      0x817 out/./fs/ext2//ext2_inode.o
 .debug_line    0x0000000000003afe      0x302 out/./fs/ext2//ext2_namei.o
 .debug_line    0x0000000000003e00      0x2b0 out/./fs/ext2//ext2_page.o
 .debug_line    0x00000000000040b0      0x82a out/./fs/ext2//ext2_super.o
 .debug_line    0x00000000000048da      0x7d2 out/./fs/vfs//dcache.o
 .debug_line    0x00000000000050ac       0xd6 out/./fs/vfs//fs_init.o
 .debug_line    0x0000000000005182      0x324 out/./fs/vfs//fs_type.o
 .debug_line    0x00000000000054a6      0x8ca out/./fs/vfs//icache.o
 .debug_line    0x0000000000005d70      0x32a out/./fs/vfs//mount.o
 .debug_line    0x000000000000609a      0x352 out/./fs/vfs//path.o
 .debug_line    0x00000000000063ec      0x63f out/./fs/vfs//pcache.o
 .debug_line    0x0000000000006a2b      0x28b out/./fs/vfs//super.o
 .debug_line    0x0000000000006cb6      0x4c5 out/./fs/vfs//vfs.o
 .debug_line    0x000000000000717b      0x1c7 out/./arch/riscv64//symbols.o
 .debug_line    0x0000000000007342      0x1c5 out/./drivers/uart.o
 .debug_line    0x0000000000007507      0x813 out/./drivers/virt_disk.o
 .debug_line    0x0000000000007d1a      0x1d4 out/./drivers/virtio.o
 .debug_line    0x0000000000007eee      0x440 out/./lib/bitmap.o
 .debug_line    0x000000000000832e      0x5d2 out/./lib/hashtable.o
 .debug_line    0x0000000000008900      0x936 out/./lib/lru.o
 .debug_line    0x0000000000009236      0x4da out/./lib/printk.o
 .debug_line    0x0000000000009710      0x3fa out/./lib/string.o
 .debug_line    0x0000000000009b0a      0x44c out/./lib/time.o
 .debug_line    0x0000000000009f56      0x12a out/./lib/utils.o
 .debug_line    0x000000000000a080       0x94 out/./arch/riscv64//boot.o

.debug_str      0x0000000000000000     0x21e4
 .debug_str     0x0000000000000000     0x21e4 out/.//elf.o
                                        0x263 (size before relaxing)
 .debug_str     0x00000000000021e4      0x6e6 out/.//init.o
 .debug_str     0x00000000000021e4      0x144 out/.//malloc.o
 .debug_str     0x00000000000021e4      0x235 out/.//vm.o
 .debug_str     0x00000000000021e4      0x298 out/./fs/block_adapter.o
 .debug_str     0x00000000000021e4      0x163 out/./fs/block_device.o
 .debug_str     0x00000000000021e4      0xccd out/./fs/ext2//ext2_block.o
 .debug_str     0x00000000000021e4      0xc92 out/./fs/ext2//ext2_cache.o
 .debug_str     0x00000000000021e4      0x9a5 out/./fs/ext2//ext2_dir.o
 .debug_str     0x00000000000021e4      0x600 out/./fs/ext2//ext2_file.o
 .debug_str     0x00000000000021e4      0xca0 out/./fs/ext2//ext2_inode.o
 .debug_str     0x00000000000021e4      0xd2b out/./fs/ext2//ext2_namei.o
 .debug_str     0x00000000000021e4      0x76e out/./fs/ext2//ext2_page.o
 .debug_str     0x00000000000021e4      0xce1 out/./fs/ext2//ext2_super.o
 .debug_str     0x00000000000021e4      0x7af out/./fs/vfs//dcache.o
 .debug_str     0x00000000000021e4      0x59e out/./fs/vfs//fs_init.o
 .debug_str     0x00000000000021e4      0x5e2 out/./fs/vfs//fs_type.o
 .debug_str     0x00000000000021e4      0x8a7 out/./fs/vfs//icache.o
 .debug_str     0x00000000000021e4      0x651 out/./fs/vfs//mount.o
 .debug_str     0x00000000000021e4      0x183 out/./fs/vfs//path.o
 .debug_str     0x00000000000021e4      0x7a7 out/./fs/vfs//pcache.o
 .debug_str     0x00000000000021e4      0x5f6 out/./fs/vfs//super.o
 .debug_str     0x00000000000021e4      0x659 out/./fs/vfs//vfs.o
 .debug_str     0x00000000000021e4      0x242 out/./arch/riscv64//symbols.o
 .debug_str     0x00000000000021e4      0x12b out/./drivers/uart.o
 .debug_str     0x00000000000021e4      0x580 out/./drivers/virt_disk.o
 .debug_str     0x00000000000021e4      0x2b2 out/./drivers/virtio.o
 .debug_str     0x00000000000021e4      0x1d4 out/./lib/bitmap.o
 .debug_str     0x00000000000021e4      0x268 out/./lib/hashtable.o
 .debug_str     0x00000000000021e4      0x33e out/./lib/lru.o
 .debug_str     0x00000000000021e4      0x189 out/./lib/printk.o
 .debug_str     0x00000000000021e4      0x126 out/./lib/string.o
 .debug_str     0x00000000000021e4      0x226 out/./lib/time.o
 .debug_str     0x00000000000021e4       0x9f out/./lib/utils.o
 .debug_str     0x00000000000021e4       0x31 out/./arch/riscv64//boot.o

.debug_line_str
                0x0000000000000000      0x443
 .debug_line_str
                0x0000000000000000      0x443 out/.//elf.o
                                         0x69 (size before relaxing)
 .debug_line_str
                0x0000000000000443       0xee out/.//init.o
 .debug_line_str
                0x0000000000000443       0x6b out/.//malloc.o
 .debug_line_str
                0x0000000000000443       0x75 out/.//vm.o
 .debug_line_str
                0x0000000000000443       0x87 out/./fs/block_adapter.o
 .debug_line_str
                0x0000000000000443       0x79 out/./fs/block_device.o
 .debug_line_str
                0x0000000000000443      0x115 out/./fs/ext2//ext2_block.o
 .debug_line_str
                0x0000000000000443      0x108 out/./fs/ext2//ext2_cache.o
 .debug_line_str
                0x0000000000000443      0x111 out/./fs/ext2//ext2_dir.o
 .debug_line_str
                0x0000000000000443       0xe6 out/./fs/ext2//ext2_file.o
 .debug_line_str
                0x0000000000000443      0x140 out/./fs/ext2//ext2_inode.o
 .debug_line_str
                0x0000000000000443      0x128 out/./fs/ext2//ext2_namei.o
 .debug_line_str
                0x0000000000000443       0xf6 out/./fs/ext2//ext2_page.o
 .debug_line_str
                0x0000000000000443      0x11e out/./fs/ext2//ext2_super.o
 .debug_line_str
                0x0000000000000443       0xe0 out/./fs/vfs//dcache.o
 .debug_line_str
                0x0000000000000443       0xf6 out/./fs/vfs//fs_init.o
 .debug_line_str
                0x0000000000000443       0xcc out/./fs/vfs//fs_type.o
 .debug_line_str
                0x0000000000000443       0xe9 out/./fs/vfs//icache.o
 .debug_line_str
                0x0000000000000443       0xdb out/./fs/vfs//mount.o
 .debug_line_str
                0x0000000000000443       0x6d out/./fs/vfs//path.o
 .debug_line_str
                0x0000000000000443       0xe0 out/./fs/vfs//pcache.o
 .debug_line_str
                0x0000000000000443       0xd1 out/./fs/vfs//super.o
 .debug_line_str
                0x0000000000000443       0xe3 out/./fs/vfs//vfs.o
 .debug_line_str
                0x0000000000000443       0x68 out/./arch/riscv64//symbols.o
 .debug_line_str
                0x0000000000000443       0x53 out/./drivers/uart.o
 .debug_line_str
                0x0000000000000443       0xa8 out/./drivers/virt_disk.o
 .debug_line_str
                0x0000000000000443       0x62 out/./drivers/virtio.o
 .debug_line_str
                0x0000000000000443       0x68 out/./lib/bitmap.o
 .debug_line_str
                0x0000000000000443       0x80 out/./lib/hashtable.o
 .debug_line_str
                0x0000000000000443       0x87 out/./lib/lru.o
 .debug_line_str
                0x0000000000000443       0x8d out/./lib/printk.o
 .debug_line_str
                0x0000000000000443       0x56 out/./lib/string.o
 .debug_line_str
                0x0000000000000443       0x4c out/./lib/time.o
 .debug_line_str
                0x0000000000000443       0x40 out/./lib/utils.o
 .debug_line_str
                0x0000000000000443       0x25 out/./arch/riscv64//boot.o

.comment        0x0000000000000000       0x22
 .comment       0x0000000000000000       0x22 out/.//elf.o
                                         0x23 (size before relaxing)
 .comment       0x0000000000000022       0x23 out/.//init.o
 .comment       0x0000000000000022       0x23 out/.//malloc.o
 .comment       0x0000000000000022       0x23 out/.//vm.o
 .comment       0x0000000000000022       0x23 out/./fs/block_adapter.o
 .comment       0x0000000000000022       0x23 out/./fs/block_device.o
 .comment       0x0000000000000022       0x23 out/./fs/ext2//ext2_block.o
 .comment       0x0000000000000022       0x23 out/./fs/ext2//ext2_cache.o
 .comment       0x0000000000000022       0x23 out/./fs/ext2//ext2_dir.o
 .comment       0x0000000000000022       0x23 out/./fs/ext2//ext2_file.o
 .comment       0x0000000000000022       0x23 out/./fs/ext2//ext2_inode.o
 .comment       0x0000000000000022       0x23 out/./fs/ext2//ext2_namei.o
 .comment       0x0000000000000022       0x23 out/./fs/ext2//ext2_page.o
 .comment       0x0000000000000022       0x23 out/./fs/ext2//ext2_super.o
 .comment       0x0000000000000022       0x23 out/./fs/vfs//dcache.o
 .comment       0x0000000000000022       0x23 out/./fs/vfs//fs_init.o
 .comment       0x0000000000000022       0x23 out/./fs/vfs//fs_type.o
 .comment       0x0000000000000022       0x23 out/./fs/vfs//icache.o
 .comment       0x0000000000000022       0x23 out/./fs/vfs//mount.o
 .comment       0x0000000000000022       0x23 out/./fs/vfs//path.o
 .comment       0x0000000000000022       0x23 out/./fs/vfs//pcache.o
 .comment       0x0000000000000022       0x23 out/./fs/vfs//super.o
 .comment       0x0000000000000022       0x23 out/./fs/vfs//vfs.o
 .comment       0x0000000000000022       0x23 out/./arch/riscv64//symbols.o
 .comment       0x0000000000000022       0x23 out/./drivers/uart.o
 .comment       0x0000000000000022       0x23 out/./drivers/virt_disk.o
 .comment       0x0000000000000022       0x23 out/./drivers/virtio.o
 .comment       0x0000000000000022       0x23 out/./lib/bitmap.o
 .comment       0x0000000000000022       0x23 out/./lib/hashtable.o
 .comment       0x0000000000000022       0x23 out/./lib/lru.o
 .comment       0x0000000000000022       0x23 out/./lib/printk.o
 .comment       0x0000000000000022       0x23 out/./lib/string.o
 .comment       0x0000000000000022       0x23 out/./lib/time.o
 .comment       0x0000000000000022       0x23 out/./lib/utils.o

.riscv.attributes
                0x0000000000000000       0x57
 .riscv.attributes
                0x0000000000000000       0x53 out/.//elf.o
 .riscv.attributes
                0x0000000000000053       0x57 out/.//init.o
 .riscv.attributes
                0x00000000000000aa       0x53 out/.//malloc.o
 .riscv.attributes
                0x00000000000000fd       0x57 out/.//vm.o
 .riscv.attributes
                0x0000000000000154       0x53 out/./fs/block_adapter.o
 .riscv.attributes
                0x00000000000001a7       0x53 out/./fs/block_device.o
 .riscv.attributes
                0x00000000000001fa       0x53 out/./fs/ext2//ext2_block.o
 .riscv.attributes
                0x000000000000024d       0x53 out/./fs/ext2//ext2_cache.o
 .riscv.attributes
                0x00000000000002a0       0x53 out/./fs/ext2//ext2_dir.o
 .riscv.attributes
                0x00000000000002f3       0x53 out/./fs/ext2//ext2_file.o
 .riscv.attributes
                0x0000000000000346       0x53 out/./fs/ext2//ext2_inode.o
 .riscv.attributes
                0x0000000000000399       0x53 out/./fs/ext2//ext2_namei.o
 .riscv.attributes
                0x00000000000003ec       0x53 out/./fs/ext2//ext2_page.o
 .riscv.attributes
                0x000000000000043f       0x53 out/./fs/ext2//ext2_super.o
 .riscv.attributes
                0x0000000000000492       0x53 out/./fs/vfs//dcache.o
 .riscv.attributes
                0x00000000000004e5       0x53 out/./fs/vfs//fs_init.o
 .riscv.attributes
                0x0000000000000538       0x53 out/./fs/vfs//fs_type.o
 .riscv.attributes
                0x000000000000058b       0x53 out/./fs/vfs//icache.o
 .riscv.attributes
                0x00000000000005de       0x53 out/./fs/vfs//mount.o
 .riscv.attributes
                0x0000000000000631       0x53 out/./fs/vfs//path.o
 .riscv.attributes
                0x0000000000000684       0x53 out/./fs/vfs//pcache.o
 .riscv.attributes
                0x00000000000006d7       0x53 out/./fs/vfs//super.o
 .riscv.attributes
                0x000000000000072a       0x53 out/./fs/vfs//vfs.o
 .riscv.attributes
                0x000000000000077d       0x53 out/./arch/riscv64//symbols.o
 .riscv.attributes
                0x00000000000007d0       0x53 out/./drivers/uart.o
 .riscv.attributes
                0x0000000000000823       0x53 out/./drivers/virt_disk.o
 .riscv.attributes
                0x0000000000000876       0x53 out/./drivers/virtio.o
 .riscv.attributes
                0x00000000000008c9       0x53 out/./lib/bitmap.o
 .riscv.attributes
                0x000000000000091c       0x53 out/./lib/hashtable.o
 .riscv.attributes
                0x000000000000096f       0x53 out/./lib/lru.o
 .riscv.attributes
                0x00000000000009c2       0x53 out/./lib/printk.o
 .riscv.attributes
                0x0000000000000a15       0x53 out/./lib/string.o
 .riscv.attributes
                0x0000000000000a68       0x53 out/./lib/time.o
 .riscv.attributes
                0x0000000000000abb       0x53 out/./lib/utils.o
 .riscv.attributes
                0x0000000000000b0e       0x55 out/./arch/riscv64//boot.o

.debug_frame    0x0000000000000000     0x3210
 .debug_frame   0x0000000000000000       0xa0 out/.//elf.o
 .debug_frame   0x00000000000000a0      0x2d8 out/.//init.o
 .debug_frame   0x0000000000000378       0xd0 out/.//malloc.o
 .debug_frame   0x0000000000000448      0x160 out/.//vm.o
 .debug_frame   0x00000000000005a8      0x160 out/./fs/block_adapter.o
 .debug_frame   0x0000000000000708       0x70 out/./fs/block_device.o
 .debug_frame   0x0000000000000778      0x190 out/./fs/ext2//ext2_block.o
 .debug_frame   0x0000000000000908      0x1f0 out/./fs/ext2//ext2_cache.o
 .debug_frame   0x0000000000000af8      0x1f0 out/./fs/ext2//ext2_dir.o
 .debug_frame   0x0000000000000ce8       0xa0 out/./fs/ext2//ext2_file.o
 .debug_frame   0x0000000000000d88      0x190 out/./fs/ext2//ext2_inode.o
 .debug_frame   0x0000000000000f18      0x138 out/./fs/ext2//ext2_namei.o
 .debug_frame   0x0000000000001050       0x70 out/./fs/ext2//ext2_page.o
 .debug_frame   0x00000000000010c0       0xd8 out/./fs/ext2//ext2_super.o
 .debug_frame   0x0000000000001198      0x3a8 out/./fs/vfs//dcache.o
 .debug_frame   0x0000000000001540       0x40 out/./fs/vfs//fs_init.o
 .debug_frame   0x0000000000001580      0x190 out/./fs/vfs//fs_type.o
 .debug_frame   0x0000000000001710      0x3b0 out/./fs/vfs//icache.o
 .debug_frame   0x0000000000001ac0      0x160 out/./fs/vfs//mount.o
 .debug_frame   0x0000000000001c20       0xa0 out/./fs/vfs//path.o
 .debug_frame   0x0000000000001cc0      0x348 out/./fs/vfs//pcache.o
 .debug_frame   0x0000000000002008      0x190 out/./fs/vfs//super.o
 .debug_frame   0x0000000000002198      0x190 out/./fs/vfs//vfs.o
 .debug_frame   0x0000000000002328       0x70 out/./arch/riscv64//symbols.o
 .debug_frame   0x0000000000002398      0x100 out/./drivers/uart.o
 .debug_frame   0x0000000000002498      0x190 out/./drivers/virt_disk.o
 .debug_frame   0x0000000000002628       0x40 out/./drivers/virtio.o
 .debug_frame   0x0000000000002668      0x1f0 out/./lib/bitmap.o
 .debug_frame   0x0000000000002858      0x220 out/./lib/hashtable.o
 .debug_frame   0x0000000000002a78      0x370 out/./lib/lru.o
 .debug_frame   0x0000000000002de8       0xf8 out/./lib/printk.o
 .debug_frame   0x0000000000002ee0      0x190 out/./lib/string.o
 .debug_frame   0x0000000000003070      0x130 out/./lib/time.o
 .debug_frame   0x00000000000031a0       0x70 out/./lib/utils.o

.debug_rnglists
                0x0000000000000000       0x17
 .debug_rnglists
                0x0000000000000000       0x17 out/./drivers/virt_disk.o
