
There are no discarded input sections

Memory Configuration

Name             Origin             Length             Attributes
RAM              0x0000000080000000 0x0000000000200000 xrw
*default*        0x0000000000000000 0xffffffffffffffff

Linker script and memory map

                0x0000000000001000                STACK_SIZE = 0x1000
                0x0000000080000000                RAM_BASE = 0x80000000
                0x0000000000200000                RAM_SIZE = 0x200000
                0x0000000080000000                . = ORIGIN (RAM)

.text           0x0000000080000000     0xe000
 *(.text.boot)
 .text.boot     0x0000000080000000       0x3c out/./arch/riscv64//boot.o
                0x0000000080000000                _start
                0x0000000080001000                . = ALIGN (0x1000)
 *fill*         0x000000008000003c      0xfc4 
                0x0000000080001000                _text_start = .
 *(.text .text.*)
 .text          0x0000000080001000      0x850 out/.//elf.o
                0x0000000080001416                elf_parse
 .text          0x0000000080001850      0x440 out/.//init.o
                0x0000000080001a1a                read_csr_mc
                0x0000000080001a34                read_csr_mt
                0x0000000080001a4e                read_csr_mepc
                0x0000000080001a68                jump_to_kernel
                0x0000000080001bf0                init
 .text          0x0000000080001c90      0x19a out/.//malloc.o
                0x0000000080001c90                malloc_init
                0x0000000080001cc6                malloc
                0x0000000080001d68                page_alloc
                0x0000000080001e18                free
 .text          0x0000000080001e2a      0x9bc out/.//vm.o
                0x0000000080001ea0                get_child_pgtbl
                0x0000000080002000                page_walk
                0x0000000080002120                mmap
                0x0000000080002354                map_range
                0x000000008000256c                early_page_table_init
                0x00000000800027c4                vm_init
 .text          0x00000000800027e6      0x3b6 out/./fs/block_adapter.o
                0x00000000800027e6                block_adapter_register
                0x00000000800028ec                block_adapter_destory
                0x000000008000290a                block_adapter_open
                0x0000000080002974                block_adapter_read
                0x0000000080002a66                block_adapter_write
                0x0000000080002b58                block_adapter_get_block_size
                0x0000000080002b7a                block_adapter_get_sectors_per_block
 .text          0x0000000080002b9c       0xee out/./fs/block_device.o
                0x0000000080002b9c                block_device_register
                0x0000000080002c18                block_device_open
 .text          0x0000000080002c8a      0x90c out/./fs/ext2//ext2_block.o
                0x0000000080002d18                ext2_bno_group
                0x0000000080002d8c                ext2_alloc_bno
                0x0000000080002f72                ext2_release_bno
                0x000000008000328e                ext2_block_mapping
 .text          0x0000000080003596     0x10f4 out/./fs/ext2//ext2_cache.o
                0x00000000800035d8                ext2_sync_inode_bitmap_cache
                0x000000008000374c                ext2_load_inode_bitmap_cache
                0x0000000080003a04                ext2_sync_inode_table_cache
                0x0000000080003bbc                ext2_load_inode_table_cache
                0x0000000080003e78                ext2_select_inode_group
                0x0000000080003fa8                ext2_sync_block_bitmap_cache
                0x0000000080004124                ext2_load_block_bitmap_cache
                0x00000000800043d8                ext2_select_block_group
                0x0000000080004548                ext2_sync_cache
 .text          0x000000008000468a     0x101a out/./fs/ext2//ext2_dir.o
                0x0000000080004708                ext2_init_dot_entries
                0x0000000080004944                ext2_find
                0x0000000080004b26                ext2_init_new_inode
                0x00000000800051a8                ext2_init_new_entry
                0x0000000080005414                ext2_find_slot
                0x0000000080005540                ext2_add_entry
                0x000000008000568c                ext2_remove_entry
 .text          0x00000000800056a4      0x29c out/./fs/ext2//ext2_file.o
                0x00000000800056e6                ext2_file_read
                0x0000000080005920                ext2_file_write
 .text          0x0000000080005940      0xd18 out/./fs/ext2//ext2_inode.o
                0x0000000080005982                ext2_ino_group
                0x00000000800059b4                ext2_alloc_ino
                0x0000000080005bae                ext2_release_ino
                0x0000000080005daa                ext2_create_inode
                0x00000000800060b0                ext2_new_inode
                0x00000000800061da                ext2_read_inode
                0x00000000800064ae                ext2_write_inode
 .text          0x0000000080006658      0x374 out/./fs/ext2//ext2_namei.o
                0x000000008000669a                ext2_lookup
                0x000000008000694c                ext2_mkdir
                0x0000000080006980                ext2_rmdir
                0x0000000080006998                ext2_creat
 .text          0x00000000800069cc      0x26e out/./fs/ext2//ext2_page.o
                0x00000000800069cc                ext2_readpage
                0x0000000080006ad0                ext2_writepage
 .text          0x0000000080006c3a      0xaf2 out/./fs/ext2//ext2_super.o
                0x0000000080006c7c                ext2_fill_super
                0x00000000800074a0                ext2_kill_super
                0x00000000800074d4                ext2_sync_super
 .text          0x000000008000772c      0x8e6 out/./fs/vfs//dcache.o
                0x000000008000788e                vfs_create_dentry
                0x0000000080007a1e                vfs_destroy_dentry
                0x0000000080007c22                dcache_init
                0x0000000080007ca6                dcache_destroy
                0x0000000080007cc8                dnew
                0x0000000080007e38                dget
                0x0000000080007f92                dput
 .text          0x0000000080008012       0x30 out/./fs/vfs//fs_init.o
                0x0000000080008012                fs_init
 .text          0x0000000080008042      0x3c4 out/./fs/vfs//fs_type.o
                0x0000000080008158                fs_register
                0x000000008000827c                fs_unregister
                0x000000008000839e                fs_get
 .text          0x0000000080008406      0x95c out/./fs/vfs//icache.o
                0x0000000080008540                destroy_inode
                0x000000008000862c                create_inode
                0x000000008000877e                inew
                0x0000000080008960                icache_init
                0x00000000800089e4                icache_destroy
                0x0000000080008a06                iget
                0x0000000080008b90                iput
                0x0000000080008cf2                icache_sync
 .text          0x0000000080008d62      0x3c4 out/./fs/vfs//mount.o
                0x0000000080008e3e                mount
                0x0000000080009052                mount_rootfs
                0x000000008000910e                get_root
 .text          0x0000000080009126      0x3a0 out/./fs/vfs//path.o
                0x0000000080009168                path_split
                0x00000000800092aa                base_dir_split
 .text          0x00000000800094c6      0x6a0 out/./fs/vfs//pcache.o
                0x0000000080009838                pcache_init
                0x00000000800098bc                pcache_destory
                0x00000000800098de                pget
                0x00000000800099b0                pput
                0x0000000080009a4e                vfs_pcache_sync_func
                0x0000000080009af6                pcache_sync
 .text          0x0000000080009b66      0x2fe out/./fs/vfs//super.o
                0x0000000080009c7c                alloc_super
                0x0000000080009d44                free_super
                0x0000000080009db6                sync_super
 .text          0x0000000080009e64      0x534 out/./fs/vfs//vfs.o
                0x0000000080009ea6                lookup
                0x0000000080009f9c                mkdir
                0x000000008000a0a4                rmdir
                0x000000008000a0b8                open
                0x000000008000a13e                read
                0x000000008000a276                write
                0x000000008000a38a                vfs_test
 .text          0x000000008000a398      0x1ec out/./arch/riscv64//symbols.o
                0x000000008000a398                symbols_init
                0x000000008000a53e                zero_bss
 .text          0x000000008000a584      0x46e out/./arch/riscv64//trap_handler.o
                0x000000008000a6b2                trap_init
                0x000000008000a6d2                s_soft_interrupt_handler
                0x000000008000a6fa                m_soft_interrupt_handler
                0x000000008000a724                s_timer_interrupt_handler
                0x000000008000a73a                m_timer_interrupt_handler
                0x000000008000a750                s_extern_interrupt_handler
                0x000000008000a7ba                m_extern_interrupt_handler
                0x000000008000a824                trap_handler
                0x000000008000a9e0                page_fault_handler
 .text          0x000000008000a9f2      0x422 out/./drivers/time.o
                0x000000008000ab40                adjust_timezone
                0x000000008000ac98                system_time_to_unix_timestamp
                0x000000008000ad90                get_current_time
                0x000000008000add4                get_current_unix_timestamp
 .text          0x000000008000ae14      0x168 out/./drivers/uart.o
                0x000000008000ae14                uart_init
                0x000000008000aece                uart_putc
                0x000000008000af04                uart_getc
                0x000000008000af32                uart_puts
                0x000000008000af6e                uart0_iqr
 .text          0x000000008000af7c      0x774 out/./drivers/virt_disk.o
                0x000000008000b096                virt_disk_rw
                0x000000008000b3ba                virt_disk_get_capacity
                0x000000008000b3e6                disk_write_sector
                0x000000008000b414                disk_read_sector
                0x000000008000b442                virt_disk_init
 .text          0x000000008000b6f0      0x1b2 out/./drivers/virtio.o
                0x000000008000b6f0                virtio_blk_init
 .text          0x000000008000b8a2      0x44a out/./lib/bitmap.o
                0x000000008000b8a2                bitmap_create
                0x000000008000b92c                bitmap_destory
                0x000000008000b94a                bitmap_set_bit
                0x000000008000b9dc                bitmap_clear_bit
                0x000000008000ba72                bitmap_test_bit
                0x000000008000bafa                bitmap_get_size
                0x000000008000bb2c                bitmap_update_size
                0x000000008000bb6c                bitmap_get_bytes_num
                0x000000008000bba2                bitmap_get_size_in_bytes
                0x000000008000bbda                bitmap_scan_0
 .text          0x000000008000bcec      0x6a0 out/./lib/hashtable.o
                0x000000008000bde6                hashtable_init
                0x000000008000bff6                hashtable_destroy
                0x000000008000c066                hashtable_lookup
                0x000000008000c166                hashtable_insert
                0x000000008000c238                hashtable_remove
                0x000000008000c2d8                hashtable_size
                0x000000008000c332                hashtable_node_count
 .text          0x000000008000c38c      0xc2c out/./lib/lru.o
                0x000000008000c506                lru_init
                0x000000008000c6de                lru_node_init
                0x000000008000c75c                lru_destroy
                0x000000008000c80c                lru_hash_lookup
                0x000000008000c924                lru_hash_insert
                0x000000008000ca16                lru_hash_remove
                0x000000008000cb50                lru_cache_insert
                0x000000008000ccbc                lru_cache_remove
                0x000000008000cde0                lru_ref
                0x000000008000ce4a                lru_unref
                0x000000008000ced2                lru_walk
 .text          0x000000008000cfb8      0x4fc out/./lib/printk.o
                0x000000008000cfb8                num2char
                0x000000008000d154                _vsprint
                0x000000008000d376                _vprint
                0x000000008000d3f0                printk
                0x000000008000d444                panic
 .text          0x000000008000d4b4      0x348 out/./lib/string.o
                0x000000008000d4b4                memset
                0x000000008000d50e                memcpy
                0x000000008000d574                strcpy
                0x000000008000d5d6                strncpy
                0x000000008000d660                strlen
                0x000000008000d69e                strcmp
                0x000000008000d704                strncmp
                0x000000008000d7a8                strdup
 .text          0x000000008000d7fc       0xca out/./lib/utils.o
                0x000000008000d7fc                next_power_of_two
                0x000000008000d892                is_power_of_two
 .text          0x000000008000d8c6        0x0 out/./arch/riscv64//boot.o
 *fill*         0x000000008000d8c6        0x2 
 .text          0x000000008000d8c8       0xca out/./arch/riscv64//trap.o
                0x000000008000d8c8                m_trap_entry
                0x000000008000e000                . = ALIGN (0x1000)
 *fill*         0x000000008000d992      0x66e 
                0x000000008000e000                _text_end = .

.rodata         0x000000008000e000     0x3000
                0x000000008000e000                . = ALIGN (0x1000)
                0x000000008000e000                _rodata_start = .
 *(.rodata .rodata.* .srodata .srodata.*)
 .rodata        0x000000008000e000      0x342 out/.//elf.o
 *fill*         0x000000008000e342        0x6 
 .rodata        0x000000008000e348        0xc out/.//init.o
 *fill*         0x000000008000e354        0x4 
 .rodata        0x000000008000e358       0x1e out/.//malloc.o
 *fill*         0x000000008000e376        0x2 
 .rodata        0x000000008000e378      0x22a out/.//vm.o
 *fill*         0x000000008000e5a2        0x6 
 .srodata       0x000000008000e5a8        0x5 out/.//vm.o
 *fill*         0x000000008000e5ad        0x3 
 .rodata        0x000000008000e5b0      0x13b out/./fs/ext2//ext2_block.o
 *fill*         0x000000008000e6eb        0x5 
 .rodata        0x000000008000e6f0      0x310 out/./fs/ext2//ext2_cache.o
 .rodata        0x000000008000ea00      0x187 out/./fs/ext2//ext2_dir.o
 *fill*         0x000000008000eb87        0x1 
 .rodata        0x000000008000eb88      0x13f out/./fs/ext2//ext2_file.o
 *fill*         0x000000008000ecc7        0x1 
 .rodata        0x000000008000ecc8      0x2d1 out/./fs/ext2//ext2_inode.o
 *fill*         0x000000008000ef99        0x7 
 .rodata        0x000000008000efa0       0xb1 out/./fs/ext2//ext2_namei.o
 *fill*         0x000000008000f051        0x7 
 .rodata        0x000000008000f058      0x340 out/./fs/ext2//ext2_super.o
 .rodata        0x000000008000f398      0x2ac out/./fs/vfs//dcache.o
 *fill*         0x000000008000f644        0x4 
 .srodata       0x000000008000f648       0x15 out/./fs/vfs//dcache.o
 *fill*         0x000000008000f65d        0x3 
 .rodata        0x000000008000f660      0x146 out/./fs/vfs//fs_type.o
 *fill*         0x000000008000f7a6        0x2 
 .rodata        0x000000008000f7a8      0x304 out/./fs/vfs//icache.o
 *fill*         0x000000008000faac        0x4 
 .srodata       0x000000008000fab0       0x15 out/./fs/vfs//icache.o
 *fill*         0x000000008000fac5        0x3 
 .rodata        0x000000008000fac8      0x1f5 out/./fs/vfs//mount.o
 *fill*         0x000000008000fcbd        0x3 
 .srodata       0x000000008000fcc0        0x6 out/./fs/vfs//mount.o
 *fill*         0x000000008000fcc6        0x2 
 .rodata        0x000000008000fcc8       0xa7 out/./fs/vfs//path.o
 *fill*         0x000000008000fd6f        0x1 
 .rodata        0x000000008000fd70      0x21c out/./fs/vfs//pcache.o
 *fill*         0x000000008000ff8c        0x4 
 .srodata       0x000000008000ff90        0x5 out/./fs/vfs//pcache.o
 *fill*         0x000000008000ff95        0x3 
 .rodata        0x000000008000ff98      0x1d3 out/./fs/vfs//super.o
 *fill*         0x000000008001016b        0x5 
 .rodata        0x0000000080010170      0x134 out/./fs/vfs//vfs.o
 *fill*         0x00000000800102a4        0x4 
 .srodata       0x00000000800102a8       0x1e out/./fs/vfs//vfs.o
 *fill*         0x00000000800102c6        0x2 
 .rodata        0x00000000800102c8      0x238 out/./arch/riscv64//trap_handler.o
 .srodata       0x0000000080010500        0x8 out/./drivers/time.o
                0x0000000080010500                system_time
 .rodata        0x0000000080010508        0xc out/./drivers/time.o
 *fill*         0x0000000080010514        0x4 
 .rodata        0x0000000080010518       0x32 out/./drivers/virt_disk.o
 *fill*         0x000000008001054a        0x6 
 .rodata        0x0000000080010550       0x74 out/./lib/bitmap.o
 *fill*         0x00000000800105c4        0x4 
 .rodata        0x00000000800105c8      0x2a5 out/./lib/hashtable.o
 *fill*         0x000000008001086d        0x3 
 .rodata        0x0000000080010870      0x339 out/./lib/lru.o
 *fill*         0x0000000080010ba9        0x7 
 .srodata       0x0000000080010bb0        0x8 out/./lib/lru.o
 .rodata        0x0000000080010bb8       0x8a out/./lib/printk.o
                0x0000000080011000                . = ALIGN (0x1000)
 *fill*         0x0000000080010c42      0x3be 
                0x0000000080011000                _rodata_end = .

.rela.dyn       0x0000000080011000        0x0
 .rela.text     0x0000000080011000        0x0 out/.//elf.o
 .rela.text.boot
                0x0000000080011000        0x0 out/.//elf.o

.data           0x0000000080011000     0x1000
                0x0000000080011000                _data_start = .
                0x0000000080011000                . = ALIGN (0x1000)
 *(.data .data.* .sdata .sdata.*)
 .data          0x0000000080011000        0x0 out/.//elf.o
 .data          0x0000000080011000        0x0 out/.//init.o
 .data          0x0000000080011000        0x0 out/.//malloc.o
 .data          0x0000000080011000        0x0 out/.//vm.o
 .data          0x0000000080011000        0x0 out/./fs/block_adapter.o
 .data          0x0000000080011000        0x0 out/./fs/block_device.o
 .data          0x0000000080011000        0x0 out/./fs/ext2//ext2_block.o
 .data          0x0000000080011000        0x0 out/./fs/ext2//ext2_cache.o
 .data          0x0000000080011000        0x0 out/./fs/ext2//ext2_dir.o
 .data          0x0000000080011000       0x10 out/./fs/ext2//ext2_file.o
                0x0000000080011000                ext2_file_ops
 .data          0x0000000080011010       0x30 out/./fs/ext2//ext2_inode.o
                0x0000000080011010                ext2_s_ops
 .data          0x0000000080011040       0x18 out/./fs/ext2//ext2_namei.o
                0x0000000080011040                ext2_inode_ops
 .data          0x0000000080011058       0x10 out/./fs/ext2//ext2_page.o
                0x0000000080011058                ext2_aops
 .data          0x0000000080011068       0x48 out/./fs/ext2//ext2_super.o
                0x0000000080011068                ext2_fs_type
 .data          0x00000000800110b0        0x0 out/./fs/vfs//dcache.o
 .data          0x00000000800110b0        0x0 out/./fs/vfs//fs_init.o
 .data          0x00000000800110b0       0x10 out/./fs/vfs//fs_type.o
 .data          0x00000000800110c0        0x0 out/./fs/vfs//icache.o
 .data          0x00000000800110c0       0x10 out/./fs/vfs//mount.o
                0x00000000800110c0                vfs_mount_points
 .data          0x00000000800110d0        0x0 out/./fs/vfs//path.o
 .data          0x00000000800110d0        0x0 out/./fs/vfs//pcache.o
 .data          0x00000000800110d0       0x10 out/./fs/vfs//super.o
 .data          0x00000000800110e0        0x0 out/./fs/vfs//vfs.o
 .data          0x00000000800110e0        0x0 out/./arch/riscv64//symbols.o
 .data          0x00000000800110e0       0x58 out/./arch/riscv64//trap_handler.o
                0x00000000800110e0                interrupt_handlers
 .data          0x0000000080011138        0x0 out/./drivers/time.o
 .data          0x0000000080011138        0x0 out/./drivers/uart.o
 .data          0x0000000080011138        0x0 out/./drivers/virt_disk.o
 .data          0x0000000080011138        0x0 out/./drivers/virtio.o
 .sdata         0x0000000080011138        0x8 out/./drivers/virtio.o
                0x0000000080011138                virtio
 .data          0x0000000080011140        0x0 out/./lib/bitmap.o
 .data          0x0000000080011140        0x0 out/./lib/hashtable.o
 .data          0x0000000080011140        0x0 out/./lib/lru.o
 .data          0x0000000080011140        0x0 out/./lib/printk.o
 .data          0x0000000080011140        0x0 out/./lib/string.o
 .data          0x0000000080011140        0x0 out/./lib/utils.o
 .data          0x0000000080011140        0x0 out/./arch/riscv64//boot.o
 .data          0x0000000080011140        0x0 out/./arch/riscv64//trap.o
                0x0000000080012000                . = ALIGN (0x1000)
 *fill*         0x0000000080011140      0xec0 
                0x0000000080012000                _data_end = .

.bss            0x0000000080012000     0x2000
                0x0000000080012000                _bss_start = .
 *(.bss .bss.* .sbss)
 .bss           0x0000000080012000        0x0 out/.//elf.o
 .bss           0x0000000080012000        0x0 out/.//init.o
 .bss           0x0000000080012000       0x10 out/.//malloc.o
 .bss           0x0000000080012010        0x0 out/.//vm.o
 .sbss          0x0000000080012010        0x8 out/.//vm.o
                0x0000000080012010                early_pgd
 .bss           0x0000000080012018      0x100 out/./fs/block_adapter.o
                0x0000000080012018                block_adapter_registry
 .bss           0x0000000080012118      0x1c0 out/./fs/block_device.o
                0x0000000080012118                bdev_registry
 .bss           0x00000000800122d8        0x0 out/./fs/ext2//ext2_block.o
 .sbss          0x00000000800122d8        0xc out/./fs/ext2//ext2_block.o
                0x00000000800122d8                ext2_balloc_lock
                0x00000000800122e0                ext2_bfree_lock
 .bss           0x00000000800122e4        0x0 out/./fs/ext2//ext2_cache.o
 .bss           0x00000000800122e4        0x0 out/./fs/ext2//ext2_dir.o
 .bss           0x00000000800122e4        0x0 out/./fs/ext2//ext2_file.o
 .bss           0x00000000800122e4        0x0 out/./fs/ext2//ext2_inode.o
 .bss           0x00000000800122e4        0x0 out/./fs/ext2//ext2_namei.o
 .bss           0x00000000800122e4        0x0 out/./fs/ext2//ext2_page.o
 .bss           0x00000000800122e4        0x0 out/./fs/ext2//ext2_super.o
 .bss           0x00000000800122e4        0x0 out/./fs/vfs//dcache.o
 *fill*         0x00000000800122e4        0x4 
 .sbss          0x00000000800122e8        0x8 out/./fs/vfs//dcache.o
                0x00000000800122e8                global_dentry_cache
 .bss           0x00000000800122f0        0x0 out/./fs/vfs//fs_init.o
 .bss           0x00000000800122f0        0x0 out/./fs/vfs//fs_type.o
 .bss           0x00000000800122f0        0x0 out/./fs/vfs//icache.o
 .sbss          0x00000000800122f0        0x8 out/./fs/vfs//icache.o
                0x00000000800122f0                global_inode_cache
 .bss           0x00000000800122f8        0x8 out/./fs/vfs//mount.o
 .bss           0x0000000080012300       0x10 out/./fs/vfs//path.o
 .bss           0x0000000080012310        0x0 out/./fs/vfs//pcache.o
 .sbss          0x0000000080012310        0x8 out/./fs/vfs//pcache.o
                0x0000000080012310                global_page_cache
 .bss           0x0000000080012318        0x0 out/./fs/vfs//super.o
 .bss           0x0000000080012318        0x0 out/./fs/vfs//vfs.o
 .sbss          0x0000000080012318        0x8 out/./fs/vfs//vfs.o
                0x0000000080012318                current
 .bss           0x0000000080012320        0x0 out/./arch/riscv64//symbols.o
 .sbss          0x0000000080012320       0x90 out/./arch/riscv64//symbols.o
                0x0000000080012320                boot_text_start
                0x0000000080012328                boot_text_end
                0x0000000080012330                boot_text_size
                0x0000000080012338                boot_rodata_start
                0x0000000080012340                boot_rodata_end
                0x0000000080012348                boot_rodata_size
                0x0000000080012350                boot_data_start
                0x0000000080012358                boot_data_end
                0x0000000080012360                boot_data_size
                0x0000000080012368                boot_bss_start
                0x0000000080012370                boot_bss_end
                0x0000000080012378                boot_bss_size
                0x0000000080012380                boot_stack_start
                0x0000000080012388                boot_stack_end
                0x0000000080012390                boot_stack_size
                0x0000000080012398                boot_heap_start
                0x00000000800123a0                boot_heap_end
                0x00000000800123a8                boot_heap_size
 .bss           0x00000000800123b0        0x0 out/./arch/riscv64//trap_handler.o
 .bss           0x00000000800123b0        0x0 out/./drivers/time.o
 .bss           0x00000000800123b0        0x0 out/./drivers/uart.o
 .bss           0x00000000800123b0      0x150 out/./drivers/virt_disk.o
                0x00000000800123b0                virt_disk
                0x0000000080012468                avail
                0x0000000080012480                used
 .sbss          0x0000000080012500        0x1 out/./drivers/virt_disk.o
                0x0000000080012500                desc
 .bss           0x0000000080012501        0x0 out/./drivers/virtio.o
 .bss           0x0000000080012501        0x0 out/./lib/bitmap.o
 .bss           0x0000000080012501        0x0 out/./lib/hashtable.o
 .bss           0x0000000080012501        0x0 out/./lib/lru.o
 *fill*         0x0000000080012501        0x7 
 .bss           0x0000000080012508     0x1000 out/./lib/printk.o
 .bss           0x0000000080013508        0x0 out/./lib/string.o
 .bss           0x0000000080013508        0x0 out/./lib/utils.o
 .bss           0x0000000080013508        0x0 out/./arch/riscv64//boot.o
 .bss           0x0000000080013508        0x0 out/./arch/riscv64//trap.o
 *(COMMON)
                0x0000000080014000                . = ALIGN (0x1000)
 *fill*         0x0000000080013508      0xaf8 
                0x0000000080014000                _bss_end = .
                0x0000000080014000                . = ALIGN (0x1000)
                0x0000000080014000                _heap_start = .
                0x0000000080200000                _stack_end = (RAM_BASE + RAM_SIZE)
                0x00000000801ff000                _stack_start = (_stack_end - STACK_SIZE)
                0x00000000801ff000                _heap_end = _stack_start
                0x0000000080001000                PROVIDE (__text_start = _text_start)
                0x000000008000e000                PROVIDE (__text_end = _text_end)
                0x000000008000e000                PROVIDE (__rodata_start = _rodata_start)
                0x0000000080011000                PROVIDE (__rodata_end = _rodata_end)
                0x0000000080011000                PROVIDE (__data_start = _data_start)
                0x0000000080012000                PROVIDE (__data_end = _data_end)
                0x0000000080012000                PROVIDE (__bss_start = _bss_start)
                0x0000000080014000                PROVIDE (__bss_end = _bss_end)
                0x00000000801ff000                PROVIDE (__stack_start = _stack_start)
                0x0000000080200000                PROVIDE (__stack_end = _stack_end)
                0x0000000080014000                PROVIDE (__heap_start = _heap_start)
                0x00000000801ff000                PROVIDE (__heap_end = _heap_end)
LOAD out/.//elf.o
LOAD out/.//init.o
LOAD out/.//malloc.o
LOAD out/.//vm.o
LOAD out/./fs/block_adapter.o
LOAD out/./fs/block_device.o
LOAD out/./fs/ext2//ext2_block.o
LOAD out/./fs/ext2//ext2_cache.o
LOAD out/./fs/ext2//ext2_dir.o
LOAD out/./fs/ext2//ext2_file.o
LOAD out/./fs/ext2//ext2_inode.o
LOAD out/./fs/ext2//ext2_namei.o
LOAD out/./fs/ext2//ext2_page.o
LOAD out/./fs/ext2//ext2_super.o
LOAD out/./fs/vfs//dcache.o
LOAD out/./fs/vfs//fs_init.o
LOAD out/./fs/vfs//fs_type.o
LOAD out/./fs/vfs//icache.o
LOAD out/./fs/vfs//mount.o
LOAD out/./fs/vfs//path.o
LOAD out/./fs/vfs//pcache.o
LOAD out/./fs/vfs//super.o
LOAD out/./fs/vfs//vfs.o
LOAD out/./arch/riscv64//symbols.o
LOAD out/./arch/riscv64//trap_handler.o
LOAD out/./drivers/time.o
LOAD out/./drivers/uart.o
LOAD out/./drivers/virt_disk.o
LOAD out/./drivers/virtio.o
LOAD out/./lib/bitmap.o
LOAD out/./lib/hashtable.o
LOAD out/./lib/lru.o
LOAD out/./lib/printk.o
LOAD out/./lib/string.o
LOAD out/./lib/utils.o
LOAD out/./arch/riscv64//boot.o
LOAD out/./arch/riscv64//trap.o
OUTPUT(out/vboot.elf elf64-littleriscv)

.debug_info     0x0000000000000000    0x160f2
 .debug_info    0x0000000000000000      0x41e out/.//elf.o
 .debug_info    0x000000000000041e      0xf6e out/.//init.o
 .debug_info    0x000000000000138c      0x1ae out/.//malloc.o
 .debug_info    0x000000000000153a      0x66d out/.//vm.o
 .debug_info    0x0000000000001ba7      0x51c out/./fs/block_adapter.o
 .debug_info    0x00000000000020c3      0x214 out/./fs/block_device.o
 .debug_info    0x00000000000022d7     0x1594 out/./fs/ext2//ext2_block.o
 .debug_info    0x000000000000386b     0x1689 out/./fs/ext2//ext2_cache.o
 .debug_info    0x0000000000004ef4     0x135b out/./fs/ext2//ext2_dir.o
 .debug_info    0x000000000000624f      0xb2e out/./fs/ext2//ext2_file.o
 .debug_info    0x0000000000006d7d     0x15ae out/./fs/ext2//ext2_inode.o
 .debug_info    0x000000000000832b     0x1551 out/./fs/ext2//ext2_namei.o
 .debug_info    0x000000000000987c      0xdb6 out/./fs/ext2//ext2_page.o
 .debug_info    0x000000000000a632     0x1516 out/./fs/ext2//ext2_super.o
 .debug_info    0x000000000000bb48     0x10f2 out/./fs/vfs//dcache.o
 .debug_info    0x000000000000cc3a      0x962 out/./fs/vfs//fs_init.o
 .debug_info    0x000000000000d59c      0xb81 out/./fs/vfs//fs_type.o
 .debug_info    0x000000000000e11d     0x1205 out/./fs/vfs//icache.o
 .debug_info    0x000000000000f322      0xbea out/./fs/vfs//mount.o
 .debug_info    0x000000000000ff0c      0x2c2 out/./fs/vfs//path.o
 .debug_info    0x00000000000101ce     0x1065 out/./fs/vfs//pcache.o
 .debug_info    0x0000000000011233      0xb9d out/./fs/vfs//super.o
 .debug_info    0x0000000000011dd0      0xd9d out/./fs/vfs//vfs.o
 .debug_info    0x0000000000012b6d      0x2cf out/./arch/riscv64//symbols.o
 .debug_info    0x0000000000012e3c      0x544 out/./arch/riscv64//trap_handler.o
 .debug_info    0x0000000000013380      0x3b3 out/./drivers/time.o
 .debug_info    0x0000000000013733      0x19b out/./drivers/uart.o
 .debug_info    0x00000000000138ce      0x9e8 out/./drivers/virt_disk.o
 .debug_info    0x00000000000142b6      0x2f0 out/./drivers/virtio.o
 .debug_info    0x00000000000145a6      0x41d out/./lib/bitmap.o
 .debug_info    0x00000000000149c3      0x5df out/./lib/hashtable.o
 .debug_info    0x0000000000014fa2      0x98e out/./lib/lru.o
 .debug_info    0x0000000000015930      0x377 out/./lib/printk.o
 .debug_info    0x0000000000015ca7      0x363 out/./lib/string.o
 .debug_info    0x000000000001600a       0x97 out/./lib/utils.o
 .debug_info    0x00000000000160a1       0x28 out/./arch/riscv64//boot.o
 .debug_info    0x00000000000160c9       0x29 out/./arch/riscv64//trap.o

.debug_abbrev   0x0000000000000000     0x410b
 .debug_abbrev  0x0000000000000000      0x179 out/.//elf.o
 .debug_abbrev  0x0000000000000179      0x2dc out/.//init.o
 .debug_abbrev  0x0000000000000455      0x123 out/.//malloc.o
 .debug_abbrev  0x0000000000000578      0x1f2 out/.//vm.o
 .debug_abbrev  0x000000000000076a      0x1c0 out/./fs/block_adapter.o
 .debug_abbrev  0x000000000000092a      0x13f out/./fs/block_device.o
 .debug_abbrev  0x0000000000000a69      0x28b out/./fs/ext2//ext2_block.o
 .debug_abbrev  0x0000000000000cf4      0x23d out/./fs/ext2//ext2_cache.o
 .debug_abbrev  0x0000000000000f31      0x26b out/./fs/ext2//ext2_dir.o
 .debug_abbrev  0x000000000000119c      0x1f6 out/./fs/ext2//ext2_file.o
 .debug_abbrev  0x0000000000001392      0x269 out/./fs/ext2//ext2_inode.o
 .debug_abbrev  0x00000000000015fb      0x281 out/./fs/ext2//ext2_namei.o
 .debug_abbrev  0x000000000000187c      0x1f2 out/./fs/ext2//ext2_page.o
 .debug_abbrev  0x0000000000001a6e      0x282 out/./fs/ext2//ext2_super.o
 .debug_abbrev  0x0000000000001cf0      0x27b out/./fs/vfs//dcache.o
 .debug_abbrev  0x0000000000001f6b      0x18d out/./fs/vfs//fs_init.o
 .debug_abbrev  0x00000000000020f8      0x1e9 out/./fs/vfs//fs_type.o
 .debug_abbrev  0x00000000000022e1      0x2b3 out/./fs/vfs//icache.o
 .debug_abbrev  0x0000000000002594      0x228 out/./fs/vfs//mount.o
 .debug_abbrev  0x00000000000027bc      0x138 out/./fs/vfs//path.o
 .debug_abbrev  0x00000000000028f4      0x28f out/./fs/vfs//pcache.o
 .debug_abbrev  0x0000000000002b83      0x220 out/./fs/vfs//super.o
 .debug_abbrev  0x0000000000002da3      0x23f out/./fs/vfs//vfs.o
 .debug_abbrev  0x0000000000002fe2       0xc3 out/./arch/riscv64//symbols.o
 .debug_abbrev  0x00000000000030a5      0x26c out/./arch/riscv64//trap_handler.o
 .debug_abbrev  0x0000000000003311      0x1b7 out/./drivers/time.o
 .debug_abbrev  0x00000000000034c8      0x119 out/./drivers/uart.o
 .debug_abbrev  0x00000000000035e1      0x232 out/./drivers/virt_disk.o
 .debug_abbrev  0x0000000000003813       0xe8 out/./drivers/virtio.o
 .debug_abbrev  0x00000000000038fb      0x181 out/./lib/bitmap.o
 .debug_abbrev  0x0000000000003a7c      0x1b6 out/./lib/hashtable.o
 .debug_abbrev  0x0000000000003c32      0x1d7 out/./lib/lru.o
 .debug_abbrev  0x0000000000003e09      0x15d out/./lib/printk.o
 .debug_abbrev  0x0000000000003f66      0x109 out/./lib/string.o
 .debug_abbrev  0x000000000000406f       0x74 out/./lib/utils.o
 .debug_abbrev  0x00000000000040e3       0x14 out/./arch/riscv64//boot.o
 .debug_abbrev  0x00000000000040f7       0x14 out/./arch/riscv64//trap.o

.debug_aranges  0x0000000000000000      0x6f0
 .debug_aranges
                0x0000000000000000       0x30 out/.//elf.o
 .debug_aranges
                0x0000000000000030       0x30 out/.//init.o
 .debug_aranges
                0x0000000000000060       0x30 out/.//malloc.o
 .debug_aranges
                0x0000000000000090       0x30 out/.//vm.o
 .debug_aranges
                0x00000000000000c0       0x30 out/./fs/block_adapter.o
 .debug_aranges
                0x00000000000000f0       0x30 out/./fs/block_device.o
 .debug_aranges
                0x0000000000000120       0x30 out/./fs/ext2//ext2_block.o
 .debug_aranges
                0x0000000000000150       0x30 out/./fs/ext2//ext2_cache.o
 .debug_aranges
                0x0000000000000180       0x30 out/./fs/ext2//ext2_dir.o
 .debug_aranges
                0x00000000000001b0       0x30 out/./fs/ext2//ext2_file.o
 .debug_aranges
                0x00000000000001e0       0x30 out/./fs/ext2//ext2_inode.o
 .debug_aranges
                0x0000000000000210       0x30 out/./fs/ext2//ext2_namei.o
 .debug_aranges
                0x0000000000000240       0x30 out/./fs/ext2//ext2_page.o
 .debug_aranges
                0x0000000000000270       0x30 out/./fs/ext2//ext2_super.o
 .debug_aranges
                0x00000000000002a0       0x30 out/./fs/vfs//dcache.o
 .debug_aranges
                0x00000000000002d0       0x30 out/./fs/vfs//fs_init.o
 .debug_aranges
                0x0000000000000300       0x30 out/./fs/vfs//fs_type.o
 .debug_aranges
                0x0000000000000330       0x30 out/./fs/vfs//icache.o
 .debug_aranges
                0x0000000000000360       0x30 out/./fs/vfs//mount.o
 .debug_aranges
                0x0000000000000390       0x30 out/./fs/vfs//path.o
 .debug_aranges
                0x00000000000003c0       0x30 out/./fs/vfs//pcache.o
 .debug_aranges
                0x00000000000003f0       0x30 out/./fs/vfs//super.o
 .debug_aranges
                0x0000000000000420       0x30 out/./fs/vfs//vfs.o
 .debug_aranges
                0x0000000000000450       0x30 out/./arch/riscv64//symbols.o
 .debug_aranges
                0x0000000000000480       0x30 out/./arch/riscv64//trap_handler.o
 .debug_aranges
                0x00000000000004b0       0x30 out/./drivers/time.o
 .debug_aranges
                0x00000000000004e0       0x30 out/./drivers/uart.o
 .debug_aranges
                0x0000000000000510       0x30 out/./drivers/virt_disk.o
 .debug_aranges
                0x0000000000000540       0x30 out/./drivers/virtio.o
 .debug_aranges
                0x0000000000000570       0x30 out/./lib/bitmap.o
 .debug_aranges
                0x00000000000005a0       0x30 out/./lib/hashtable.o
 .debug_aranges
                0x00000000000005d0       0x30 out/./lib/lru.o
 .debug_aranges
                0x0000000000000600       0x30 out/./lib/printk.o
 .debug_aranges
                0x0000000000000630       0x30 out/./lib/string.o
 .debug_aranges
                0x0000000000000660       0x30 out/./lib/utils.o
 .debug_aranges
                0x0000000000000690       0x30 out/./arch/riscv64//boot.o
 .debug_aranges
                0x00000000000006c0       0x30 out/./arch/riscv64//trap.o

.debug_line     0x0000000000000000     0xabd4
 .debug_line    0x0000000000000000      0x46c out/.//elf.o
 .debug_line    0x000000000000046c      0x4c0 out/.//init.o
 .debug_line    0x000000000000092c      0x181 out/.//malloc.o
 .debug_line    0x0000000000000aad      0x701 out/.//vm.o
 .debug_line    0x00000000000011ae      0x42c out/./fs/block_adapter.o
 .debug_line    0x00000000000015da      0x125 out/./fs/block_device.o
 .debug_line    0x00000000000016ff      0x621 out/./fs/ext2//ext2_block.o
 .debug_line    0x0000000000001d20      0xdb0 out/./fs/ext2//ext2_cache.o
 .debug_line    0x0000000000002ad0      0x948 out/./fs/ext2//ext2_dir.o
 .debug_line    0x0000000000003418      0x2ca out/./fs/ext2//ext2_file.o
 .debug_line    0x00000000000036e2      0x81b out/./fs/ext2//ext2_inode.o
 .debug_line    0x0000000000003efd      0x306 out/./fs/ext2//ext2_namei.o
 .debug_line    0x0000000000004203      0x2b4 out/./fs/ext2//ext2_page.o
 .debug_line    0x00000000000044b7      0x82e out/./fs/ext2//ext2_super.o
 .debug_line    0x0000000000004ce5      0x7d6 out/./fs/vfs//dcache.o
 .debug_line    0x00000000000054bb       0xda out/./fs/vfs//fs_init.o
 .debug_line    0x0000000000005595      0x328 out/./fs/vfs//fs_type.o
 .debug_line    0x00000000000058bd      0x8ce out/./fs/vfs//icache.o
 .debug_line    0x000000000000618b      0x32e out/./fs/vfs//mount.o
 .debug_line    0x00000000000064b9      0x352 out/./fs/vfs//path.o
 .debug_line    0x000000000000680b      0x643 out/./fs/vfs//pcache.o
 .debug_line    0x0000000000006e4e      0x28f out/./fs/vfs//super.o
 .debug_line    0x00000000000070dd      0x4c9 out/./fs/vfs//vfs.o
 .debug_line    0x00000000000075a6      0x1c7 out/./arch/riscv64//symbols.o
 .debug_line    0x000000000000776d      0x445 out/./arch/riscv64//trap_handler.o
 .debug_line    0x0000000000007bb2      0x450 out/./drivers/time.o
 .debug_line    0x0000000000008002      0x1c5 out/./drivers/uart.o
 .debug_line    0x00000000000081c7      0x813 out/./drivers/virt_disk.o
 .debug_line    0x00000000000089da      0x1d4 out/./drivers/virtio.o
 .debug_line    0x0000000000008bae      0x440 out/./lib/bitmap.o
 .debug_line    0x0000000000008fee      0x5d2 out/./lib/hashtable.o
 .debug_line    0x00000000000095c0      0x936 out/./lib/lru.o
 .debug_line    0x0000000000009ef6      0x4da out/./lib/printk.o
 .debug_line    0x000000000000a3d0      0x3fa out/./lib/string.o
 .debug_line    0x000000000000a7ca      0x12a out/./lib/utils.o
 .debug_line    0x000000000000a8f4       0x94 out/./arch/riscv64//boot.o
 .debug_line    0x000000000000a988      0x24c out/./arch/riscv64//trap.o

.debug_str      0x0000000000000000     0x2533
 .debug_str     0x0000000000000000     0x2533 out/.//elf.o
                                        0x263 (size before relaxing)
 .debug_str     0x0000000000002533      0x77f out/.//init.o
 .debug_str     0x0000000000002533      0x14e out/.//malloc.o
 .debug_str     0x0000000000002533      0x301 out/.//vm.o
 .debug_str     0x0000000000002533      0x298 out/./fs/block_adapter.o
 .debug_str     0x0000000000002533      0x163 out/./fs/block_device.o
 .debug_str     0x0000000000002533      0xccd out/./fs/ext2//ext2_block.o
 .debug_str     0x0000000000002533      0xc92 out/./fs/ext2//ext2_cache.o
 .debug_str     0x0000000000002533      0x9a5 out/./fs/ext2//ext2_dir.o
 .debug_str     0x0000000000002533      0x600 out/./fs/ext2//ext2_file.o
 .debug_str     0x0000000000002533      0xca0 out/./fs/ext2//ext2_inode.o
 .debug_str     0x0000000000002533      0xd2b out/./fs/ext2//ext2_namei.o
 .debug_str     0x0000000000002533      0x76e out/./fs/ext2//ext2_page.o
 .debug_str     0x0000000000002533      0xce1 out/./fs/ext2//ext2_super.o
 .debug_str     0x0000000000002533      0x7af out/./fs/vfs//dcache.o
 .debug_str     0x0000000000002533      0x59e out/./fs/vfs//fs_init.o
 .debug_str     0x0000000000002533      0x5e2 out/./fs/vfs//fs_type.o
 .debug_str     0x0000000000002533      0x8a7 out/./fs/vfs//icache.o
 .debug_str     0x0000000000002533      0x651 out/./fs/vfs//mount.o
 .debug_str     0x0000000000002533      0x183 out/./fs/vfs//path.o
 .debug_str     0x0000000000002533      0x7a7 out/./fs/vfs//pcache.o
 .debug_str     0x0000000000002533      0x5f6 out/./fs/vfs//super.o
 .debug_str     0x0000000000002533      0x659 out/./fs/vfs//vfs.o
 .debug_str     0x0000000000002533      0x29c out/./arch/riscv64//symbols.o
 .debug_str     0x0000000000002533      0x29e out/./arch/riscv64//trap_handler.o
 .debug_str     0x0000000000002533      0x226 out/./drivers/time.o
 .debug_str     0x0000000000002533      0x12b out/./drivers/uart.o
 .debug_str     0x0000000000002533      0x580 out/./drivers/virt_disk.o
 .debug_str     0x0000000000002533      0x2b2 out/./drivers/virtio.o
 .debug_str     0x0000000000002533      0x1d4 out/./lib/bitmap.o
 .debug_str     0x0000000000002533      0x268 out/./lib/hashtable.o
 .debug_str     0x0000000000002533      0x33e out/./lib/lru.o
 .debug_str     0x0000000000002533      0x189 out/./lib/printk.o
 .debug_str     0x0000000000002533      0x126 out/./lib/string.o
 .debug_str     0x0000000000002533       0x9f out/./lib/utils.o
 .debug_str     0x0000000000002533       0x31 out/./arch/riscv64//boot.o
 .debug_str     0x0000000000002533       0x31 out/./arch/riscv64//trap.o

.debug_line_str
                0x0000000000000000      0x489
 .debug_line_str
                0x0000000000000000      0x489 out/.//elf.o
                                         0x69 (size before relaxing)
 .debug_line_str
                0x0000000000000489       0xfe out/.//init.o
 .debug_line_str
                0x0000000000000489       0x6b out/.//malloc.o
 .debug_line_str
                0x0000000000000489       0x8b out/.//vm.o
 .debug_line_str
                0x0000000000000489       0x87 out/./fs/block_adapter.o
 .debug_line_str
                0x0000000000000489       0x79 out/./fs/block_device.o
 .debug_line_str
                0x0000000000000489      0x11f out/./fs/ext2//ext2_block.o
 .debug_line_str
                0x0000000000000489      0x112 out/./fs/ext2//ext2_cache.o
 .debug_line_str
                0x0000000000000489      0x11b out/./fs/ext2//ext2_dir.o
 .debug_line_str
                0x0000000000000489       0xf0 out/./fs/ext2//ext2_file.o
 .debug_line_str
                0x0000000000000489      0x14a out/./fs/ext2//ext2_inode.o
 .debug_line_str
                0x0000000000000489      0x132 out/./fs/ext2//ext2_namei.o
 .debug_line_str
                0x0000000000000489      0x100 out/./fs/ext2//ext2_page.o
 .debug_line_str
                0x0000000000000489      0x128 out/./fs/ext2//ext2_super.o
 .debug_line_str
                0x0000000000000489       0xea out/./fs/vfs//dcache.o
 .debug_line_str
                0x0000000000000489      0x100 out/./fs/vfs//fs_init.o
 .debug_line_str
                0x0000000000000489       0xd6 out/./fs/vfs//fs_type.o
 .debug_line_str
                0x0000000000000489       0xf3 out/./fs/vfs//icache.o
 .debug_line_str
                0x0000000000000489       0xe5 out/./fs/vfs//mount.o
 .debug_line_str
                0x0000000000000489       0x6d out/./fs/vfs//path.o
 .debug_line_str
                0x0000000000000489       0xea out/./fs/vfs//pcache.o
 .debug_line_str
                0x0000000000000489       0xdb out/./fs/vfs//super.o
 .debug_line_str
                0x0000000000000489       0xed out/./fs/vfs//vfs.o
 .debug_line_str
                0x0000000000000489       0x68 out/./arch/riscv64//symbols.o
 .debug_line_str
                0x0000000000000489       0xab out/./arch/riscv64//trap_handler.o
 .debug_line_str
                0x0000000000000489       0x5a out/./drivers/time.o
 .debug_line_str
                0x0000000000000489       0x53 out/./drivers/uart.o
 .debug_line_str
                0x0000000000000489       0xa8 out/./drivers/virt_disk.o
 .debug_line_str
                0x0000000000000489       0x62 out/./drivers/virtio.o
 .debug_line_str
                0x0000000000000489       0x68 out/./lib/bitmap.o
 .debug_line_str
                0x0000000000000489       0x80 out/./lib/hashtable.o
 .debug_line_str
                0x0000000000000489       0x87 out/./lib/lru.o
 .debug_line_str
                0x0000000000000489       0x8d out/./lib/printk.o
 .debug_line_str
                0x0000000000000489       0x56 out/./lib/string.o
 .debug_line_str
                0x0000000000000489       0x40 out/./lib/utils.o
 .debug_line_str
                0x0000000000000489       0x25 out/./arch/riscv64//boot.o
 .debug_line_str
                0x0000000000000489       0x25 out/./arch/riscv64//trap.o

.comment        0x0000000000000000       0x22
 .comment       0x0000000000000000       0x22 out/.//elf.o
                                         0x23 (size before relaxing)
 .comment       0x0000000000000022       0x23 out/.//init.o
 .comment       0x0000000000000022       0x23 out/.//malloc.o
 .comment       0x0000000000000022       0x23 out/.//vm.o
 .comment       0x0000000000000022       0x23 out/./fs/block_adapter.o
 .comment       0x0000000000000022       0x23 out/./fs/block_device.o
 .comment       0x0000000000000022       0x23 out/./fs/ext2//ext2_block.o
 .comment       0x0000000000000022       0x23 out/./fs/ext2//ext2_cache.o
 .comment       0x0000000000000022       0x23 out/./fs/ext2//ext2_dir.o
 .comment       0x0000000000000022       0x23 out/./fs/ext2//ext2_file.o
 .comment       0x0000000000000022       0x23 out/./fs/ext2//ext2_inode.o
 .comment       0x0000000000000022       0x23 out/./fs/ext2//ext2_namei.o
 .comment       0x0000000000000022       0x23 out/./fs/ext2//ext2_page.o
 .comment       0x0000000000000022       0x23 out/./fs/ext2//ext2_super.o
 .comment       0x0000000000000022       0x23 out/./fs/vfs//dcache.o
 .comment       0x0000000000000022       0x23 out/./fs/vfs//fs_init.o
 .comment       0x0000000000000022       0x23 out/./fs/vfs//fs_type.o
 .comment       0x0000000000000022       0x23 out/./fs/vfs//icache.o
 .comment       0x0000000000000022       0x23 out/./fs/vfs//mount.o
 .comment       0x0000000000000022       0x23 out/./fs/vfs//path.o
 .comment       0x0000000000000022       0x23 out/./fs/vfs//pcache.o
 .comment       0x0000000000000022       0x23 out/./fs/vfs//super.o
 .comment       0x0000000000000022       0x23 out/./fs/vfs//vfs.o
 .comment       0x0000000000000022       0x23 out/./arch/riscv64//symbols.o
 .comment       0x0000000000000022       0x23 out/./arch/riscv64//trap_handler.o
 .comment       0x0000000000000022       0x23 out/./drivers/time.o
 .comment       0x0000000000000022       0x23 out/./drivers/uart.o
 .comment       0x0000000000000022       0x23 out/./drivers/virt_disk.o
 .comment       0x0000000000000022       0x23 out/./drivers/virtio.o
 .comment       0x0000000000000022       0x23 out/./lib/bitmap.o
 .comment       0x0000000000000022       0x23 out/./lib/hashtable.o
 .comment       0x0000000000000022       0x23 out/./lib/lru.o
 .comment       0x0000000000000022       0x23 out/./lib/printk.o
 .comment       0x0000000000000022       0x23 out/./lib/string.o
 .comment       0x0000000000000022       0x23 out/./lib/utils.o

.riscv.attributes
                0x0000000000000000       0x57
 .riscv.attributes
                0x0000000000000000       0x53 out/.//elf.o
 .riscv.attributes
                0x0000000000000053       0x57 out/.//init.o
 .riscv.attributes
                0x00000000000000aa       0x53 out/.//malloc.o
 .riscv.attributes
                0x00000000000000fd       0x57 out/.//vm.o
 .riscv.attributes
                0x0000000000000154       0x53 out/./fs/block_adapter.o
 .riscv.attributes
                0x00000000000001a7       0x53 out/./fs/block_device.o
 .riscv.attributes
                0x00000000000001fa       0x53 out/./fs/ext2//ext2_block.o
 .riscv.attributes
                0x000000000000024d       0x53 out/./fs/ext2//ext2_cache.o
 .riscv.attributes
                0x00000000000002a0       0x53 out/./fs/ext2//ext2_dir.o
 .riscv.attributes
                0x00000000000002f3       0x53 out/./fs/ext2//ext2_file.o
 .riscv.attributes
                0x0000000000000346       0x53 out/./fs/ext2//ext2_inode.o
 .riscv.attributes
                0x0000000000000399       0x53 out/./fs/ext2//ext2_namei.o
 .riscv.attributes
                0x00000000000003ec       0x53 out/./fs/ext2//ext2_page.o
 .riscv.attributes
                0x000000000000043f       0x53 out/./fs/ext2//ext2_super.o
 .riscv.attributes
                0x0000000000000492       0x53 out/./fs/vfs//dcache.o
 .riscv.attributes
                0x00000000000004e5       0x53 out/./fs/vfs//fs_init.o
 .riscv.attributes
                0x0000000000000538       0x53 out/./fs/vfs//fs_type.o
 .riscv.attributes
                0x000000000000058b       0x53 out/./fs/vfs//icache.o
 .riscv.attributes
                0x00000000000005de       0x53 out/./fs/vfs//mount.o
 .riscv.attributes
                0x0000000000000631       0x53 out/./fs/vfs//path.o
 .riscv.attributes
                0x0000000000000684       0x53 out/./fs/vfs//pcache.o
 .riscv.attributes
                0x00000000000006d7       0x53 out/./fs/vfs//super.o
 .riscv.attributes
                0x000000000000072a       0x53 out/./fs/vfs//vfs.o
 .riscv.attributes
                0x000000000000077d       0x53 out/./arch/riscv64//symbols.o
 .riscv.attributes
                0x00000000000007d0       0x57 out/./arch/riscv64//trap_handler.o
 .riscv.attributes
                0x0000000000000827       0x53 out/./drivers/time.o
 .riscv.attributes
                0x000000000000087a       0x53 out/./drivers/uart.o
 .riscv.attributes
                0x00000000000008cd       0x53 out/./drivers/virt_disk.o
 .riscv.attributes
                0x0000000000000920       0x53 out/./drivers/virtio.o
 .riscv.attributes
                0x0000000000000973       0x53 out/./lib/bitmap.o
 .riscv.attributes
                0x00000000000009c6       0x53 out/./lib/hashtable.o
 .riscv.attributes
                0x0000000000000a19       0x53 out/./lib/lru.o
 .riscv.attributes
                0x0000000000000a6c       0x53 out/./lib/printk.o
 .riscv.attributes
                0x0000000000000abf       0x53 out/./lib/string.o
 .riscv.attributes
                0x0000000000000b12       0x53 out/./lib/utils.o
 .riscv.attributes
                0x0000000000000b65       0x55 out/./arch/riscv64//boot.o
 .riscv.attributes
                0x0000000000000bba       0x55 out/./arch/riscv64//trap.o

.debug_frame    0x0000000000000000     0x3740
 .debug_frame   0x0000000000000000       0xa0 out/.//elf.o
 .debug_frame   0x00000000000000a0      0x430 out/.//init.o
 .debug_frame   0x00000000000004d0       0xd0 out/.//malloc.o
 .debug_frame   0x00000000000005a0      0x1c8 out/.//vm.o
 .debug_frame   0x0000000000000768      0x160 out/./fs/block_adapter.o
 .debug_frame   0x00000000000008c8       0x70 out/./fs/block_device.o
 .debug_frame   0x0000000000000938      0x190 out/./fs/ext2//ext2_block.o
 .debug_frame   0x0000000000000ac8      0x1f0 out/./fs/ext2//ext2_cache.o
 .debug_frame   0x0000000000000cb8      0x1f0 out/./fs/ext2//ext2_dir.o
 .debug_frame   0x0000000000000ea8       0xa0 out/./fs/ext2//ext2_file.o
 .debug_frame   0x0000000000000f48      0x190 out/./fs/ext2//ext2_inode.o
 .debug_frame   0x00000000000010d8      0x138 out/./fs/ext2//ext2_namei.o
 .debug_frame   0x0000000000001210       0x70 out/./fs/ext2//ext2_page.o
 .debug_frame   0x0000000000001280       0xd8 out/./fs/ext2//ext2_super.o
 .debug_frame   0x0000000000001358      0x3a8 out/./fs/vfs//dcache.o
 .debug_frame   0x0000000000001700       0x40 out/./fs/vfs//fs_init.o
 .debug_frame   0x0000000000001740      0x190 out/./fs/vfs//fs_type.o
 .debug_frame   0x00000000000018d0      0x3b0 out/./fs/vfs//icache.o
 .debug_frame   0x0000000000001c80      0x160 out/./fs/vfs//mount.o
 .debug_frame   0x0000000000001de0       0xa0 out/./fs/vfs//path.o
 .debug_frame   0x0000000000001e80      0x348 out/./fs/vfs//pcache.o
 .debug_frame   0x00000000000021c8      0x190 out/./fs/vfs//super.o
 .debug_frame   0x0000000000002358      0x190 out/./fs/vfs//vfs.o
 .debug_frame   0x00000000000024e8       0x70 out/./arch/riscv64//symbols.o
 .debug_frame   0x0000000000002558      0x370 out/./arch/riscv64//trap_handler.o
 .debug_frame   0x00000000000028c8      0x130 out/./drivers/time.o
 .debug_frame   0x00000000000029f8      0x100 out/./drivers/uart.o
 .debug_frame   0x0000000000002af8      0x190 out/./drivers/virt_disk.o
 .debug_frame   0x0000000000002c88       0x40 out/./drivers/virtio.o
 .debug_frame   0x0000000000002cc8      0x1f0 out/./lib/bitmap.o
 .debug_frame   0x0000000000002eb8      0x220 out/./lib/hashtable.o
 .debug_frame   0x00000000000030d8      0x370 out/./lib/lru.o
 .debug_frame   0x0000000000003448       0xf8 out/./lib/printk.o
 .debug_frame   0x0000000000003540      0x190 out/./lib/string.o
 .debug_frame   0x00000000000036d0       0x70 out/./lib/utils.o

.debug_rnglists
                0x0000000000000000       0x17
 .debug_rnglists
                0x0000000000000000       0x17 out/./drivers/virt_disk.o
