
There are no discarded input sections

Memory Configuration

Name             Origin             Length             Attributes
RAM              0x0000000080000000 0x0000000000200000 xrw
*default*        0x0000000000000000 0xffffffffffffffff

Linker script and memory map

                0x0000000000001000                STACK_SIZE = 0x1000
                0x0000000080000000                RAM_BASE = 0x80000000
                0x0000000000200000                RAM_SIZE = 0x200000
                0x0000000080000000                . = ORIGIN (RAM)

.text           0x0000000080000000     0xe000
 *(.text.boot)
 .text.boot     0x0000000080000000       0x3c out/./arch/riscv64//boot.o
                0x0000000080000000                _start
                0x0000000080001000                . = ALIGN (0x1000)
 *fill*         0x000000008000003c      0xfc4 
                0x0000000080001000                _text_start = .
 *(.text .text.*)
 .text          0x0000000080001000      0x850 out/.//elf.o
                0x0000000080001416                elf_parse
 .text          0x0000000080001850      0x47e out/.//init.o
                0x0000000080001a4e                jump_to_kernel
                0x0000000080001c1e                init
 .text          0x0000000080001cce      0x19a out/.//malloc.o
                0x0000000080001cce                malloc_init
                0x0000000080001d04                malloc
                0x0000000080001da6                page_alloc
                0x0000000080001e56                free
 .text          0x0000000080001e68      0x9bc out/.//vm.o
                0x0000000080001ede                get_child_pgtbl
                0x000000008000203e                page_walk
                0x000000008000215e                mmap
                0x0000000080002392                map_range
                0x00000000800025aa                early_page_table_init
                0x0000000080002802                vm_init
 .text          0x0000000080002824      0x3b6 out/./fs/block_adapter.o
                0x0000000080002824                block_adapter_register
                0x000000008000292a                block_adapter_destory
                0x0000000080002948                block_adapter_open
                0x00000000800029b2                block_adapter_read
                0x0000000080002aa4                block_adapter_write
                0x0000000080002b96                block_adapter_get_block_size
                0x0000000080002bb8                block_adapter_get_sectors_per_block
 .text          0x0000000080002bda       0xee out/./fs/block_device.o
                0x0000000080002bda                block_device_register
                0x0000000080002c56                block_device_open
 .text          0x0000000080002cc8      0x90c out/./fs/ext2//ext2_block.o
                0x0000000080002d56                ext2_bno_group
                0x0000000080002dca                ext2_alloc_bno
                0x0000000080002fb0                ext2_release_bno
                0x00000000800032cc                ext2_block_mapping
 .text          0x00000000800035d4     0x10f4 out/./fs/ext2//ext2_cache.o
                0x0000000080003616                ext2_sync_inode_bitmap_cache
                0x000000008000378a                ext2_load_inode_bitmap_cache
                0x0000000080003a42                ext2_sync_inode_table_cache
                0x0000000080003bfa                ext2_load_inode_table_cache
                0x0000000080003eb6                ext2_select_inode_group
                0x0000000080003fe6                ext2_sync_block_bitmap_cache
                0x0000000080004162                ext2_load_block_bitmap_cache
                0x0000000080004416                ext2_select_block_group
                0x0000000080004586                ext2_sync_cache
 .text          0x00000000800046c8     0x101a out/./fs/ext2//ext2_dir.o
                0x0000000080004746                ext2_init_dot_entries
                0x0000000080004982                ext2_find
                0x0000000080004b64                ext2_init_new_inode
                0x00000000800051e6                ext2_init_new_entry
                0x0000000080005452                ext2_find_slot
                0x000000008000557e                ext2_add_entry
                0x00000000800056ca                ext2_remove_entry
 .text          0x00000000800056e2      0x2bc out/./fs/ext2//ext2_file.o
                0x0000000080005724                ext2_file_read
                0x000000008000597e                ext2_file_write
 .text          0x000000008000599e      0xd18 out/./fs/ext2//ext2_inode.o
                0x00000000800059e0                ext2_ino_group
                0x0000000080005a12                ext2_alloc_ino
                0x0000000080005c0c                ext2_release_ino
                0x0000000080005e08                ext2_create_inode
                0x000000008000610e                ext2_new_inode
                0x0000000080006238                ext2_read_inode
                0x000000008000650c                ext2_write_inode
 .text          0x00000000800066b6      0x374 out/./fs/ext2//ext2_namei.o
                0x00000000800066f8                ext2_lookup
                0x00000000800069aa                ext2_mkdir
                0x00000000800069de                ext2_rmdir
                0x00000000800069f6                ext2_creat
 .text          0x0000000080006a2a      0x26e out/./fs/ext2//ext2_page.o
                0x0000000080006a2a                ext2_readpage
                0x0000000080006b2e                ext2_writepage
 .text          0x0000000080006c98      0xaf2 out/./fs/ext2//ext2_super.o
                0x0000000080006cda                ext2_fill_super
                0x00000000800074fe                ext2_kill_super
                0x0000000080007532                ext2_sync_super
 .text          0x000000008000778a      0x8e6 out/./fs/vfs//dcache.o
                0x00000000800078ec                vfs_create_dentry
                0x0000000080007a7c                vfs_destroy_dentry
                0x0000000080007c80                dcache_init
                0x0000000080007d04                dcache_destroy
                0x0000000080007d26                dnew
                0x0000000080007e96                dget
                0x0000000080007ff0                dput
 .text          0x0000000080008070       0x30 out/./fs/vfs//fs_init.o
                0x0000000080008070                fs_init
 .text          0x00000000800080a0      0x3c4 out/./fs/vfs//fs_type.o
                0x00000000800081b6                fs_register
                0x00000000800082da                fs_unregister
                0x00000000800083fc                fs_get
 .text          0x0000000080008464      0x95c out/./fs/vfs//icache.o
                0x000000008000859e                destroy_inode
                0x000000008000868a                create_inode
                0x00000000800087dc                inew
                0x00000000800089be                icache_init
                0x0000000080008a42                icache_destroy
                0x0000000080008a64                iget
                0x0000000080008bee                iput
                0x0000000080008d50                icache_sync
 .text          0x0000000080008dc0      0x3c4 out/./fs/vfs//mount.o
                0x0000000080008e9c                mount
                0x00000000800090b0                mount_rootfs
                0x000000008000916c                get_root
 .text          0x0000000080009184      0x3a0 out/./fs/vfs//path.o
                0x00000000800091c6                path_split
                0x0000000080009308                base_dir_split
 .text          0x0000000080009524      0x69c out/./fs/vfs//pcache.o
                0x0000000080009896                pcache_init
                0x000000008000991a                pcache_destory
                0x000000008000993c                pget
                0x0000000080009a0e                pput
                0x0000000080009aac                vfs_pcache_sync_func
                0x0000000080009b50                pcache_sync
 .text          0x0000000080009bc0      0x2fe out/./fs/vfs//super.o
                0x0000000080009cd6                alloc_super
                0x0000000080009d9e                free_super
                0x0000000080009e10                sync_super
 .text          0x0000000080009ebe      0x534 out/./fs/vfs//vfs.o
                0x0000000080009f00                lookup
                0x0000000080009ff6                mkdir
                0x000000008000a0fe                rmdir
                0x000000008000a112                open
                0x000000008000a198                read
                0x000000008000a2d0                write
                0x000000008000a3e4                vfs_test
 .text          0x000000008000a3f2      0x1ec out/./arch/riscv64//symbols.o
                0x000000008000a3f2                symbols_init
                0x000000008000a598                zero_bss
 .text          0x000000008000a5de      0x46e out/./arch/riscv64//trap_handler.o
                0x000000008000a70c                trap_init
                0x000000008000a72c                s_soft_interrupt_handler
                0x000000008000a754                m_soft_interrupt_handler
                0x000000008000a77e                s_timer_interrupt_handler
                0x000000008000a794                m_timer_interrupt_handler
                0x000000008000a7aa                s_extern_interrupt_handler
                0x000000008000a814                m_extern_interrupt_handler
                0x000000008000a87e                trap_handler
                0x000000008000aa3a                page_fault_handler
 .text          0x000000008000aa4c      0x422 out/./drivers/time.o
                0x000000008000ab9a                adjust_timezone
                0x000000008000acf2                system_time_to_unix_timestamp
                0x000000008000adea                get_current_time
                0x000000008000ae2e                get_current_unix_timestamp
 .text          0x000000008000ae6e      0x168 out/./drivers/uart.o
                0x000000008000ae6e                uart_init
                0x000000008000af28                uart_putc
                0x000000008000af5e                uart_getc
                0x000000008000af8c                uart_puts
                0x000000008000afc8                uart0_iqr
 .text          0x000000008000afd6      0x774 out/./drivers/virt_disk.o
                0x000000008000b0f0                virt_disk_rw
                0x000000008000b414                virt_disk_get_capacity
                0x000000008000b440                disk_write_sector
                0x000000008000b46e                disk_read_sector
                0x000000008000b49c                virt_disk_init
 .text          0x000000008000b74a      0x1b2 out/./drivers/virtio.o
                0x000000008000b74a                virtio_blk_init
 .text          0x000000008000b8fc      0x44a out/./lib/bitmap.o
                0x000000008000b8fc                bitmap_create
                0x000000008000b986                bitmap_destory
                0x000000008000b9a4                bitmap_set_bit
                0x000000008000ba36                bitmap_clear_bit
                0x000000008000bacc                bitmap_test_bit
                0x000000008000bb54                bitmap_get_size
                0x000000008000bb86                bitmap_update_size
                0x000000008000bbc6                bitmap_get_bytes_num
                0x000000008000bbfc                bitmap_get_size_in_bytes
                0x000000008000bc34                bitmap_scan_0
 .text          0x000000008000bd46      0x6a0 out/./lib/hashtable.o
                0x000000008000be40                hashtable_init
                0x000000008000c050                hashtable_destroy
                0x000000008000c0c0                hashtable_lookup
                0x000000008000c1c0                hashtable_insert
                0x000000008000c292                hashtable_remove
                0x000000008000c332                hashtable_size
                0x000000008000c38c                hashtable_node_count
 .text          0x000000008000c3e6      0xc2c out/./lib/lru.o
                0x000000008000c560                lru_init
                0x000000008000c738                lru_node_init
                0x000000008000c7b6                lru_destroy
                0x000000008000c866                lru_hash_lookup
                0x000000008000c97e                lru_hash_insert
                0x000000008000ca70                lru_hash_remove
                0x000000008000cbaa                lru_cache_insert
                0x000000008000cd16                lru_cache_remove
                0x000000008000ce3a                lru_ref
                0x000000008000cea4                lru_unref
                0x000000008000cf2c                lru_walk
 .text          0x000000008000d012      0x4fc out/./lib/printk.o
                0x000000008000d012                num2char
                0x000000008000d1ae                _vsprint
                0x000000008000d3d0                _vprint
                0x000000008000d44a                printk
                0x000000008000d49e                panic
 .text          0x000000008000d50e      0x348 out/./lib/string.o
                0x000000008000d50e                memset
                0x000000008000d568                memcpy
                0x000000008000d5ce                strcpy
                0x000000008000d630                strncpy
                0x000000008000d6ba                strlen
                0x000000008000d6f8                strcmp
                0x000000008000d75e                strncmp
                0x000000008000d802                strdup
 .text          0x000000008000d856       0xca out/./lib/utils.o
                0x000000008000d856                next_power_of_two
                0x000000008000d8ec                is_power_of_two
 .text          0x000000008000d920        0x0 out/./arch/riscv64//boot.o
 .text          0x000000008000d920       0xca out/./arch/riscv64//trap.o
                0x000000008000d920                m_trap_entry
                0x000000008000e000                . = ALIGN (0x1000)
 *fill*         0x000000008000d9ea      0x616 
                0x000000008000e000                _text_end = .

.rodata         0x000000008000e000     0x3000
                0x000000008000e000                . = ALIGN (0x1000)
                0x000000008000e000                _rodata_start = .
 *(.rodata .rodata.* .srodata .srodata.*)
 .rodata        0x000000008000e000      0x342 out/.//elf.o
 *fill*         0x000000008000e342        0x6 
 .rodata        0x000000008000e348       0x1f out/.//init.o
 *fill*         0x000000008000e367        0x1 
 .rodata        0x000000008000e368       0x1e out/.//malloc.o
 *fill*         0x000000008000e386        0x2 
 .rodata        0x000000008000e388      0x22a out/.//vm.o
 *fill*         0x000000008000e5b2        0x6 
 .srodata       0x000000008000e5b8        0x5 out/.//vm.o
 *fill*         0x000000008000e5bd        0x3 
 .rodata        0x000000008000e5c0      0x13b out/./fs/ext2//ext2_block.o
 *fill*         0x000000008000e6fb        0x5 
 .rodata        0x000000008000e700      0x310 out/./fs/ext2//ext2_cache.o
 .rodata        0x000000008000ea10      0x187 out/./fs/ext2//ext2_dir.o
 *fill*         0x000000008000eb97        0x1 
 .rodata        0x000000008000eb98      0x13f out/./fs/ext2//ext2_file.o
 *fill*         0x000000008000ecd7        0x1 
 .rodata        0x000000008000ecd8      0x2d1 out/./fs/ext2//ext2_inode.o
 *fill*         0x000000008000efa9        0x7 
 .rodata        0x000000008000efb0       0xb1 out/./fs/ext2//ext2_namei.o
 *fill*         0x000000008000f061        0x7 
 .rodata        0x000000008000f068      0x340 out/./fs/ext2//ext2_super.o
 .rodata        0x000000008000f3a8      0x2ac out/./fs/vfs//dcache.o
 *fill*         0x000000008000f654        0x4 
 .srodata       0x000000008000f658       0x15 out/./fs/vfs//dcache.o
 *fill*         0x000000008000f66d        0x3 
 .rodata        0x000000008000f670      0x146 out/./fs/vfs//fs_type.o
 *fill*         0x000000008000f7b6        0x2 
 .rodata        0x000000008000f7b8      0x304 out/./fs/vfs//icache.o
 *fill*         0x000000008000fabc        0x4 
 .srodata       0x000000008000fac0       0x15 out/./fs/vfs//icache.o
 *fill*         0x000000008000fad5        0x3 
 .rodata        0x000000008000fad8      0x1f5 out/./fs/vfs//mount.o
 *fill*         0x000000008000fccd        0x3 
 .srodata       0x000000008000fcd0        0x6 out/./fs/vfs//mount.o
 *fill*         0x000000008000fcd6        0x2 
 .rodata        0x000000008000fcd8       0xa7 out/./fs/vfs//path.o
 *fill*         0x000000008000fd7f        0x1 
 .rodata        0x000000008000fd80      0x21c out/./fs/vfs//pcache.o
 *fill*         0x000000008000ff9c        0x4 
 .srodata       0x000000008000ffa0        0x5 out/./fs/vfs//pcache.o
 *fill*         0x000000008000ffa5        0x3 
 .rodata        0x000000008000ffa8      0x1d3 out/./fs/vfs//super.o
 *fill*         0x000000008001017b        0x5 
 .rodata        0x0000000080010180      0x134 out/./fs/vfs//vfs.o
 *fill*         0x00000000800102b4        0x4 
 .srodata       0x00000000800102b8       0x1e out/./fs/vfs//vfs.o
 *fill*         0x00000000800102d6        0x2 
 .rodata        0x00000000800102d8      0x238 out/./arch/riscv64//trap_handler.o
 .srodata       0x0000000080010510        0x8 out/./drivers/time.o
                0x0000000080010510                system_time
 .rodata        0x0000000080010518        0xc out/./drivers/time.o
 *fill*         0x0000000080010524        0x4 
 .rodata        0x0000000080010528       0x32 out/./drivers/virt_disk.o
 *fill*         0x000000008001055a        0x6 
 .rodata        0x0000000080010560       0x74 out/./lib/bitmap.o
 *fill*         0x00000000800105d4        0x4 
 .rodata        0x00000000800105d8      0x2a5 out/./lib/hashtable.o
 *fill*         0x000000008001087d        0x3 
 .rodata        0x0000000080010880      0x339 out/./lib/lru.o
 *fill*         0x0000000080010bb9        0x7 
 .srodata       0x0000000080010bc0        0x8 out/./lib/lru.o
 .rodata        0x0000000080010bc8       0x8a out/./lib/printk.o
                0x0000000080011000                . = ALIGN (0x1000)
 *fill*         0x0000000080010c52      0x3ae 
                0x0000000080011000                _rodata_end = .

.rela.dyn       0x0000000080011000        0x0
 .rela.text     0x0000000080011000        0x0 out/.//elf.o
 .rela.text.boot
                0x0000000080011000        0x0 out/.//elf.o

.data           0x0000000080011000     0x1000
                0x0000000080011000                _data_start = .
                0x0000000080011000                . = ALIGN (0x1000)
 *(.data .data.* .sdata .sdata.*)
 .data          0x0000000080011000        0x0 out/.//elf.o
 .data          0x0000000080011000        0x0 out/.//init.o
 .data          0x0000000080011000        0x0 out/.//malloc.o
 .data          0x0000000080011000        0x0 out/.//vm.o
 .data          0x0000000080011000        0x0 out/./fs/block_adapter.o
 .data          0x0000000080011000        0x0 out/./fs/block_device.o
 .data          0x0000000080011000        0x0 out/./fs/ext2//ext2_block.o
 .data          0x0000000080011000        0x0 out/./fs/ext2//ext2_cache.o
 .data          0x0000000080011000        0x0 out/./fs/ext2//ext2_dir.o
 .data          0x0000000080011000       0x10 out/./fs/ext2//ext2_file.o
                0x0000000080011000                ext2_file_ops
 .data          0x0000000080011010       0x30 out/./fs/ext2//ext2_inode.o
                0x0000000080011010                ext2_s_ops
 .data          0x0000000080011040       0x18 out/./fs/ext2//ext2_namei.o
                0x0000000080011040                ext2_inode_ops
 .data          0x0000000080011058       0x10 out/./fs/ext2//ext2_page.o
                0x0000000080011058                ext2_aops
 .data          0x0000000080011068       0x48 out/./fs/ext2//ext2_super.o
                0x0000000080011068                ext2_fs_type
 .data          0x00000000800110b0        0x0 out/./fs/vfs//dcache.o
 .data          0x00000000800110b0        0x0 out/./fs/vfs//fs_init.o
 .data          0x00000000800110b0       0x10 out/./fs/vfs//fs_type.o
 .data          0x00000000800110c0        0x0 out/./fs/vfs//icache.o
 .data          0x00000000800110c0       0x10 out/./fs/vfs//mount.o
                0x00000000800110c0                vfs_mount_points
 .data          0x00000000800110d0        0x0 out/./fs/vfs//path.o
 .data          0x00000000800110d0        0x0 out/./fs/vfs//pcache.o
 .data          0x00000000800110d0       0x10 out/./fs/vfs//super.o
 .data          0x00000000800110e0        0x0 out/./fs/vfs//vfs.o
 .data          0x00000000800110e0        0x0 out/./arch/riscv64//symbols.o
 .data          0x00000000800110e0       0x58 out/./arch/riscv64//trap_handler.o
                0x00000000800110e0                interrupt_handlers
 .data          0x0000000080011138        0x0 out/./drivers/time.o
 .data          0x0000000080011138        0x0 out/./drivers/uart.o
 .data          0x0000000080011138        0x0 out/./drivers/virt_disk.o
 .data          0x0000000080011138        0x0 out/./drivers/virtio.o
 .sdata         0x0000000080011138        0x8 out/./drivers/virtio.o
                0x0000000080011138                virtio
 .data          0x0000000080011140        0x0 out/./lib/bitmap.o
 .data          0x0000000080011140        0x0 out/./lib/hashtable.o
 .data          0x0000000080011140        0x0 out/./lib/lru.o
 .data          0x0000000080011140        0x0 out/./lib/printk.o
 .data          0x0000000080011140        0x0 out/./lib/string.o
 .data          0x0000000080011140        0x0 out/./lib/utils.o
 .data          0x0000000080011140        0x0 out/./arch/riscv64//boot.o
 .data          0x0000000080011140        0x0 out/./arch/riscv64//trap.o
                0x0000000080012000                . = ALIGN (0x1000)
 *fill*         0x0000000080011140      0xec0 
                0x0000000080012000                _data_end = .

.bss            0x0000000080012000     0x2000
                0x0000000080012000                _bss_start = .
 *(.bss .bss.* .sbss)
 .bss           0x0000000080012000        0x0 out/.//elf.o
 .bss           0x0000000080012000        0x0 out/.//init.o
 .bss           0x0000000080012000       0x10 out/.//malloc.o
 .bss           0x0000000080012010        0x0 out/.//vm.o
 .sbss          0x0000000080012010        0x8 out/.//vm.o
                0x0000000080012010                early_pgd
 .bss           0x0000000080012018      0x100 out/./fs/block_adapter.o
                0x0000000080012018                block_adapter_registry
 .bss           0x0000000080012118      0x1c0 out/./fs/block_device.o
                0x0000000080012118                bdev_registry
 .bss           0x00000000800122d8        0x0 out/./fs/ext2//ext2_block.o
 .sbss          0x00000000800122d8        0xc out/./fs/ext2//ext2_block.o
                0x00000000800122d8                ext2_balloc_lock
                0x00000000800122e0                ext2_bfree_lock
 .bss           0x00000000800122e4        0x0 out/./fs/ext2//ext2_cache.o
 .bss           0x00000000800122e4        0x0 out/./fs/ext2//ext2_dir.o
 .bss           0x00000000800122e4        0x0 out/./fs/ext2//ext2_file.o
 .bss           0x00000000800122e4        0x0 out/./fs/ext2//ext2_inode.o
 .bss           0x00000000800122e4        0x0 out/./fs/ext2//ext2_namei.o
 .bss           0x00000000800122e4        0x0 out/./fs/ext2//ext2_page.o
 .bss           0x00000000800122e4        0x0 out/./fs/ext2//ext2_super.o
 .bss           0x00000000800122e4        0x0 out/./fs/vfs//dcache.o
 *fill*         0x00000000800122e4        0x4 
 .sbss          0x00000000800122e8        0x8 out/./fs/vfs//dcache.o
                0x00000000800122e8                global_dentry_cache
 .bss           0x00000000800122f0        0x0 out/./fs/vfs//fs_init.o
 .bss           0x00000000800122f0        0x0 out/./fs/vfs//fs_type.o
 .bss           0x00000000800122f0        0x0 out/./fs/vfs//icache.o
 .sbss          0x00000000800122f0        0x8 out/./fs/vfs//icache.o
                0x00000000800122f0                global_inode_cache
 .bss           0x00000000800122f8        0x8 out/./fs/vfs//mount.o
 .bss           0x0000000080012300       0x10 out/./fs/vfs//path.o
 .bss           0x0000000080012310        0x0 out/./fs/vfs//pcache.o
 .sbss          0x0000000080012310        0x8 out/./fs/vfs//pcache.o
                0x0000000080012310                global_page_cache
 .bss           0x0000000080012318        0x0 out/./fs/vfs//super.o
 .bss           0x0000000080012318        0x0 out/./fs/vfs//vfs.o
 .sbss          0x0000000080012318        0x8 out/./fs/vfs//vfs.o
                0x0000000080012318                current
 .bss           0x0000000080012320        0x0 out/./arch/riscv64//symbols.o
 .sbss          0x0000000080012320       0x90 out/./arch/riscv64//symbols.o
                0x0000000080012320                boot_text_start
                0x0000000080012328                boot_text_end
                0x0000000080012330                boot_text_size
                0x0000000080012338                boot_rodata_start
                0x0000000080012340                boot_rodata_end
                0x0000000080012348                boot_rodata_size
                0x0000000080012350                boot_data_start
                0x0000000080012358                boot_data_end
                0x0000000080012360                boot_data_size
                0x0000000080012368                boot_bss_start
                0x0000000080012370                boot_bss_end
                0x0000000080012378                boot_bss_size
                0x0000000080012380                boot_stack_start
                0x0000000080012388                boot_stack_end
                0x0000000080012390                boot_stack_size
                0x0000000080012398                boot_heap_start
                0x00000000800123a0                boot_heap_end
                0x00000000800123a8                boot_heap_size
 .bss           0x00000000800123b0        0x0 out/./arch/riscv64//trap_handler.o
 .bss           0x00000000800123b0        0x0 out/./drivers/time.o
 .bss           0x00000000800123b0        0x0 out/./drivers/uart.o
 .bss           0x00000000800123b0      0x150 out/./drivers/virt_disk.o
                0x00000000800123b0                virt_disk
                0x0000000080012468                avail
                0x0000000080012480                used
 .sbss          0x0000000080012500        0x1 out/./drivers/virt_disk.o
                0x0000000080012500                desc
 .bss           0x0000000080012501        0x0 out/./drivers/virtio.o
 .bss           0x0000000080012501        0x0 out/./lib/bitmap.o
 .bss           0x0000000080012501        0x0 out/./lib/hashtable.o
 .bss           0x0000000080012501        0x0 out/./lib/lru.o
 *fill*         0x0000000080012501        0x7 
 .bss           0x0000000080012508     0x1000 out/./lib/printk.o
 .bss           0x0000000080013508        0x0 out/./lib/string.o
 .bss           0x0000000080013508        0x0 out/./lib/utils.o
 .bss           0x0000000080013508        0x0 out/./arch/riscv64//boot.o
 .bss           0x0000000080013508        0x0 out/./arch/riscv64//trap.o
 *(COMMON)
                0x0000000080014000                . = ALIGN (0x1000)
 *fill*         0x0000000080013508      0xaf8 
                0x0000000080014000                _bss_end = .
                0x0000000080014000                . = ALIGN (0x1000)
                0x0000000080014000                _heap_start = .
                0x0000000080200000                _stack_end = (RAM_BASE + RAM_SIZE)
                0x00000000801ff000                _stack_start = (_stack_end - STACK_SIZE)
                0x00000000801ff000                _heap_end = _stack_start
                0x0000000080001000                PROVIDE (__text_start = _text_start)
                0x000000008000e000                PROVIDE (__text_end = _text_end)
                0x000000008000e000                PROVIDE (__rodata_start = _rodata_start)
                0x0000000080011000                PROVIDE (__rodata_end = _rodata_end)
                0x0000000080011000                PROVIDE (__data_start = _data_start)
                0x0000000080012000                PROVIDE (__data_end = _data_end)
                0x0000000080012000                PROVIDE (__bss_start = _bss_start)
                0x0000000080014000                PROVIDE (__bss_end = _bss_end)
                0x00000000801ff000                PROVIDE (__stack_start = _stack_start)
                0x0000000080200000                PROVIDE (__stack_end = _stack_end)
                0x0000000080014000                PROVIDE (__heap_start = _heap_start)
                0x00000000801ff000                PROVIDE (__heap_end = _heap_end)
LOAD out/.//elf.o
LOAD out/.//init.o
LOAD out/.//malloc.o
LOAD out/.//vm.o
LOAD out/./fs/block_adapter.o
LOAD out/./fs/block_device.o
LOAD out/./fs/ext2//ext2_block.o
LOAD out/./fs/ext2//ext2_cache.o
LOAD out/./fs/ext2//ext2_dir.o
LOAD out/./fs/ext2//ext2_file.o
LOAD out/./fs/ext2//ext2_inode.o
LOAD out/./fs/ext2//ext2_namei.o
LOAD out/./fs/ext2//ext2_page.o
LOAD out/./fs/ext2//ext2_super.o
LOAD out/./fs/vfs//dcache.o
LOAD out/./fs/vfs//fs_init.o
LOAD out/./fs/vfs//fs_type.o
LOAD out/./fs/vfs//icache.o
LOAD out/./fs/vfs//mount.o
LOAD out/./fs/vfs//path.o
LOAD out/./fs/vfs//pcache.o
LOAD out/./fs/vfs//super.o
LOAD out/./fs/vfs//vfs.o
LOAD out/./arch/riscv64//symbols.o
LOAD out/./arch/riscv64//trap_handler.o
LOAD out/./drivers/time.o
LOAD out/./drivers/uart.o
LOAD out/./drivers/virt_disk.o
LOAD out/./drivers/virtio.o
LOAD out/./lib/bitmap.o
LOAD out/./lib/hashtable.o
LOAD out/./lib/lru.o
LOAD out/./lib/printk.o
LOAD out/./lib/string.o
LOAD out/./lib/utils.o
LOAD out/./arch/riscv64//boot.o
LOAD out/./arch/riscv64//trap.o
OUTPUT(out/vboot.elf elf64-littleriscv)

.debug_info     0x0000000000000000    0x160cf
 .debug_info    0x0000000000000000      0x41e out/.//elf.o
 .debug_info    0x000000000000041e      0xf5a out/.//init.o
 .debug_info    0x0000000000001378      0x1ae out/.//malloc.o
 .debug_info    0x0000000000001526      0x66d out/.//vm.o
 .debug_info    0x0000000000001b93      0x51c out/./fs/block_adapter.o
 .debug_info    0x00000000000020af      0x214 out/./fs/block_device.o
 .debug_info    0x00000000000022c3     0x1594 out/./fs/ext2//ext2_block.o
 .debug_info    0x0000000000003857     0x1689 out/./fs/ext2//ext2_cache.o
 .debug_info    0x0000000000004ee0     0x135b out/./fs/ext2//ext2_dir.o
 .debug_info    0x000000000000623b      0xb2e out/./fs/ext2//ext2_file.o
 .debug_info    0x0000000000006d69     0x15ae out/./fs/ext2//ext2_inode.o
 .debug_info    0x0000000000008317     0x1551 out/./fs/ext2//ext2_namei.o
 .debug_info    0x0000000000009868      0xdb6 out/./fs/ext2//ext2_page.o
 .debug_info    0x000000000000a61e     0x1516 out/./fs/ext2//ext2_super.o
 .debug_info    0x000000000000bb34     0x10f2 out/./fs/vfs//dcache.o
 .debug_info    0x000000000000cc26      0x962 out/./fs/vfs//fs_init.o
 .debug_info    0x000000000000d588      0xb81 out/./fs/vfs//fs_type.o
 .debug_info    0x000000000000e109     0x1205 out/./fs/vfs//icache.o
 .debug_info    0x000000000000f30e      0xbea out/./fs/vfs//mount.o
 .debug_info    0x000000000000fef8      0x2c2 out/./fs/vfs//path.o
 .debug_info    0x00000000000101ba     0x1056 out/./fs/vfs//pcache.o
 .debug_info    0x0000000000011210      0xb9d out/./fs/vfs//super.o
 .debug_info    0x0000000000011dad      0xd9d out/./fs/vfs//vfs.o
 .debug_info    0x0000000000012b4a      0x2cf out/./arch/riscv64//symbols.o
 .debug_info    0x0000000000012e19      0x544 out/./arch/riscv64//trap_handler.o
 .debug_info    0x000000000001335d      0x3b3 out/./drivers/time.o
 .debug_info    0x0000000000013710      0x19b out/./drivers/uart.o
 .debug_info    0x00000000000138ab      0x9e8 out/./drivers/virt_disk.o
 .debug_info    0x0000000000014293      0x2f0 out/./drivers/virtio.o
 .debug_info    0x0000000000014583      0x41d out/./lib/bitmap.o
 .debug_info    0x00000000000149a0      0x5df out/./lib/hashtable.o
 .debug_info    0x0000000000014f7f      0x98e out/./lib/lru.o
 .debug_info    0x000000000001590d      0x377 out/./lib/printk.o
 .debug_info    0x0000000000015c84      0x363 out/./lib/string.o
 .debug_info    0x0000000000015fe7       0x97 out/./lib/utils.o
 .debug_info    0x000000000001607e       0x28 out/./arch/riscv64//boot.o
 .debug_info    0x00000000000160a6       0x29 out/./arch/riscv64//trap.o

.debug_abbrev   0x0000000000000000     0x40ec
 .debug_abbrev  0x0000000000000000      0x179 out/.//elf.o
 .debug_abbrev  0x0000000000000179      0x2bd out/.//init.o
 .debug_abbrev  0x0000000000000436      0x123 out/.//malloc.o
 .debug_abbrev  0x0000000000000559      0x1f2 out/.//vm.o
 .debug_abbrev  0x000000000000074b      0x1c0 out/./fs/block_adapter.o
 .debug_abbrev  0x000000000000090b      0x13f out/./fs/block_device.o
 .debug_abbrev  0x0000000000000a4a      0x28b out/./fs/ext2//ext2_block.o
 .debug_abbrev  0x0000000000000cd5      0x23d out/./fs/ext2//ext2_cache.o
 .debug_abbrev  0x0000000000000f12      0x26b out/./fs/ext2//ext2_dir.o
 .debug_abbrev  0x000000000000117d      0x1f6 out/./fs/ext2//ext2_file.o
 .debug_abbrev  0x0000000000001373      0x269 out/./fs/ext2//ext2_inode.o
 .debug_abbrev  0x00000000000015dc      0x281 out/./fs/ext2//ext2_namei.o
 .debug_abbrev  0x000000000000185d      0x1f2 out/./fs/ext2//ext2_page.o
 .debug_abbrev  0x0000000000001a4f      0x282 out/./fs/ext2//ext2_super.o
 .debug_abbrev  0x0000000000001cd1      0x27b out/./fs/vfs//dcache.o
 .debug_abbrev  0x0000000000001f4c      0x18d out/./fs/vfs//fs_init.o
 .debug_abbrev  0x00000000000020d9      0x1e9 out/./fs/vfs//fs_type.o
 .debug_abbrev  0x00000000000022c2      0x2b3 out/./fs/vfs//icache.o
 .debug_abbrev  0x0000000000002575      0x228 out/./fs/vfs//mount.o
 .debug_abbrev  0x000000000000279d      0x138 out/./fs/vfs//path.o
 .debug_abbrev  0x00000000000028d5      0x28f out/./fs/vfs//pcache.o
 .debug_abbrev  0x0000000000002b64      0x220 out/./fs/vfs//super.o
 .debug_abbrev  0x0000000000002d84      0x23f out/./fs/vfs//vfs.o
 .debug_abbrev  0x0000000000002fc3       0xc3 out/./arch/riscv64//symbols.o
 .debug_abbrev  0x0000000000003086      0x26c out/./arch/riscv64//trap_handler.o
 .debug_abbrev  0x00000000000032f2      0x1b7 out/./drivers/time.o
 .debug_abbrev  0x00000000000034a9      0x119 out/./drivers/uart.o
 .debug_abbrev  0x00000000000035c2      0x232 out/./drivers/virt_disk.o
 .debug_abbrev  0x00000000000037f4       0xe8 out/./drivers/virtio.o
 .debug_abbrev  0x00000000000038dc      0x181 out/./lib/bitmap.o
 .debug_abbrev  0x0000000000003a5d      0x1b6 out/./lib/hashtable.o
 .debug_abbrev  0x0000000000003c13      0x1d7 out/./lib/lru.o
 .debug_abbrev  0x0000000000003dea      0x15d out/./lib/printk.o
 .debug_abbrev  0x0000000000003f47      0x109 out/./lib/string.o
 .debug_abbrev  0x0000000000004050       0x74 out/./lib/utils.o
 .debug_abbrev  0x00000000000040c4       0x14 out/./arch/riscv64//boot.o
 .debug_abbrev  0x00000000000040d8       0x14 out/./arch/riscv64//trap.o

.debug_aranges  0x0000000000000000      0x6f0
 .debug_aranges
                0x0000000000000000       0x30 out/.//elf.o
 .debug_aranges
                0x0000000000000030       0x30 out/.//init.o
 .debug_aranges
                0x0000000000000060       0x30 out/.//malloc.o
 .debug_aranges
                0x0000000000000090       0x30 out/.//vm.o
 .debug_aranges
                0x00000000000000c0       0x30 out/./fs/block_adapter.o
 .debug_aranges
                0x00000000000000f0       0x30 out/./fs/block_device.o
 .debug_aranges
                0x0000000000000120       0x30 out/./fs/ext2//ext2_block.o
 .debug_aranges
                0x0000000000000150       0x30 out/./fs/ext2//ext2_cache.o
 .debug_aranges
                0x0000000000000180       0x30 out/./fs/ext2//ext2_dir.o
 .debug_aranges
                0x00000000000001b0       0x30 out/./fs/ext2//ext2_file.o
 .debug_aranges
                0x00000000000001e0       0x30 out/./fs/ext2//ext2_inode.o
 .debug_aranges
                0x0000000000000210       0x30 out/./fs/ext2//ext2_namei.o
 .debug_aranges
                0x0000000000000240       0x30 out/./fs/ext2//ext2_page.o
 .debug_aranges
                0x0000000000000270       0x30 out/./fs/ext2//ext2_super.o
 .debug_aranges
                0x00000000000002a0       0x30 out/./fs/vfs//dcache.o
 .debug_aranges
                0x00000000000002d0       0x30 out/./fs/vfs//fs_init.o
 .debug_aranges
                0x0000000000000300       0x30 out/./fs/vfs//fs_type.o
 .debug_aranges
                0x0000000000000330       0x30 out/./fs/vfs//icache.o
 .debug_aranges
                0x0000000000000360       0x30 out/./fs/vfs//mount.o
 .debug_aranges
                0x0000000000000390       0x30 out/./fs/vfs//path.o
 .debug_aranges
                0x00000000000003c0       0x30 out/./fs/vfs//pcache.o
 .debug_aranges
                0x00000000000003f0       0x30 out/./fs/vfs//super.o
 .debug_aranges
                0x0000000000000420       0x30 out/./fs/vfs//vfs.o
 .debug_aranges
                0x0000000000000450       0x30 out/./arch/riscv64//symbols.o
 .debug_aranges
                0x0000000000000480       0x30 out/./arch/riscv64//trap_handler.o
 .debug_aranges
                0x00000000000004b0       0x30 out/./drivers/time.o
 .debug_aranges
                0x00000000000004e0       0x30 out/./drivers/uart.o
 .debug_aranges
                0x0000000000000510       0x30 out/./drivers/virt_disk.o
 .debug_aranges
                0x0000000000000540       0x30 out/./drivers/virtio.o
 .debug_aranges
                0x0000000000000570       0x30 out/./lib/bitmap.o
 .debug_aranges
                0x00000000000005a0       0x30 out/./lib/hashtable.o
 .debug_aranges
                0x00000000000005d0       0x30 out/./lib/lru.o
 .debug_aranges
                0x0000000000000600       0x30 out/./lib/printk.o
 .debug_aranges
                0x0000000000000630       0x30 out/./lib/string.o
 .debug_aranges
                0x0000000000000660       0x30 out/./lib/utils.o
 .debug_aranges
                0x0000000000000690       0x30 out/./arch/riscv64//boot.o
 .debug_aranges
                0x00000000000006c0       0x30 out/./arch/riscv64//trap.o

.debug_line     0x0000000000000000     0xac0d
 .debug_line    0x0000000000000000      0x46c out/.//elf.o
 .debug_line    0x000000000000046c      0x4e3 out/.//init.o
 .debug_line    0x000000000000094f      0x181 out/.//malloc.o
 .debug_line    0x0000000000000ad0      0x701 out/.//vm.o
 .debug_line    0x00000000000011d1      0x42c out/./fs/block_adapter.o
 .debug_line    0x00000000000015fd      0x125 out/./fs/block_device.o
 .debug_line    0x0000000000001722      0x621 out/./fs/ext2//ext2_block.o
 .debug_line    0x0000000000001d43      0xdb0 out/./fs/ext2//ext2_cache.o
 .debug_line    0x0000000000002af3      0x948 out/./fs/ext2//ext2_dir.o
 .debug_line    0x000000000000343b      0x2e0 out/./fs/ext2//ext2_file.o
 .debug_line    0x000000000000371b      0x81b out/./fs/ext2//ext2_inode.o
 .debug_line    0x0000000000003f36      0x306 out/./fs/ext2//ext2_namei.o
 .debug_line    0x000000000000423c      0x2b4 out/./fs/ext2//ext2_page.o
 .debug_line    0x00000000000044f0      0x82e out/./fs/ext2//ext2_super.o
 .debug_line    0x0000000000004d1e      0x7d6 out/./fs/vfs//dcache.o
 .debug_line    0x00000000000054f4       0xda out/./fs/vfs//fs_init.o
 .debug_line    0x00000000000055ce      0x328 out/./fs/vfs//fs_type.o
 .debug_line    0x00000000000058f6      0x8ce out/./fs/vfs//icache.o
 .debug_line    0x00000000000061c4      0x32e out/./fs/vfs//mount.o
 .debug_line    0x00000000000064f2      0x352 out/./fs/vfs//path.o
 .debug_line    0x0000000000006844      0x643 out/./fs/vfs//pcache.o
 .debug_line    0x0000000000006e87      0x28f out/./fs/vfs//super.o
 .debug_line    0x0000000000007116      0x4c9 out/./fs/vfs//vfs.o
 .debug_line    0x00000000000075df      0x1c7 out/./arch/riscv64//symbols.o
 .debug_line    0x00000000000077a6      0x445 out/./arch/riscv64//trap_handler.o
 .debug_line    0x0000000000007beb      0x450 out/./drivers/time.o
 .debug_line    0x000000000000803b      0x1c5 out/./drivers/uart.o
 .debug_line    0x0000000000008200      0x813 out/./drivers/virt_disk.o
 .debug_line    0x0000000000008a13      0x1d4 out/./drivers/virtio.o
 .debug_line    0x0000000000008be7      0x440 out/./lib/bitmap.o
 .debug_line    0x0000000000009027      0x5d2 out/./lib/hashtable.o
 .debug_line    0x00000000000095f9      0x936 out/./lib/lru.o
 .debug_line    0x0000000000009f2f      0x4da out/./lib/printk.o
 .debug_line    0x000000000000a409      0x3fa out/./lib/string.o
 .debug_line    0x000000000000a803      0x12a out/./lib/utils.o
 .debug_line    0x000000000000a92d       0x94 out/./arch/riscv64//boot.o
 .debug_line    0x000000000000a9c1      0x24c out/./arch/riscv64//trap.o

.debug_str      0x0000000000000000     0x2525
 .debug_str     0x0000000000000000     0x2525 out/.//elf.o
                                        0x263 (size before relaxing)
 .debug_str     0x0000000000002525      0x76e out/.//init.o
 .debug_str     0x0000000000002525      0x14e out/.//malloc.o
 .debug_str     0x0000000000002525      0x301 out/.//vm.o
 .debug_str     0x0000000000002525      0x298 out/./fs/block_adapter.o
 .debug_str     0x0000000000002525      0x163 out/./fs/block_device.o
 .debug_str     0x0000000000002525      0xccd out/./fs/ext2//ext2_block.o
 .debug_str     0x0000000000002525      0xc92 out/./fs/ext2//ext2_cache.o
 .debug_str     0x0000000000002525      0x9a5 out/./fs/ext2//ext2_dir.o
 .debug_str     0x0000000000002525      0x600 out/./fs/ext2//ext2_file.o
 .debug_str     0x0000000000002525      0xca0 out/./fs/ext2//ext2_inode.o
 .debug_str     0x0000000000002525      0xd2b out/./fs/ext2//ext2_namei.o
 .debug_str     0x0000000000002525      0x76e out/./fs/ext2//ext2_page.o
 .debug_str     0x0000000000002525      0xce1 out/./fs/ext2//ext2_super.o
 .debug_str     0x0000000000002525      0x7af out/./fs/vfs//dcache.o
 .debug_str     0x0000000000002525      0x59e out/./fs/vfs//fs_init.o
 .debug_str     0x0000000000002525      0x5e2 out/./fs/vfs//fs_type.o
 .debug_str     0x0000000000002525      0x8a7 out/./fs/vfs//icache.o
 .debug_str     0x0000000000002525      0x651 out/./fs/vfs//mount.o
 .debug_str     0x0000000000002525      0x183 out/./fs/vfs//path.o
 .debug_str     0x0000000000002525      0x7a1 out/./fs/vfs//pcache.o
 .debug_str     0x0000000000002525      0x5f6 out/./fs/vfs//super.o
 .debug_str     0x0000000000002525      0x659 out/./fs/vfs//vfs.o
 .debug_str     0x0000000000002525      0x29c out/./arch/riscv64//symbols.o
 .debug_str     0x0000000000002525      0x29e out/./arch/riscv64//trap_handler.o
 .debug_str     0x0000000000002525      0x226 out/./drivers/time.o
 .debug_str     0x0000000000002525      0x12b out/./drivers/uart.o
 .debug_str     0x0000000000002525      0x580 out/./drivers/virt_disk.o
 .debug_str     0x0000000000002525      0x2b2 out/./drivers/virtio.o
 .debug_str     0x0000000000002525      0x1d4 out/./lib/bitmap.o
 .debug_str     0x0000000000002525      0x268 out/./lib/hashtable.o
 .debug_str     0x0000000000002525      0x33e out/./lib/lru.o
 .debug_str     0x0000000000002525      0x189 out/./lib/printk.o
 .debug_str     0x0000000000002525      0x126 out/./lib/string.o
 .debug_str     0x0000000000002525       0x9f out/./lib/utils.o
 .debug_str     0x0000000000002525       0x34 out/./arch/riscv64//boot.o
 .debug_str     0x0000000000002525       0x34 out/./arch/riscv64//trap.o

.debug_line_str
                0x0000000000000000      0x48c
 .debug_line_str
                0x0000000000000000      0x48c out/.//elf.o
                                         0x6f (size before relaxing)
 .debug_line_str
                0x000000000000048c      0x104 out/.//init.o
 .debug_line_str
                0x000000000000048c       0x71 out/.//malloc.o
 .debug_line_str
                0x000000000000048c       0x91 out/.//vm.o
 .debug_line_str
                0x000000000000048c       0x8d out/./fs/block_adapter.o
 .debug_line_str
                0x000000000000048c       0x7f out/./fs/block_device.o
 .debug_line_str
                0x000000000000048c      0x125 out/./fs/ext2//ext2_block.o
 .debug_line_str
                0x000000000000048c      0x118 out/./fs/ext2//ext2_cache.o
 .debug_line_str
                0x000000000000048c      0x121 out/./fs/ext2//ext2_dir.o
 .debug_line_str
                0x000000000000048c       0xf6 out/./fs/ext2//ext2_file.o
 .debug_line_str
                0x000000000000048c      0x150 out/./fs/ext2//ext2_inode.o
 .debug_line_str
                0x000000000000048c      0x138 out/./fs/ext2//ext2_namei.o
 .debug_line_str
                0x000000000000048c      0x106 out/./fs/ext2//ext2_page.o
 .debug_line_str
                0x000000000000048c      0x12e out/./fs/ext2//ext2_super.o
 .debug_line_str
                0x000000000000048c       0xf0 out/./fs/vfs//dcache.o
 .debug_line_str
                0x000000000000048c      0x106 out/./fs/vfs//fs_init.o
 .debug_line_str
                0x000000000000048c       0xdc out/./fs/vfs//fs_type.o
 .debug_line_str
                0x000000000000048c       0xf9 out/./fs/vfs//icache.o
 .debug_line_str
                0x000000000000048c       0xeb out/./fs/vfs//mount.o
 .debug_line_str
                0x000000000000048c       0x73 out/./fs/vfs//path.o
 .debug_line_str
                0x000000000000048c       0xf0 out/./fs/vfs//pcache.o
 .debug_line_str
                0x000000000000048c       0xe1 out/./fs/vfs//super.o
 .debug_line_str
                0x000000000000048c       0xf3 out/./fs/vfs//vfs.o
 .debug_line_str
                0x000000000000048c       0x6e out/./arch/riscv64//symbols.o
 .debug_line_str
                0x000000000000048c       0xb1 out/./arch/riscv64//trap_handler.o
 .debug_line_str
                0x000000000000048c       0x60 out/./drivers/time.o
 .debug_line_str
                0x000000000000048c       0x59 out/./drivers/uart.o
 .debug_line_str
                0x000000000000048c       0xae out/./drivers/virt_disk.o
 .debug_line_str
                0x000000000000048c       0x68 out/./drivers/virtio.o
 .debug_line_str
                0x000000000000048c       0x6e out/./lib/bitmap.o
 .debug_line_str
                0x000000000000048c       0x86 out/./lib/hashtable.o
 .debug_line_str
                0x000000000000048c       0x8d out/./lib/lru.o
 .debug_line_str
                0x000000000000048c       0x93 out/./lib/printk.o
 .debug_line_str
                0x000000000000048c       0x5c out/./lib/string.o
 .debug_line_str
                0x000000000000048c       0x46 out/./lib/utils.o
 .debug_line_str
                0x000000000000048c       0x28 out/./arch/riscv64//boot.o
 .debug_line_str
                0x000000000000048c       0x28 out/./arch/riscv64//trap.o

.comment        0x0000000000000000       0x22
 .comment       0x0000000000000000       0x22 out/.//elf.o
                                         0x23 (size before relaxing)
 .comment       0x0000000000000022       0x23 out/.//init.o
 .comment       0x0000000000000022       0x23 out/.//malloc.o
 .comment       0x0000000000000022       0x23 out/.//vm.o
 .comment       0x0000000000000022       0x23 out/./fs/block_adapter.o
 .comment       0x0000000000000022       0x23 out/./fs/block_device.o
 .comment       0x0000000000000022       0x23 out/./fs/ext2//ext2_block.o
 .comment       0x0000000000000022       0x23 out/./fs/ext2//ext2_cache.o
 .comment       0x0000000000000022       0x23 out/./fs/ext2//ext2_dir.o
 .comment       0x0000000000000022       0x23 out/./fs/ext2//ext2_file.o
 .comment       0x0000000000000022       0x23 out/./fs/ext2//ext2_inode.o
 .comment       0x0000000000000022       0x23 out/./fs/ext2//ext2_namei.o
 .comment       0x0000000000000022       0x23 out/./fs/ext2//ext2_page.o
 .comment       0x0000000000000022       0x23 out/./fs/ext2//ext2_super.o
 .comment       0x0000000000000022       0x23 out/./fs/vfs//dcache.o
 .comment       0x0000000000000022       0x23 out/./fs/vfs//fs_init.o
 .comment       0x0000000000000022       0x23 out/./fs/vfs//fs_type.o
 .comment       0x0000000000000022       0x23 out/./fs/vfs//icache.o
 .comment       0x0000000000000022       0x23 out/./fs/vfs//mount.o
 .comment       0x0000000000000022       0x23 out/./fs/vfs//path.o
 .comment       0x0000000000000022       0x23 out/./fs/vfs//pcache.o
 .comment       0x0000000000000022       0x23 out/./fs/vfs//super.o
 .comment       0x0000000000000022       0x23 out/./fs/vfs//vfs.o
 .comment       0x0000000000000022       0x23 out/./arch/riscv64//symbols.o
 .comment       0x0000000000000022       0x23 out/./arch/riscv64//trap_handler.o
 .comment       0x0000000000000022       0x23 out/./drivers/time.o
 .comment       0x0000000000000022       0x23 out/./drivers/uart.o
 .comment       0x0000000000000022       0x23 out/./drivers/virt_disk.o
 .comment       0x0000000000000022       0x23 out/./drivers/virtio.o
 .comment       0x0000000000000022       0x23 out/./lib/bitmap.o
 .comment       0x0000000000000022       0x23 out/./lib/hashtable.o
 .comment       0x0000000000000022       0x23 out/./lib/lru.o
 .comment       0x0000000000000022       0x23 out/./lib/printk.o
 .comment       0x0000000000000022       0x23 out/./lib/string.o
 .comment       0x0000000000000022       0x23 out/./lib/utils.o

.riscv.attributes
                0x0000000000000000       0x57
 .riscv.attributes
                0x0000000000000000       0x53 out/.//elf.o
 .riscv.attributes
                0x0000000000000053       0x57 out/.//init.o
 .riscv.attributes
                0x00000000000000aa       0x53 out/.//malloc.o
 .riscv.attributes
                0x00000000000000fd       0x57 out/.//vm.o
 .riscv.attributes
                0x0000000000000154       0x53 out/./fs/block_adapter.o
 .riscv.attributes
                0x00000000000001a7       0x53 out/./fs/block_device.o
 .riscv.attributes
                0x00000000000001fa       0x53 out/./fs/ext2//ext2_block.o
 .riscv.attributes
                0x000000000000024d       0x53 out/./fs/ext2//ext2_cache.o
 .riscv.attributes
                0x00000000000002a0       0x53 out/./fs/ext2//ext2_dir.o
 .riscv.attributes
                0x00000000000002f3       0x53 out/./fs/ext2//ext2_file.o
 .riscv.attributes
                0x0000000000000346       0x53 out/./fs/ext2//ext2_inode.o
 .riscv.attributes
                0x0000000000000399       0x53 out/./fs/ext2//ext2_namei.o
 .riscv.attributes
                0x00000000000003ec       0x53 out/./fs/ext2//ext2_page.o
 .riscv.attributes
                0x000000000000043f       0x53 out/./fs/ext2//ext2_super.o
 .riscv.attributes
                0x0000000000000492       0x53 out/./fs/vfs//dcache.o
 .riscv.attributes
                0x00000000000004e5       0x53 out/./fs/vfs//fs_init.o
 .riscv.attributes
                0x0000000000000538       0x53 out/./fs/vfs//fs_type.o
 .riscv.attributes
                0x000000000000058b       0x53 out/./fs/vfs//icache.o
 .riscv.attributes
                0x00000000000005de       0x53 out/./fs/vfs//mount.o
 .riscv.attributes
                0x0000000000000631       0x53 out/./fs/vfs//path.o
 .riscv.attributes
                0x0000000000000684       0x53 out/./fs/vfs//pcache.o
 .riscv.attributes
                0x00000000000006d7       0x53 out/./fs/vfs//super.o
 .riscv.attributes
                0x000000000000072a       0x53 out/./fs/vfs//vfs.o
 .riscv.attributes
                0x000000000000077d       0x53 out/./arch/riscv64//symbols.o
 .riscv.attributes
                0x00000000000007d0       0x57 out/./arch/riscv64//trap_handler.o
 .riscv.attributes
                0x0000000000000827       0x53 out/./drivers/time.o
 .riscv.attributes
                0x000000000000087a       0x53 out/./drivers/uart.o
 .riscv.attributes
                0x00000000000008cd       0x53 out/./drivers/virt_disk.o
 .riscv.attributes
                0x0000000000000920       0x53 out/./drivers/virtio.o
 .riscv.attributes
                0x0000000000000973       0x53 out/./lib/bitmap.o
 .riscv.attributes
                0x00000000000009c6       0x53 out/./lib/hashtable.o
 .riscv.attributes
                0x0000000000000a19       0x53 out/./lib/lru.o
 .riscv.attributes
                0x0000000000000a6c       0x53 out/./lib/printk.o
 .riscv.attributes
                0x0000000000000abf       0x53 out/./lib/string.o
 .riscv.attributes
                0x0000000000000b12       0x53 out/./lib/utils.o
 .riscv.attributes
                0x0000000000000b65       0x55 out/./arch/riscv64//boot.o
 .riscv.attributes
                0x0000000000000bba       0x55 out/./arch/riscv64//trap.o

.debug_frame    0x0000000000000000     0x3710
 .debug_frame   0x0000000000000000       0xa0 out/.//elf.o
 .debug_frame   0x00000000000000a0      0x400 out/.//init.o
 .debug_frame   0x00000000000004a0       0xd0 out/.//malloc.o
 .debug_frame   0x0000000000000570      0x1c8 out/.//vm.o
 .debug_frame   0x0000000000000738      0x160 out/./fs/block_adapter.o
 .debug_frame   0x0000000000000898       0x70 out/./fs/block_device.o
 .debug_frame   0x0000000000000908      0x190 out/./fs/ext2//ext2_block.o
 .debug_frame   0x0000000000000a98      0x1f0 out/./fs/ext2//ext2_cache.o
 .debug_frame   0x0000000000000c88      0x1f0 out/./fs/ext2//ext2_dir.o
 .debug_frame   0x0000000000000e78       0xa0 out/./fs/ext2//ext2_file.o
 .debug_frame   0x0000000000000f18      0x190 out/./fs/ext2//ext2_inode.o
 .debug_frame   0x00000000000010a8      0x138 out/./fs/ext2//ext2_namei.o
 .debug_frame   0x00000000000011e0       0x70 out/./fs/ext2//ext2_page.o
 .debug_frame   0x0000000000001250       0xd8 out/./fs/ext2//ext2_super.o
 .debug_frame   0x0000000000001328      0x3a8 out/./fs/vfs//dcache.o
 .debug_frame   0x00000000000016d0       0x40 out/./fs/vfs//fs_init.o
 .debug_frame   0x0000000000001710      0x190 out/./fs/vfs//fs_type.o
 .debug_frame   0x00000000000018a0      0x3b0 out/./fs/vfs//icache.o
 .debug_frame   0x0000000000001c50      0x160 out/./fs/vfs//mount.o
 .debug_frame   0x0000000000001db0       0xa0 out/./fs/vfs//path.o
 .debug_frame   0x0000000000001e50      0x348 out/./fs/vfs//pcache.o
 .debug_frame   0x0000000000002198      0x190 out/./fs/vfs//super.o
 .debug_frame   0x0000000000002328      0x190 out/./fs/vfs//vfs.o
 .debug_frame   0x00000000000024b8       0x70 out/./arch/riscv64//symbols.o
 .debug_frame   0x0000000000002528      0x370 out/./arch/riscv64//trap_handler.o
 .debug_frame   0x0000000000002898      0x130 out/./drivers/time.o
 .debug_frame   0x00000000000029c8      0x100 out/./drivers/uart.o
 .debug_frame   0x0000000000002ac8      0x190 out/./drivers/virt_disk.o
 .debug_frame   0x0000000000002c58       0x40 out/./drivers/virtio.o
 .debug_frame   0x0000000000002c98      0x1f0 out/./lib/bitmap.o
 .debug_frame   0x0000000000002e88      0x220 out/./lib/hashtable.o
 .debug_frame   0x00000000000030a8      0x370 out/./lib/lru.o
 .debug_frame   0x0000000000003418       0xf8 out/./lib/printk.o
 .debug_frame   0x0000000000003510      0x190 out/./lib/string.o
 .debug_frame   0x00000000000036a0       0x70 out/./lib/utils.o

.debug_rnglists
                0x0000000000000000       0x17
 .debug_rnglists
                0x0000000000000000       0x17 out/./drivers/virt_disk.o
