
There are no discarded input sections

Memory Configuration

Name             Origin             Length             Attributes
RAM              0x0000000080000000 0x0000000000200000 xrw
*default*        0x0000000000000000 0xffffffffffffffff

Linker script and memory map

                0x0000000000001000                STACK_SIZE = 0x1000
                0x0000000080000000                RAM_BASE = 0x80000000
                0x0000000000200000                RAM_SIZE = 0x200000
                0x0000000080000000                . = ORIGIN (RAM)

.text           0x0000000080000000     0xd000
 *(.text.boot)
 .text.boot     0x0000000080000000       0x3c out/./arch/riscv64//boot.o
                0x0000000080000000                _start
                0x0000000080001000                . = ALIGN (0x1000)
 *fill*         0x000000008000003c      0xfc4 
                0x0000000080001000                _text_start = .
 *(.text .text.*)
 .text          0x0000000080001000      0x850 out/.//elf.o
                0x0000000080001416                elf_parse
 .text          0x0000000080001850      0x344 out/.//init.o
                0x0000000080001990                trap
                0x000000008000199a                jump_to_kernel
                0x0000000080001b12                init
 .text          0x0000000080001b94      0x19a out/.//malloc.o
                0x0000000080001b94                malloc_init
                0x0000000080001bca                malloc
                0x0000000080001c6c                page_alloc
                0x0000000080001d1c                free
 .text          0x0000000080001d2e      0x4e6 out/.//vm.o
                0x0000000080001d62                get_child_pgtbl
                0x0000000080001e10                page_walk
                0x0000000080001ec8                map_pages
                0x0000000080001f9a                early_page_table_init
                0x00000000800021f2                vm_init
 .text          0x0000000080002214      0x3b6 out/./fs/block_adapter.o
                0x0000000080002214                block_adapter_register
                0x000000008000231a                block_adapter_destory
                0x0000000080002338                block_adapter_open
                0x00000000800023a2                block_adapter_read
                0x0000000080002494                block_adapter_write
                0x0000000080002586                block_adapter_get_block_size
                0x00000000800025a8                block_adapter_get_sectors_per_block
 .text          0x00000000800025ca       0xee out/./fs/block_device.o
                0x00000000800025ca                block_device_register
                0x0000000080002646                block_device_open
 .text          0x00000000800026b8      0x90c out/./fs/ext2//ext2_block.o
                0x0000000080002746                ext2_bno_group
                0x00000000800027ba                ext2_alloc_bno
                0x00000000800029a0                ext2_release_bno
                0x0000000080002cbc                ext2_block_mapping
 .text          0x0000000080002fc4     0x10f4 out/./fs/ext2//ext2_cache.o
                0x0000000080003006                ext2_sync_inode_bitmap_cache
                0x000000008000317a                ext2_load_inode_bitmap_cache
                0x0000000080003432                ext2_sync_inode_table_cache
                0x00000000800035ea                ext2_load_inode_table_cache
                0x00000000800038a6                ext2_select_inode_group
                0x00000000800039d6                ext2_sync_block_bitmap_cache
                0x0000000080003b52                ext2_load_block_bitmap_cache
                0x0000000080003e06                ext2_select_block_group
                0x0000000080003f76                ext2_sync_cache
 .text          0x00000000800040b8     0x101a out/./fs/ext2//ext2_dir.o
                0x0000000080004136                ext2_init_dot_entries
                0x0000000080004372                ext2_find
                0x0000000080004554                ext2_init_new_inode
                0x0000000080004bd6                ext2_init_new_entry
                0x0000000080004e42                ext2_find_slot
                0x0000000080004f6e                ext2_add_entry
                0x00000000800050ba                ext2_remove_entry
 .text          0x00000000800050d2      0x29c out/./fs/ext2//ext2_file.o
                0x0000000080005114                ext2_file_read
                0x000000008000534e                ext2_file_write
 .text          0x000000008000536e      0xd18 out/./fs/ext2//ext2_inode.o
                0x00000000800053b0                ext2_ino_group
                0x00000000800053e2                ext2_alloc_ino
                0x00000000800055dc                ext2_release_ino
                0x00000000800057d8                ext2_create_inode
                0x0000000080005ade                ext2_new_inode
                0x0000000080005c08                ext2_read_inode
                0x0000000080005edc                ext2_write_inode
 .text          0x0000000080006086      0x374 out/./fs/ext2//ext2_namei.o
                0x00000000800060c8                ext2_lookup
                0x000000008000637a                ext2_mkdir
                0x00000000800063ae                ext2_rmdir
                0x00000000800063c6                ext2_creat
 .text          0x00000000800063fa      0x26e out/./fs/ext2//ext2_page.o
                0x00000000800063fa                ext2_readpage
                0x00000000800064fe                ext2_writepage
 .text          0x0000000080006668      0xaf2 out/./fs/ext2//ext2_super.o
                0x00000000800066aa                ext2_fill_super
                0x0000000080006ece                ext2_kill_super
                0x0000000080006f02                ext2_sync_super
 .text          0x000000008000715a      0x8e6 out/./fs/vfs//dcache.o
                0x00000000800072bc                vfs_create_dentry
                0x000000008000744c                vfs_destroy_dentry
                0x0000000080007650                dcache_init
                0x00000000800076d4                dcache_destroy
                0x00000000800076f6                dnew
                0x0000000080007866                dget
                0x00000000800079c0                dput
 .text          0x0000000080007a40       0x30 out/./fs/vfs//fs_init.o
                0x0000000080007a40                fs_init
 .text          0x0000000080007a70      0x3c4 out/./fs/vfs//fs_type.o
                0x0000000080007b86                fs_register
                0x0000000080007caa                fs_unregister
                0x0000000080007dcc                fs_get
 .text          0x0000000080007e34      0x95c out/./fs/vfs//icache.o
                0x0000000080007f6e                destroy_inode
                0x000000008000805a                create_inode
                0x00000000800081ac                inew
                0x000000008000838e                icache_init
                0x0000000080008412                icache_destroy
                0x0000000080008434                iget
                0x00000000800085be                iput
                0x0000000080008720                icache_sync
 .text          0x0000000080008790      0x3c4 out/./fs/vfs//mount.o
                0x000000008000886c                mount
                0x0000000080008a80                mount_rootfs
                0x0000000080008b3c                get_root
 .text          0x0000000080008b54      0x3a0 out/./fs/vfs//path.o
                0x0000000080008b96                path_split
                0x0000000080008cd8                base_dir_split
 .text          0x0000000080008ef4      0x6a0 out/./fs/vfs//pcache.o
                0x0000000080009266                pcache_init
                0x00000000800092ea                pcache_destory
                0x000000008000930c                pget
                0x00000000800093de                pput
                0x000000008000947c                vfs_pcache_sync_func
                0x0000000080009524                pcache_sync
 .text          0x0000000080009594      0x2fe out/./fs/vfs//super.o
                0x00000000800096aa                alloc_super
                0x0000000080009772                free_super
                0x00000000800097e4                sync_super
 .text          0x0000000080009892      0x534 out/./fs/vfs//vfs.o
                0x00000000800098d4                lookup
                0x00000000800099ca                mkdir
                0x0000000080009ad2                rmdir
                0x0000000080009ae6                open
                0x0000000080009b6c                read
                0x0000000080009ca4                write
                0x0000000080009db8                vfs_test
 .text          0x0000000080009dc6      0x1ec out/./arch/riscv64//symbols.o
                0x0000000080009dc6                symbols_init
                0x0000000080009f6c                zero_bss
 .text          0x0000000080009fb2      0x168 out/./drivers/uart.o
                0x0000000080009fb2                uart_init
                0x000000008000a06c                uart_putc
                0x000000008000a0a2                uart_getc
                0x000000008000a0d0                uart_puts
                0x000000008000a10c                uart0_iqr
 .text          0x000000008000a11a      0x774 out/./drivers/virt_disk.o
                0x000000008000a234                virt_disk_rw
                0x000000008000a558                virt_disk_get_capacity
                0x000000008000a584                disk_write_sector
                0x000000008000a5b2                disk_read_sector
                0x000000008000a5e0                virt_disk_init
 .text          0x000000008000a88e      0x1b2 out/./drivers/virtio.o
                0x000000008000a88e                virtio_blk_init
 .text          0x000000008000aa40      0x44a out/./lib/bitmap.o
                0x000000008000aa40                bitmap_create
                0x000000008000aaca                bitmap_destory
                0x000000008000aae8                bitmap_set_bit
                0x000000008000ab7a                bitmap_clear_bit
                0x000000008000ac10                bitmap_test_bit
                0x000000008000ac98                bitmap_get_size
                0x000000008000acca                bitmap_update_size
                0x000000008000ad0a                bitmap_get_bytes_num
                0x000000008000ad40                bitmap_get_size_in_bytes
                0x000000008000ad78                bitmap_scan_0
 .text          0x000000008000ae8a      0x6a0 out/./lib/hashtable.o
                0x000000008000af84                hashtable_init
                0x000000008000b194                hashtable_destroy
                0x000000008000b204                hashtable_lookup
                0x000000008000b304                hashtable_insert
                0x000000008000b3d6                hashtable_remove
                0x000000008000b476                hashtable_size
                0x000000008000b4d0                hashtable_node_count
 .text          0x000000008000b52a      0xc2c out/./lib/lru.o
                0x000000008000b6a4                lru_init
                0x000000008000b87c                lru_node_init
                0x000000008000b8fa                lru_destroy
                0x000000008000b9aa                lru_hash_lookup
                0x000000008000bac2                lru_hash_insert
                0x000000008000bbb4                lru_hash_remove
                0x000000008000bcee                lru_cache_insert
                0x000000008000be5a                lru_cache_remove
                0x000000008000bf7e                lru_ref
                0x000000008000bfe8                lru_unref
                0x000000008000c070                lru_walk
 .text          0x000000008000c156      0x4fc out/./lib/printk.o
                0x000000008000c156                num2char
                0x000000008000c2f2                _vsprint
                0x000000008000c514                _vprint
                0x000000008000c58e                printk
                0x000000008000c5e2                panic
 .text          0x000000008000c652      0x348 out/./lib/string.o
                0x000000008000c652                memset
                0x000000008000c6ac                memcpy
                0x000000008000c712                strcpy
                0x000000008000c774                strncpy
                0x000000008000c7fe                strlen
                0x000000008000c83c                strcmp
                0x000000008000c8a2                strncmp
                0x000000008000c946                strdup
 .text          0x000000008000c99a      0x422 out/./lib/time.o
                0x000000008000cae8                adjust_timezone
                0x000000008000cc40                system_time_to_unix_timestamp
                0x000000008000cd38                get_current_time
                0x000000008000cd7c                get_current_unix_timestamp
 .text          0x000000008000cdbc       0xca out/./lib/utils.o
                0x000000008000cdbc                next_power_of_two
                0x000000008000ce52                is_power_of_two
 .text          0x000000008000ce86        0x0 out/./arch/riscv64//boot.o
                0x000000008000d000                . = ALIGN (0x1000)
 *fill*         0x000000008000ce86      0x17a 
                0x000000008000d000                _text_end = .

.rodata         0x000000008000d000     0x3000
                0x000000008000d000                . = ALIGN (0x1000)
                0x000000008000d000                _rodata_start = .
 *(.rodata .rodata.* .srodata .srodata.*)
 .rodata        0x000000008000d000      0x342 out/.//elf.o
 *fill*         0x000000008000d342        0x6 
 .rodata        0x000000008000d348        0x9 out/.//init.o
 *fill*         0x000000008000d351        0x7 
 .rodata        0x000000008000d358       0x1e out/.//malloc.o
 *fill*         0x000000008000d376        0x2 
 .rodata        0x000000008000d378      0x13b out/./fs/ext2//ext2_block.o
 *fill*         0x000000008000d4b3        0x5 
 .rodata        0x000000008000d4b8      0x310 out/./fs/ext2//ext2_cache.o
 .rodata        0x000000008000d7c8      0x187 out/./fs/ext2//ext2_dir.o
 *fill*         0x000000008000d94f        0x1 
 .rodata        0x000000008000d950      0x13f out/./fs/ext2//ext2_file.o
 *fill*         0x000000008000da8f        0x1 
 .rodata        0x000000008000da90      0x2d1 out/./fs/ext2//ext2_inode.o
 *fill*         0x000000008000dd61        0x7 
 .rodata        0x000000008000dd68       0xb1 out/./fs/ext2//ext2_namei.o
 *fill*         0x000000008000de19        0x7 
 .rodata        0x000000008000de20      0x340 out/./fs/ext2//ext2_super.o
 .rodata        0x000000008000e160      0x2ac out/./fs/vfs//dcache.o
 *fill*         0x000000008000e40c        0x4 
 .srodata       0x000000008000e410       0x15 out/./fs/vfs//dcache.o
 *fill*         0x000000008000e425        0x3 
 .rodata        0x000000008000e428      0x146 out/./fs/vfs//fs_type.o
 *fill*         0x000000008000e56e        0x2 
 .rodata        0x000000008000e570      0x304 out/./fs/vfs//icache.o
 *fill*         0x000000008000e874        0x4 
 .srodata       0x000000008000e878       0x15 out/./fs/vfs//icache.o
 *fill*         0x000000008000e88d        0x3 
 .rodata        0x000000008000e890      0x1f5 out/./fs/vfs//mount.o
 *fill*         0x000000008000ea85        0x3 
 .srodata       0x000000008000ea88        0x6 out/./fs/vfs//mount.o
 *fill*         0x000000008000ea8e        0x2 
 .rodata        0x000000008000ea90       0xa7 out/./fs/vfs//path.o
 *fill*         0x000000008000eb37        0x1 
 .rodata        0x000000008000eb38      0x21c out/./fs/vfs//pcache.o
 *fill*         0x000000008000ed54        0x4 
 .srodata       0x000000008000ed58        0x5 out/./fs/vfs//pcache.o
 *fill*         0x000000008000ed5d        0x3 
 .rodata        0x000000008000ed60      0x1d3 out/./fs/vfs//super.o
 *fill*         0x000000008000ef33        0x5 
 .rodata        0x000000008000ef38      0x134 out/./fs/vfs//vfs.o
 *fill*         0x000000008000f06c        0x4 
 .srodata       0x000000008000f070       0x1e out/./fs/vfs//vfs.o
 *fill*         0x000000008000f08e        0x2 
 .rodata        0x000000008000f090       0x32 out/./drivers/virt_disk.o
 *fill*         0x000000008000f0c2        0x6 
 .rodata        0x000000008000f0c8       0x74 out/./lib/bitmap.o
 *fill*         0x000000008000f13c        0x4 
 .rodata        0x000000008000f140      0x2a5 out/./lib/hashtable.o
 *fill*         0x000000008000f3e5        0x3 
 .rodata        0x000000008000f3e8      0x339 out/./lib/lru.o
 *fill*         0x000000008000f721        0x7 
 .srodata       0x000000008000f728        0x8 out/./lib/lru.o
 .rodata        0x000000008000f730       0x8a out/./lib/printk.o
 *fill*         0x000000008000f7ba        0x6 
 .srodata       0x000000008000f7c0        0x8 out/./lib/time.o
                0x000000008000f7c0                system_time
 .rodata        0x000000008000f7c8        0xc out/./lib/time.o
                0x0000000080010000                . = ALIGN (0x1000)
 *fill*         0x000000008000f7d4      0x82c 
                0x0000000080010000                _rodata_end = .

.rela.dyn       0x0000000080010000        0x0
 .rela.text     0x0000000080010000        0x0 out/.//elf.o
 .rela.text.boot
                0x0000000080010000        0x0 out/.//elf.o

.data           0x0000000080010000     0x1000
                0x0000000080010000                _data_start = .
                0x0000000080010000                . = ALIGN (0x1000)
 *(.data .data.* .sdata .sdata.*)
 .data          0x0000000080010000        0x0 out/.//elf.o
 .data          0x0000000080010000        0x0 out/.//init.o
 .data          0x0000000080010000        0x0 out/.//malloc.o
 .data          0x0000000080010000        0x0 out/.//vm.o
 .data          0x0000000080010000        0x0 out/./fs/block_adapter.o
 .data          0x0000000080010000        0x0 out/./fs/block_device.o
 .data          0x0000000080010000        0x0 out/./fs/ext2//ext2_block.o
 .data          0x0000000080010000        0x0 out/./fs/ext2//ext2_cache.o
 .data          0x0000000080010000        0x0 out/./fs/ext2//ext2_dir.o
 .data          0x0000000080010000       0x10 out/./fs/ext2//ext2_file.o
                0x0000000080010000                ext2_file_ops
 .data          0x0000000080010010       0x30 out/./fs/ext2//ext2_inode.o
                0x0000000080010010                ext2_s_ops
 .data          0x0000000080010040       0x18 out/./fs/ext2//ext2_namei.o
                0x0000000080010040                ext2_inode_ops
 .data          0x0000000080010058       0x10 out/./fs/ext2//ext2_page.o
                0x0000000080010058                ext2_aops
 .data          0x0000000080010068       0x48 out/./fs/ext2//ext2_super.o
                0x0000000080010068                ext2_fs_type
 .data          0x00000000800100b0        0x0 out/./fs/vfs//dcache.o
 .data          0x00000000800100b0        0x0 out/./fs/vfs//fs_init.o
 .data          0x00000000800100b0       0x10 out/./fs/vfs//fs_type.o
 .data          0x00000000800100c0        0x0 out/./fs/vfs//icache.o
 .data          0x00000000800100c0       0x10 out/./fs/vfs//mount.o
                0x00000000800100c0                vfs_mount_points
 .data          0x00000000800100d0        0x0 out/./fs/vfs//path.o
 .data          0x00000000800100d0        0x0 out/./fs/vfs//pcache.o
 .data          0x00000000800100d0       0x10 out/./fs/vfs//super.o
 .data          0x00000000800100e0        0x0 out/./fs/vfs//vfs.o
 .data          0x00000000800100e0        0x0 out/./arch/riscv64//symbols.o
 .data          0x00000000800100e0        0x0 out/./drivers/uart.o
 .data          0x00000000800100e0        0x0 out/./drivers/virt_disk.o
 .data          0x00000000800100e0        0x0 out/./drivers/virtio.o
 .sdata         0x00000000800100e0        0x8 out/./drivers/virtio.o
                0x00000000800100e0                virtio
 .data          0x00000000800100e8        0x0 out/./lib/bitmap.o
 .data          0x00000000800100e8        0x0 out/./lib/hashtable.o
 .data          0x00000000800100e8        0x0 out/./lib/lru.o
 .data          0x00000000800100e8        0x0 out/./lib/printk.o
 .data          0x00000000800100e8        0x0 out/./lib/string.o
 .data          0x00000000800100e8        0x0 out/./lib/time.o
 .data          0x00000000800100e8        0x0 out/./lib/utils.o
 .data          0x00000000800100e8        0x0 out/./arch/riscv64//boot.o
                0x0000000080011000                . = ALIGN (0x1000)
 *fill*         0x00000000800100e8      0xf18 
                0x0000000080011000                _data_end = .

.bss            0x0000000080011000     0x2000
                0x0000000080011000                _bss_start = .
 *(.bss .bss.* .sbss)
 .bss           0x0000000080011000        0x0 out/.//elf.o
 .bss           0x0000000080011000        0x0 out/.//init.o
 .bss           0x0000000080011000       0x10 out/.//malloc.o
 .bss           0x0000000080011010        0x0 out/.//vm.o
 .sbss          0x0000000080011010        0x8 out/.//vm.o
                0x0000000080011010                pgd
 .bss           0x0000000080011018      0x100 out/./fs/block_adapter.o
                0x0000000080011018                block_adapter_registry
 .bss           0x0000000080011118      0x1c0 out/./fs/block_device.o
                0x0000000080011118                bdev_registry
 .bss           0x00000000800112d8        0x0 out/./fs/ext2//ext2_block.o
 .sbss          0x00000000800112d8        0xc out/./fs/ext2//ext2_block.o
                0x00000000800112d8                ext2_balloc_lock
                0x00000000800112e0                ext2_bfree_lock
 .bss           0x00000000800112e4        0x0 out/./fs/ext2//ext2_cache.o
 .bss           0x00000000800112e4        0x0 out/./fs/ext2//ext2_dir.o
 .bss           0x00000000800112e4        0x0 out/./fs/ext2//ext2_file.o
 .bss           0x00000000800112e4        0x0 out/./fs/ext2//ext2_inode.o
 .bss           0x00000000800112e4        0x0 out/./fs/ext2//ext2_namei.o
 .bss           0x00000000800112e4        0x0 out/./fs/ext2//ext2_page.o
 .bss           0x00000000800112e4        0x0 out/./fs/ext2//ext2_super.o
 .bss           0x00000000800112e4        0x0 out/./fs/vfs//dcache.o
 *fill*         0x00000000800112e4        0x4 
 .sbss          0x00000000800112e8        0x8 out/./fs/vfs//dcache.o
                0x00000000800112e8                global_dentry_cache
 .bss           0x00000000800112f0        0x0 out/./fs/vfs//fs_init.o
 .bss           0x00000000800112f0        0x0 out/./fs/vfs//fs_type.o
 .bss           0x00000000800112f0        0x0 out/./fs/vfs//icache.o
 .sbss          0x00000000800112f0        0x8 out/./fs/vfs//icache.o
                0x00000000800112f0                global_inode_cache
 .bss           0x00000000800112f8        0x8 out/./fs/vfs//mount.o
 .bss           0x0000000080011300       0x10 out/./fs/vfs//path.o
 .bss           0x0000000080011310        0x0 out/./fs/vfs//pcache.o
 .sbss          0x0000000080011310        0x8 out/./fs/vfs//pcache.o
                0x0000000080011310                global_page_cache
 .bss           0x0000000080011318        0x0 out/./fs/vfs//super.o
 .bss           0x0000000080011318        0x0 out/./fs/vfs//vfs.o
 .sbss          0x0000000080011318        0x8 out/./fs/vfs//vfs.o
                0x0000000080011318                current
 .bss           0x0000000080011320        0x0 out/./arch/riscv64//symbols.o
 .sbss          0x0000000080011320       0x90 out/./arch/riscv64//symbols.o
                0x0000000080011320                text_start
                0x0000000080011328                text_end
                0x0000000080011330                text_size
                0x0000000080011338                rodata_start
                0x0000000080011340                rodata_end
                0x0000000080011348                rodata_size
                0x0000000080011350                data_start
                0x0000000080011358                data_end
                0x0000000080011360                data_size
                0x0000000080011368                bss_start
                0x0000000080011370                bss_end
                0x0000000080011378                bss_size
                0x0000000080011380                stack_start
                0x0000000080011388                stack_end
                0x0000000080011390                stack_size
                0x0000000080011398                heap_start
                0x00000000800113a0                heap_end
                0x00000000800113a8                heap_size
 .bss           0x00000000800113b0        0x0 out/./drivers/uart.o
 .bss           0x00000000800113b0      0x150 out/./drivers/virt_disk.o
                0x00000000800113b0                virt_disk
                0x0000000080011468                avail
                0x0000000080011480                used
 .sbss          0x0000000080011500        0x1 out/./drivers/virt_disk.o
                0x0000000080011500                desc
 .bss           0x0000000080011501        0x0 out/./drivers/virtio.o
 .bss           0x0000000080011501        0x0 out/./lib/bitmap.o
 .bss           0x0000000080011501        0x0 out/./lib/hashtable.o
 .bss           0x0000000080011501        0x0 out/./lib/lru.o
 *fill*         0x0000000080011501        0x7 
 .bss           0x0000000080011508     0x1000 out/./lib/printk.o
 .bss           0x0000000080012508        0x0 out/./lib/string.o
 .bss           0x0000000080012508        0x0 out/./lib/time.o
 .bss           0x0000000080012508        0x0 out/./lib/utils.o
 .bss           0x0000000080012508        0x0 out/./arch/riscv64//boot.o
 *(COMMON)
                0x0000000080013000                . = ALIGN (0x1000)
 *fill*         0x0000000080012508      0xaf8 
                0x0000000080013000                _bss_end = .
                0x0000000080013000                . = ALIGN (0x1000)
                0x0000000080013000                _heap_start = .
                0x0000000080200000                _stack_end = (RAM_BASE + RAM_SIZE)
                0x00000000801ff000                _stack_start = (_stack_end - STACK_SIZE)
                0x00000000801ff000                _heap_end = _stack_start
                0x0000000080001000                PROVIDE (__text_start = _text_start)
                0x000000008000d000                PROVIDE (__text_end = _text_end)
                0x000000008000d000                PROVIDE (__rodata_start = _rodata_start)
                0x0000000080010000                PROVIDE (__rodata_end = _rodata_end)
                0x0000000080010000                PROVIDE (__data_start = _data_start)
                0x0000000080011000                PROVIDE (__data_end = _data_end)
                0x0000000080011000                PROVIDE (__bss_start = _bss_start)
                0x0000000080013000                PROVIDE (__bss_end = _bss_end)
                0x00000000801ff000                PROVIDE (__stack_start = _stack_start)
                0x0000000080200000                PROVIDE (__stack_end = _stack_end)
                0x0000000080013000                PROVIDE (__heap_start = _heap_start)
                0x00000000801ff000                PROVIDE (__heap_end = _heap_end)
LOAD out/.//elf.o
LOAD out/.//init.o
LOAD out/.//malloc.o
LOAD out/.//vm.o
LOAD out/./fs/block_adapter.o
LOAD out/./fs/block_device.o
LOAD out/./fs/ext2//ext2_block.o
LOAD out/./fs/ext2//ext2_cache.o
LOAD out/./fs/ext2//ext2_dir.o
LOAD out/./fs/ext2//ext2_file.o
LOAD out/./fs/ext2//ext2_inode.o
LOAD out/./fs/ext2//ext2_namei.o
LOAD out/./fs/ext2//ext2_page.o
LOAD out/./fs/ext2//ext2_super.o
LOAD out/./fs/vfs//dcache.o
LOAD out/./fs/vfs//fs_init.o
LOAD out/./fs/vfs//fs_type.o
LOAD out/./fs/vfs//icache.o
LOAD out/./fs/vfs//mount.o
LOAD out/./fs/vfs//path.o
LOAD out/./fs/vfs//pcache.o
LOAD out/./fs/vfs//super.o
LOAD out/./fs/vfs//vfs.o
LOAD out/./arch/riscv64//symbols.o
LOAD out/./drivers/uart.o
LOAD out/./drivers/virt_disk.o
LOAD out/./drivers/virtio.o
LOAD out/./lib/bitmap.o
LOAD out/./lib/hashtable.o
LOAD out/./lib/lru.o
LOAD out/./lib/printk.o
LOAD out/./lib/string.o
LOAD out/./lib/time.o
LOAD out/./lib/utils.o
LOAD out/./arch/riscv64//boot.o
OUTPUT(out/vboot.elf elf64-littleriscv)

.debug_info     0x0000000000000000    0x1574a
 .debug_info    0x0000000000000000      0x41e out/.//elf.o
 .debug_info    0x000000000000041e      0xdda out/.//init.o
 .debug_info    0x00000000000011f8      0x1ae out/.//malloc.o
 .debug_info    0x00000000000013a6      0x3c6 out/.//vm.o
 .debug_info    0x000000000000176c      0x51c out/./fs/block_adapter.o
 .debug_info    0x0000000000001c88      0x214 out/./fs/block_device.o
 .debug_info    0x0000000000001e9c     0x1594 out/./fs/ext2//ext2_block.o
 .debug_info    0x0000000000003430     0x1689 out/./fs/ext2//ext2_cache.o
 .debug_info    0x0000000000004ab9     0x135b out/./fs/ext2//ext2_dir.o
 .debug_info    0x0000000000005e14      0xb2e out/./fs/ext2//ext2_file.o
 .debug_info    0x0000000000006942     0x15ae out/./fs/ext2//ext2_inode.o
 .debug_info    0x0000000000007ef0     0x1551 out/./fs/ext2//ext2_namei.o
 .debug_info    0x0000000000009441      0xdb6 out/./fs/ext2//ext2_page.o
 .debug_info    0x000000000000a1f7     0x1516 out/./fs/ext2//ext2_super.o
 .debug_info    0x000000000000b70d     0x10f2 out/./fs/vfs//dcache.o
 .debug_info    0x000000000000c7ff      0x962 out/./fs/vfs//fs_init.o
 .debug_info    0x000000000000d161      0xb81 out/./fs/vfs//fs_type.o
 .debug_info    0x000000000000dce2     0x1205 out/./fs/vfs//icache.o
 .debug_info    0x000000000000eee7      0xbea out/./fs/vfs//mount.o
 .debug_info    0x000000000000fad1      0x2c2 out/./fs/vfs//path.o
 .debug_info    0x000000000000fd93     0x1065 out/./fs/vfs//pcache.o
 .debug_info    0x0000000000010df8      0xb9d out/./fs/vfs//super.o
 .debug_info    0x0000000000011995      0xd9d out/./fs/vfs//vfs.o
 .debug_info    0x0000000000012732      0x2cf out/./arch/riscv64//symbols.o
 .debug_info    0x0000000000012a01      0x19b out/./drivers/uart.o
 .debug_info    0x0000000000012b9c      0x9e8 out/./drivers/virt_disk.o
 .debug_info    0x0000000000013584      0x2f0 out/./drivers/virtio.o
 .debug_info    0x0000000000013874      0x41d out/./lib/bitmap.o
 .debug_info    0x0000000000013c91      0x5df out/./lib/hashtable.o
 .debug_info    0x0000000000014270      0x98e out/./lib/lru.o
 .debug_info    0x0000000000014bfe      0x377 out/./lib/printk.o
 .debug_info    0x0000000000014f75      0x363 out/./lib/string.o
 .debug_info    0x00000000000152d8      0x3b3 out/./lib/time.o
 .debug_info    0x000000000001568b       0x97 out/./lib/utils.o
 .debug_info    0x0000000000015722       0x28 out/./arch/riscv64//boot.o

.debug_abbrev   0x0000000000000000     0x3dda
 .debug_abbrev  0x0000000000000000      0x179 out/.//elf.o
 .debug_abbrev  0x0000000000000179      0x297 out/.//init.o
 .debug_abbrev  0x0000000000000410      0x123 out/.//malloc.o
 .debug_abbrev  0x0000000000000533      0x186 out/.//vm.o
 .debug_abbrev  0x00000000000006b9      0x1c0 out/./fs/block_adapter.o
 .debug_abbrev  0x0000000000000879      0x13f out/./fs/block_device.o
 .debug_abbrev  0x00000000000009b8      0x28b out/./fs/ext2//ext2_block.o
 .debug_abbrev  0x0000000000000c43      0x23d out/./fs/ext2//ext2_cache.o
 .debug_abbrev  0x0000000000000e80      0x26b out/./fs/ext2//ext2_dir.o
 .debug_abbrev  0x00000000000010eb      0x1f6 out/./fs/ext2//ext2_file.o
 .debug_abbrev  0x00000000000012e1      0x269 out/./fs/ext2//ext2_inode.o
 .debug_abbrev  0x000000000000154a      0x281 out/./fs/ext2//ext2_namei.o
 .debug_abbrev  0x00000000000017cb      0x1f2 out/./fs/ext2//ext2_page.o
 .debug_abbrev  0x00000000000019bd      0x282 out/./fs/ext2//ext2_super.o
 .debug_abbrev  0x0000000000001c3f      0x27b out/./fs/vfs//dcache.o
 .debug_abbrev  0x0000000000001eba      0x18d out/./fs/vfs//fs_init.o
 .debug_abbrev  0x0000000000002047      0x1e9 out/./fs/vfs//fs_type.o
 .debug_abbrev  0x0000000000002230      0x2b3 out/./fs/vfs//icache.o
 .debug_abbrev  0x00000000000024e3      0x228 out/./fs/vfs//mount.o
 .debug_abbrev  0x000000000000270b      0x138 out/./fs/vfs//path.o
 .debug_abbrev  0x0000000000002843      0x28f out/./fs/vfs//pcache.o
 .debug_abbrev  0x0000000000002ad2      0x220 out/./fs/vfs//super.o
 .debug_abbrev  0x0000000000002cf2      0x23f out/./fs/vfs//vfs.o
 .debug_abbrev  0x0000000000002f31       0xc3 out/./arch/riscv64//symbols.o
 .debug_abbrev  0x0000000000002ff4      0x119 out/./drivers/uart.o
 .debug_abbrev  0x000000000000310d      0x232 out/./drivers/virt_disk.o
 .debug_abbrev  0x000000000000333f       0xe8 out/./drivers/virtio.o
 .debug_abbrev  0x0000000000003427      0x181 out/./lib/bitmap.o
 .debug_abbrev  0x00000000000035a8      0x1b6 out/./lib/hashtable.o
 .debug_abbrev  0x000000000000375e      0x1d7 out/./lib/lru.o
 .debug_abbrev  0x0000000000003935      0x15d out/./lib/printk.o
 .debug_abbrev  0x0000000000003a92      0x109 out/./lib/string.o
 .debug_abbrev  0x0000000000003b9b      0x1b7 out/./lib/time.o
 .debug_abbrev  0x0000000000003d52       0x74 out/./lib/utils.o
 .debug_abbrev  0x0000000000003dc6       0x14 out/./arch/riscv64//boot.o

.debug_aranges  0x0000000000000000      0x690
 .debug_aranges
                0x0000000000000000       0x30 out/.//elf.o
 .debug_aranges
                0x0000000000000030       0x30 out/.//init.o
 .debug_aranges
                0x0000000000000060       0x30 out/.//malloc.o
 .debug_aranges
                0x0000000000000090       0x30 out/.//vm.o
 .debug_aranges
                0x00000000000000c0       0x30 out/./fs/block_adapter.o
 .debug_aranges
                0x00000000000000f0       0x30 out/./fs/block_device.o
 .debug_aranges
                0x0000000000000120       0x30 out/./fs/ext2//ext2_block.o
 .debug_aranges
                0x0000000000000150       0x30 out/./fs/ext2//ext2_cache.o
 .debug_aranges
                0x0000000000000180       0x30 out/./fs/ext2//ext2_dir.o
 .debug_aranges
                0x00000000000001b0       0x30 out/./fs/ext2//ext2_file.o
 .debug_aranges
                0x00000000000001e0       0x30 out/./fs/ext2//ext2_inode.o
 .debug_aranges
                0x0000000000000210       0x30 out/./fs/ext2//ext2_namei.o
 .debug_aranges
                0x0000000000000240       0x30 out/./fs/ext2//ext2_page.o
 .debug_aranges
                0x0000000000000270       0x30 out/./fs/ext2//ext2_super.o
 .debug_aranges
                0x00000000000002a0       0x30 out/./fs/vfs//dcache.o
 .debug_aranges
                0x00000000000002d0       0x30 out/./fs/vfs//fs_init.o
 .debug_aranges
                0x0000000000000300       0x30 out/./fs/vfs//fs_type.o
 .debug_aranges
                0x0000000000000330       0x30 out/./fs/vfs//icache.o
 .debug_aranges
                0x0000000000000360       0x30 out/./fs/vfs//mount.o
 .debug_aranges
                0x0000000000000390       0x30 out/./fs/vfs//path.o
 .debug_aranges
                0x00000000000003c0       0x30 out/./fs/vfs//pcache.o
 .debug_aranges
                0x00000000000003f0       0x30 out/./fs/vfs//super.o
 .debug_aranges
                0x0000000000000420       0x30 out/./fs/vfs//vfs.o
 .debug_aranges
                0x0000000000000450       0x30 out/./arch/riscv64//symbols.o
 .debug_aranges
                0x0000000000000480       0x30 out/./drivers/uart.o
 .debug_aranges
                0x00000000000004b0       0x30 out/./drivers/virt_disk.o
 .debug_aranges
                0x00000000000004e0       0x30 out/./drivers/virtio.o
 .debug_aranges
                0x0000000000000510       0x30 out/./lib/bitmap.o
 .debug_aranges
                0x0000000000000540       0x30 out/./lib/hashtable.o
 .debug_aranges
                0x0000000000000570       0x30 out/./lib/lru.o
 .debug_aranges
                0x00000000000005a0       0x30 out/./lib/printk.o
 .debug_aranges
                0x00000000000005d0       0x30 out/./lib/string.o
 .debug_aranges
                0x0000000000000600       0x30 out/./lib/time.o
 .debug_aranges
                0x0000000000000630       0x30 out/./lib/utils.o
 .debug_aranges
                0x0000000000000660       0x30 out/./arch/riscv64//boot.o

.debug_line     0x0000000000000000     0xa101
 .debug_line    0x0000000000000000      0x46c out/.//elf.o
 .debug_line    0x000000000000046c      0x395 out/.//init.o
 .debug_line    0x0000000000000801      0x181 out/.//malloc.o
 .debug_line    0x0000000000000982      0x42e out/.//vm.o
 .debug_line    0x0000000000000db0      0x42c out/./fs/block_adapter.o
 .debug_line    0x00000000000011dc      0x125 out/./fs/block_device.o
 .debug_line    0x0000000000001301      0x61d out/./fs/ext2//ext2_block.o
 .debug_line    0x000000000000191e      0xdac out/./fs/ext2//ext2_cache.o
 .debug_line    0x00000000000026ca      0x944 out/./fs/ext2//ext2_dir.o
 .debug_line    0x000000000000300e      0x2c6 out/./fs/ext2//ext2_file.o
 .debug_line    0x00000000000032d4      0x817 out/./fs/ext2//ext2_inode.o
 .debug_line    0x0000000000003aeb      0x302 out/./fs/ext2//ext2_namei.o
 .debug_line    0x0000000000003ded      0x2b0 out/./fs/ext2//ext2_page.o
 .debug_line    0x000000000000409d      0x82a out/./fs/ext2//ext2_super.o
 .debug_line    0x00000000000048c7      0x7d2 out/./fs/vfs//dcache.o
 .debug_line    0x0000000000005099       0xd6 out/./fs/vfs//fs_init.o
 .debug_line    0x000000000000516f      0x324 out/./fs/vfs//fs_type.o
 .debug_line    0x0000000000005493      0x8ca out/./fs/vfs//icache.o
 .debug_line    0x0000000000005d5d      0x32a out/./fs/vfs//mount.o
 .debug_line    0x0000000000006087      0x352 out/./fs/vfs//path.o
 .debug_line    0x00000000000063d9      0x63f out/./fs/vfs//pcache.o
 .debug_line    0x0000000000006a18      0x28b out/./fs/vfs//super.o
 .debug_line    0x0000000000006ca3      0x4c5 out/./fs/vfs//vfs.o
 .debug_line    0x0000000000007168      0x1c7 out/./arch/riscv64//symbols.o
 .debug_line    0x000000000000732f      0x1c5 out/./drivers/uart.o
 .debug_line    0x00000000000074f4      0x813 out/./drivers/virt_disk.o
 .debug_line    0x0000000000007d07      0x1d4 out/./drivers/virtio.o
 .debug_line    0x0000000000007edb      0x440 out/./lib/bitmap.o
 .debug_line    0x000000000000831b      0x5d2 out/./lib/hashtable.o
 .debug_line    0x00000000000088ed      0x936 out/./lib/lru.o
 .debug_line    0x0000000000009223      0x4da out/./lib/printk.o
 .debug_line    0x00000000000096fd      0x3fa out/./lib/string.o
 .debug_line    0x0000000000009af7      0x44c out/./lib/time.o
 .debug_line    0x0000000000009f43      0x12a out/./lib/utils.o
 .debug_line    0x000000000000a06d       0x94 out/./arch/riscv64//boot.o

.debug_str      0x0000000000000000     0x21db
 .debug_str     0x0000000000000000     0x21db out/.//elf.o
                                        0x263 (size before relaxing)
 .debug_str     0x00000000000021db      0x6f4 out/.//init.o
 .debug_str     0x00000000000021db      0x144 out/.//malloc.o
 .debug_str     0x00000000000021db      0x235 out/.//vm.o
 .debug_str     0x00000000000021db      0x298 out/./fs/block_adapter.o
 .debug_str     0x00000000000021db      0x163 out/./fs/block_device.o
 .debug_str     0x00000000000021db      0xccd out/./fs/ext2//ext2_block.o
 .debug_str     0x00000000000021db      0xc92 out/./fs/ext2//ext2_cache.o
 .debug_str     0x00000000000021db      0x9a5 out/./fs/ext2//ext2_dir.o
 .debug_str     0x00000000000021db      0x600 out/./fs/ext2//ext2_file.o
 .debug_str     0x00000000000021db      0xca0 out/./fs/ext2//ext2_inode.o
 .debug_str     0x00000000000021db      0xd2b out/./fs/ext2//ext2_namei.o
 .debug_str     0x00000000000021db      0x76e out/./fs/ext2//ext2_page.o
 .debug_str     0x00000000000021db      0xce1 out/./fs/ext2//ext2_super.o
 .debug_str     0x00000000000021db      0x7af out/./fs/vfs//dcache.o
 .debug_str     0x00000000000021db      0x59e out/./fs/vfs//fs_init.o
 .debug_str     0x00000000000021db      0x5e2 out/./fs/vfs//fs_type.o
 .debug_str     0x00000000000021db      0x8a7 out/./fs/vfs//icache.o
 .debug_str     0x00000000000021db      0x651 out/./fs/vfs//mount.o
 .debug_str     0x00000000000021db      0x183 out/./fs/vfs//path.o
 .debug_str     0x00000000000021db      0x7a7 out/./fs/vfs//pcache.o
 .debug_str     0x00000000000021db      0x5f6 out/./fs/vfs//super.o
 .debug_str     0x00000000000021db      0x659 out/./fs/vfs//vfs.o
 .debug_str     0x00000000000021db      0x242 out/./arch/riscv64//symbols.o
 .debug_str     0x00000000000021db      0x12b out/./drivers/uart.o
 .debug_str     0x00000000000021db      0x580 out/./drivers/virt_disk.o
 .debug_str     0x00000000000021db      0x2b2 out/./drivers/virtio.o
 .debug_str     0x00000000000021db      0x1d4 out/./lib/bitmap.o
 .debug_str     0x00000000000021db      0x268 out/./lib/hashtable.o
 .debug_str     0x00000000000021db      0x33e out/./lib/lru.o
 .debug_str     0x00000000000021db      0x189 out/./lib/printk.o
 .debug_str     0x00000000000021db      0x126 out/./lib/string.o
 .debug_str     0x00000000000021db      0x226 out/./lib/time.o
 .debug_str     0x00000000000021db       0x9f out/./lib/utils.o
 .debug_str     0x00000000000021db       0x31 out/./arch/riscv64//boot.o

.debug_line_str
                0x0000000000000000      0x443
 .debug_line_str
                0x0000000000000000      0x443 out/.//elf.o
                                         0x69 (size before relaxing)
 .debug_line_str
                0x0000000000000443       0xf7 out/.//init.o
 .debug_line_str
                0x0000000000000443       0x6b out/.//malloc.o
 .debug_line_str
                0x0000000000000443       0x75 out/.//vm.o
 .debug_line_str
                0x0000000000000443       0x87 out/./fs/block_adapter.o
 .debug_line_str
                0x0000000000000443       0x79 out/./fs/block_device.o
 .debug_line_str
                0x0000000000000443      0x115 out/./fs/ext2//ext2_block.o
 .debug_line_str
                0x0000000000000443      0x108 out/./fs/ext2//ext2_cache.o
 .debug_line_str
                0x0000000000000443      0x111 out/./fs/ext2//ext2_dir.o
 .debug_line_str
                0x0000000000000443       0xe6 out/./fs/ext2//ext2_file.o
 .debug_line_str
                0x0000000000000443      0x140 out/./fs/ext2//ext2_inode.o
 .debug_line_str
                0x0000000000000443      0x128 out/./fs/ext2//ext2_namei.o
 .debug_line_str
                0x0000000000000443       0xf6 out/./fs/ext2//ext2_page.o
 .debug_line_str
                0x0000000000000443      0x11e out/./fs/ext2//ext2_super.o
 .debug_line_str
                0x0000000000000443       0xe0 out/./fs/vfs//dcache.o
 .debug_line_str
                0x0000000000000443       0xf6 out/./fs/vfs//fs_init.o
 .debug_line_str
                0x0000000000000443       0xcc out/./fs/vfs//fs_type.o
 .debug_line_str
                0x0000000000000443       0xe9 out/./fs/vfs//icache.o
 .debug_line_str
                0x0000000000000443       0xdb out/./fs/vfs//mount.o
 .debug_line_str
                0x0000000000000443       0x6d out/./fs/vfs//path.o
 .debug_line_str
                0x0000000000000443       0xe0 out/./fs/vfs//pcache.o
 .debug_line_str
                0x0000000000000443       0xd1 out/./fs/vfs//super.o
 .debug_line_str
                0x0000000000000443       0xe3 out/./fs/vfs//vfs.o
 .debug_line_str
                0x0000000000000443       0x68 out/./arch/riscv64//symbols.o
 .debug_line_str
                0x0000000000000443       0x53 out/./drivers/uart.o
 .debug_line_str
                0x0000000000000443       0xa8 out/./drivers/virt_disk.o
 .debug_line_str
                0x0000000000000443       0x62 out/./drivers/virtio.o
 .debug_line_str
                0x0000000000000443       0x68 out/./lib/bitmap.o
 .debug_line_str
                0x0000000000000443       0x80 out/./lib/hashtable.o
 .debug_line_str
                0x0000000000000443       0x87 out/./lib/lru.o
 .debug_line_str
                0x0000000000000443       0x8d out/./lib/printk.o
 .debug_line_str
                0x0000000000000443       0x56 out/./lib/string.o
 .debug_line_str
                0x0000000000000443       0x4c out/./lib/time.o
 .debug_line_str
                0x0000000000000443       0x40 out/./lib/utils.o
 .debug_line_str
                0x0000000000000443       0x25 out/./arch/riscv64//boot.o

.comment        0x0000000000000000       0x22
 .comment       0x0000000000000000       0x22 out/.//elf.o
                                         0x23 (size before relaxing)
 .comment       0x0000000000000022       0x23 out/.//init.o
 .comment       0x0000000000000022       0x23 out/.//malloc.o
 .comment       0x0000000000000022       0x23 out/.//vm.o
 .comment       0x0000000000000022       0x23 out/./fs/block_adapter.o
 .comment       0x0000000000000022       0x23 out/./fs/block_device.o
 .comment       0x0000000000000022       0x23 out/./fs/ext2//ext2_block.o
 .comment       0x0000000000000022       0x23 out/./fs/ext2//ext2_cache.o
 .comment       0x0000000000000022       0x23 out/./fs/ext2//ext2_dir.o
 .comment       0x0000000000000022       0x23 out/./fs/ext2//ext2_file.o
 .comment       0x0000000000000022       0x23 out/./fs/ext2//ext2_inode.o
 .comment       0x0000000000000022       0x23 out/./fs/ext2//ext2_namei.o
 .comment       0x0000000000000022       0x23 out/./fs/ext2//ext2_page.o
 .comment       0x0000000000000022       0x23 out/./fs/ext2//ext2_super.o
 .comment       0x0000000000000022       0x23 out/./fs/vfs//dcache.o
 .comment       0x0000000000000022       0x23 out/./fs/vfs//fs_init.o
 .comment       0x0000000000000022       0x23 out/./fs/vfs//fs_type.o
 .comment       0x0000000000000022       0x23 out/./fs/vfs//icache.o
 .comment       0x0000000000000022       0x23 out/./fs/vfs//mount.o
 .comment       0x0000000000000022       0x23 out/./fs/vfs//path.o
 .comment       0x0000000000000022       0x23 out/./fs/vfs//pcache.o
 .comment       0x0000000000000022       0x23 out/./fs/vfs//super.o
 .comment       0x0000000000000022       0x23 out/./fs/vfs//vfs.o
 .comment       0x0000000000000022       0x23 out/./arch/riscv64//symbols.o
 .comment       0x0000000000000022       0x23 out/./drivers/uart.o
 .comment       0x0000000000000022       0x23 out/./drivers/virt_disk.o
 .comment       0x0000000000000022       0x23 out/./drivers/virtio.o
 .comment       0x0000000000000022       0x23 out/./lib/bitmap.o
 .comment       0x0000000000000022       0x23 out/./lib/hashtable.o
 .comment       0x0000000000000022       0x23 out/./lib/lru.o
 .comment       0x0000000000000022       0x23 out/./lib/printk.o
 .comment       0x0000000000000022       0x23 out/./lib/string.o
 .comment       0x0000000000000022       0x23 out/./lib/time.o
 .comment       0x0000000000000022       0x23 out/./lib/utils.o

.riscv.attributes
                0x0000000000000000       0x57
 .riscv.attributes
                0x0000000000000000       0x53 out/.//elf.o
 .riscv.attributes
                0x0000000000000053       0x57 out/.//init.o
 .riscv.attributes
                0x00000000000000aa       0x53 out/.//malloc.o
 .riscv.attributes
                0x00000000000000fd       0x57 out/.//vm.o
 .riscv.attributes
                0x0000000000000154       0x53 out/./fs/block_adapter.o
 .riscv.attributes
                0x00000000000001a7       0x53 out/./fs/block_device.o
 .riscv.attributes
                0x00000000000001fa       0x53 out/./fs/ext2//ext2_block.o
 .riscv.attributes
                0x000000000000024d       0x53 out/./fs/ext2//ext2_cache.o
 .riscv.attributes
                0x00000000000002a0       0x53 out/./fs/ext2//ext2_dir.o
 .riscv.attributes
                0x00000000000002f3       0x53 out/./fs/ext2//ext2_file.o
 .riscv.attributes
                0x0000000000000346       0x53 out/./fs/ext2//ext2_inode.o
 .riscv.attributes
                0x0000000000000399       0x53 out/./fs/ext2//ext2_namei.o
 .riscv.attributes
                0x00000000000003ec       0x53 out/./fs/ext2//ext2_page.o
 .riscv.attributes
                0x000000000000043f       0x53 out/./fs/ext2//ext2_super.o
 .riscv.attributes
                0x0000000000000492       0x53 out/./fs/vfs//dcache.o
 .riscv.attributes
                0x00000000000004e5       0x53 out/./fs/vfs//fs_init.o
 .riscv.attributes
                0x0000000000000538       0x53 out/./fs/vfs//fs_type.o
 .riscv.attributes
                0x000000000000058b       0x53 out/./fs/vfs//icache.o
 .riscv.attributes
                0x00000000000005de       0x53 out/./fs/vfs//mount.o
 .riscv.attributes
                0x0000000000000631       0x53 out/./fs/vfs//path.o
 .riscv.attributes
                0x0000000000000684       0x53 out/./fs/vfs//pcache.o
 .riscv.attributes
                0x00000000000006d7       0x53 out/./fs/vfs//super.o
 .riscv.attributes
                0x000000000000072a       0x53 out/./fs/vfs//vfs.o
 .riscv.attributes
                0x000000000000077d       0x53 out/./arch/riscv64//symbols.o
 .riscv.attributes
                0x00000000000007d0       0x53 out/./drivers/uart.o
 .riscv.attributes
                0x0000000000000823       0x53 out/./drivers/virt_disk.o
 .riscv.attributes
                0x0000000000000876       0x53 out/./drivers/virtio.o
 .riscv.attributes
                0x00000000000008c9       0x53 out/./lib/bitmap.o
 .riscv.attributes
                0x000000000000091c       0x53 out/./lib/hashtable.o
 .riscv.attributes
                0x000000000000096f       0x53 out/./lib/lru.o
 .riscv.attributes
                0x00000000000009c2       0x53 out/./lib/printk.o
 .riscv.attributes
                0x0000000000000a15       0x53 out/./lib/string.o
 .riscv.attributes
                0x0000000000000a68       0x53 out/./lib/time.o
 .riscv.attributes
                0x0000000000000abb       0x53 out/./lib/utils.o
 .riscv.attributes
                0x0000000000000b0e       0x55 out/./arch/riscv64//boot.o

.debug_frame    0x0000000000000000     0x3210
 .debug_frame   0x0000000000000000       0xa0 out/.//elf.o
 .debug_frame   0x00000000000000a0      0x2d8 out/.//init.o
 .debug_frame   0x0000000000000378       0xd0 out/.//malloc.o
 .debug_frame   0x0000000000000448      0x160 out/.//vm.o
 .debug_frame   0x00000000000005a8      0x160 out/./fs/block_adapter.o
 .debug_frame   0x0000000000000708       0x70 out/./fs/block_device.o
 .debug_frame   0x0000000000000778      0x190 out/./fs/ext2//ext2_block.o
 .debug_frame   0x0000000000000908      0x1f0 out/./fs/ext2//ext2_cache.o
 .debug_frame   0x0000000000000af8      0x1f0 out/./fs/ext2//ext2_dir.o
 .debug_frame   0x0000000000000ce8       0xa0 out/./fs/ext2//ext2_file.o
 .debug_frame   0x0000000000000d88      0x190 out/./fs/ext2//ext2_inode.o
 .debug_frame   0x0000000000000f18      0x138 out/./fs/ext2//ext2_namei.o
 .debug_frame   0x0000000000001050       0x70 out/./fs/ext2//ext2_page.o
 .debug_frame   0x00000000000010c0       0xd8 out/./fs/ext2//ext2_super.o
 .debug_frame   0x0000000000001198      0x3a8 out/./fs/vfs//dcache.o
 .debug_frame   0x0000000000001540       0x40 out/./fs/vfs//fs_init.o
 .debug_frame   0x0000000000001580      0x190 out/./fs/vfs//fs_type.o
 .debug_frame   0x0000000000001710      0x3b0 out/./fs/vfs//icache.o
 .debug_frame   0x0000000000001ac0      0x160 out/./fs/vfs//mount.o
 .debug_frame   0x0000000000001c20       0xa0 out/./fs/vfs//path.o
 .debug_frame   0x0000000000001cc0      0x348 out/./fs/vfs//pcache.o
 .debug_frame   0x0000000000002008      0x190 out/./fs/vfs//super.o
 .debug_frame   0x0000000000002198      0x190 out/./fs/vfs//vfs.o
 .debug_frame   0x0000000000002328       0x70 out/./arch/riscv64//symbols.o
 .debug_frame   0x0000000000002398      0x100 out/./drivers/uart.o
 .debug_frame   0x0000000000002498      0x190 out/./drivers/virt_disk.o
 .debug_frame   0x0000000000002628       0x40 out/./drivers/virtio.o
 .debug_frame   0x0000000000002668      0x1f0 out/./lib/bitmap.o
 .debug_frame   0x0000000000002858      0x220 out/./lib/hashtable.o
 .debug_frame   0x0000000000002a78      0x370 out/./lib/lru.o
 .debug_frame   0x0000000000002de8       0xf8 out/./lib/printk.o
 .debug_frame   0x0000000000002ee0      0x190 out/./lib/string.o
 .debug_frame   0x0000000000003070      0x130 out/./lib/time.o
 .debug_frame   0x00000000000031a0       0x70 out/./lib/utils.o

.debug_rnglists
                0x0000000000000000       0x17
 .debug_rnglists
                0x0000000000000000       0x17 out/./drivers/virt_disk.o
