
There are no discarded input sections

Memory Configuration

Name             Origin             Length             Attributes
RAM              0x0000000080000000 0x0000000000200000 xrw
*default*        0x0000000000000000 0xffffffffffffffff

Linker script and memory map

                0x0000000000001000                STACK_SIZE = 0x1000
                0x0000000080000000                RAM_BASE = 0x80000000
                0x0000000000200000                RAM_SIZE = 0x200000
                0x0000000080000000                . = ORIGIN (RAM)

.text           0x0000000080000000     0xe000
 *(.text.boot)
 .text.boot     0x0000000080000000       0x3c out/./arch/riscv64//boot.o
                0x0000000080000000                _start
                0x0000000080001000                . = ALIGN (0x1000)
 *fill*         0x000000008000003c      0xfc4 
                0x0000000080001000                _text_start = .
 *(.text .text.*)
 .text          0x0000000080001000      0x850 out/.//elf.o
                0x0000000080001416                elf_parse
 .text          0x0000000080001850      0x484 out/.//init.o
                0x0000000080001a4e                read_csr_mc
                0x0000000080001a68                read_csr_mt
                0x0000000080001a82                read_csr_mepc
                0x0000000080001a9c                jump_to_kernel
                0x0000000080001c24                init
 .text          0x0000000080001cd4      0x19a out/.//malloc.o
                0x0000000080001cd4                malloc_init
                0x0000000080001d0a                malloc
                0x0000000080001dac                page_alloc
                0x0000000080001e5c                free
 .text          0x0000000080001e6e      0x9bc out/.//vm.o
                0x0000000080001ee4                get_child_pgtbl
                0x0000000080002044                page_walk
                0x0000000080002164                mmap
                0x0000000080002398                map_range
                0x00000000800025b0                early_page_table_init
                0x0000000080002808                vm_init
 .text          0x000000008000282a      0x3b6 out/./fs/block_adapter.o
                0x000000008000282a                block_adapter_register
                0x0000000080002930                block_adapter_destory
                0x000000008000294e                block_adapter_open
                0x00000000800029b8                block_adapter_read
                0x0000000080002aaa                block_adapter_write
                0x0000000080002b9c                block_adapter_get_block_size
                0x0000000080002bbe                block_adapter_get_sectors_per_block
 .text          0x0000000080002be0       0xee out/./fs/block_device.o
                0x0000000080002be0                block_device_register
                0x0000000080002c5c                block_device_open
 .text          0x0000000080002cce      0x90c out/./fs/ext2//ext2_block.o
                0x0000000080002d5c                ext2_bno_group
                0x0000000080002dd0                ext2_alloc_bno
                0x0000000080002fb6                ext2_release_bno
                0x00000000800032d2                ext2_block_mapping
 .text          0x00000000800035da     0x10f4 out/./fs/ext2//ext2_cache.o
                0x000000008000361c                ext2_sync_inode_bitmap_cache
                0x0000000080003790                ext2_load_inode_bitmap_cache
                0x0000000080003a48                ext2_sync_inode_table_cache
                0x0000000080003c00                ext2_load_inode_table_cache
                0x0000000080003ebc                ext2_select_inode_group
                0x0000000080003fec                ext2_sync_block_bitmap_cache
                0x0000000080004168                ext2_load_block_bitmap_cache
                0x000000008000441c                ext2_select_block_group
                0x000000008000458c                ext2_sync_cache
 .text          0x00000000800046ce     0x101a out/./fs/ext2//ext2_dir.o
                0x000000008000474c                ext2_init_dot_entries
                0x0000000080004988                ext2_find
                0x0000000080004b6a                ext2_init_new_inode
                0x00000000800051ec                ext2_init_new_entry
                0x0000000080005458                ext2_find_slot
                0x0000000080005584                ext2_add_entry
                0x00000000800056d0                ext2_remove_entry
 .text          0x00000000800056e8      0x29c out/./fs/ext2//ext2_file.o
                0x000000008000572a                ext2_file_read
                0x0000000080005964                ext2_file_write
 .text          0x0000000080005984      0xd18 out/./fs/ext2//ext2_inode.o
                0x00000000800059c6                ext2_ino_group
                0x00000000800059f8                ext2_alloc_ino
                0x0000000080005bf2                ext2_release_ino
                0x0000000080005dee                ext2_create_inode
                0x00000000800060f4                ext2_new_inode
                0x000000008000621e                ext2_read_inode
                0x00000000800064f2                ext2_write_inode
 .text          0x000000008000669c      0x374 out/./fs/ext2//ext2_namei.o
                0x00000000800066de                ext2_lookup
                0x0000000080006990                ext2_mkdir
                0x00000000800069c4                ext2_rmdir
                0x00000000800069dc                ext2_creat
 .text          0x0000000080006a10      0x26e out/./fs/ext2//ext2_page.o
                0x0000000080006a10                ext2_readpage
                0x0000000080006b14                ext2_writepage
 .text          0x0000000080006c7e      0xaf2 out/./fs/ext2//ext2_super.o
                0x0000000080006cc0                ext2_fill_super
                0x00000000800074e4                ext2_kill_super
                0x0000000080007518                ext2_sync_super
 .text          0x0000000080007770      0x8e6 out/./fs/vfs//dcache.o
                0x00000000800078d2                vfs_create_dentry
                0x0000000080007a62                vfs_destroy_dentry
                0x0000000080007c66                dcache_init
                0x0000000080007cea                dcache_destroy
                0x0000000080007d0c                dnew
                0x0000000080007e7c                dget
                0x0000000080007fd6                dput
 .text          0x0000000080008056       0x30 out/./fs/vfs//fs_init.o
                0x0000000080008056                fs_init
 .text          0x0000000080008086      0x3c4 out/./fs/vfs//fs_type.o
                0x000000008000819c                fs_register
                0x00000000800082c0                fs_unregister
                0x00000000800083e2                fs_get
 .text          0x000000008000844a      0x95c out/./fs/vfs//icache.o
                0x0000000080008584                destroy_inode
                0x0000000080008670                create_inode
                0x00000000800087c2                inew
                0x00000000800089a4                icache_init
                0x0000000080008a28                icache_destroy
                0x0000000080008a4a                iget
                0x0000000080008bd4                iput
                0x0000000080008d36                icache_sync
 .text          0x0000000080008da6      0x3c4 out/./fs/vfs//mount.o
                0x0000000080008e82                mount
                0x0000000080009096                mount_rootfs
                0x0000000080009152                get_root
 .text          0x000000008000916a      0x3a0 out/./fs/vfs//path.o
                0x00000000800091ac                path_split
                0x00000000800092ee                base_dir_split
 .text          0x000000008000950a      0x6a0 out/./fs/vfs//pcache.o
                0x000000008000987c                pcache_init
                0x0000000080009900                pcache_destory
                0x0000000080009922                pget
                0x00000000800099f4                pput
                0x0000000080009a92                vfs_pcache_sync_func
                0x0000000080009b3a                pcache_sync
 .text          0x0000000080009baa      0x2fe out/./fs/vfs//super.o
                0x0000000080009cc0                alloc_super
                0x0000000080009d88                free_super
                0x0000000080009dfa                sync_super
 .text          0x0000000080009ea8      0x534 out/./fs/vfs//vfs.o
                0x0000000080009eea                lookup
                0x0000000080009fe0                mkdir
                0x000000008000a0e8                rmdir
                0x000000008000a0fc                open
                0x000000008000a182                read
                0x000000008000a2ba                write
                0x000000008000a3ce                vfs_test
 .text          0x000000008000a3dc      0x1ec out/./arch/riscv64//symbols.o
                0x000000008000a3dc                symbols_init
                0x000000008000a582                zero_bss
 .text          0x000000008000a5c8      0x46e out/./arch/riscv64//trap_handler.o
                0x000000008000a6f6                trap_init
                0x000000008000a716                s_soft_interrupt_handler
                0x000000008000a73e                m_soft_interrupt_handler
                0x000000008000a768                s_timer_interrupt_handler
                0x000000008000a77e                m_timer_interrupt_handler
                0x000000008000a794                s_extern_interrupt_handler
                0x000000008000a7fe                m_extern_interrupt_handler
                0x000000008000a868                trap_handler
                0x000000008000aa24                page_fault_handler
 .text          0x000000008000aa36      0x422 out/./drivers/time.o
                0x000000008000ab84                adjust_timezone
                0x000000008000acdc                system_time_to_unix_timestamp
                0x000000008000add4                get_current_time
                0x000000008000ae18                get_current_unix_timestamp
 .text          0x000000008000ae58      0x168 out/./drivers/uart.o
                0x000000008000ae58                uart_init
                0x000000008000af12                uart_putc
                0x000000008000af48                uart_getc
                0x000000008000af76                uart_puts
                0x000000008000afb2                uart0_iqr
 .text          0x000000008000afc0      0x774 out/./drivers/virt_disk.o
                0x000000008000b0da                virt_disk_rw
                0x000000008000b3fe                virt_disk_get_capacity
                0x000000008000b42a                disk_write_sector
                0x000000008000b458                disk_read_sector
                0x000000008000b486                virt_disk_init
 .text          0x000000008000b734      0x1b2 out/./drivers/virtio.o
                0x000000008000b734                virtio_blk_init
 .text          0x000000008000b8e6      0x44a out/./lib/bitmap.o
                0x000000008000b8e6                bitmap_create
                0x000000008000b970                bitmap_destory
                0x000000008000b98e                bitmap_set_bit
                0x000000008000ba20                bitmap_clear_bit
                0x000000008000bab6                bitmap_test_bit
                0x000000008000bb3e                bitmap_get_size
                0x000000008000bb70                bitmap_update_size
                0x000000008000bbb0                bitmap_get_bytes_num
                0x000000008000bbe6                bitmap_get_size_in_bytes
                0x000000008000bc1e                bitmap_scan_0
 .text          0x000000008000bd30      0x6a0 out/./lib/hashtable.o
                0x000000008000be2a                hashtable_init
                0x000000008000c03a                hashtable_destroy
                0x000000008000c0aa                hashtable_lookup
                0x000000008000c1aa                hashtable_insert
                0x000000008000c27c                hashtable_remove
                0x000000008000c31c                hashtable_size
                0x000000008000c376                hashtable_node_count
 .text          0x000000008000c3d0      0xc2c out/./lib/lru.o
                0x000000008000c54a                lru_init
                0x000000008000c722                lru_node_init
                0x000000008000c7a0                lru_destroy
                0x000000008000c850                lru_hash_lookup
                0x000000008000c968                lru_hash_insert
                0x000000008000ca5a                lru_hash_remove
                0x000000008000cb94                lru_cache_insert
                0x000000008000cd00                lru_cache_remove
                0x000000008000ce24                lru_ref
                0x000000008000ce8e                lru_unref
                0x000000008000cf16                lru_walk
 .text          0x000000008000cffc      0x4fc out/./lib/printk.o
                0x000000008000cffc                num2char
                0x000000008000d198                _vsprint
                0x000000008000d3ba                _vprint
                0x000000008000d434                printk
                0x000000008000d488                panic
 .text          0x000000008000d4f8      0x348 out/./lib/string.o
                0x000000008000d4f8                memset
                0x000000008000d552                memcpy
                0x000000008000d5b8                strcpy
                0x000000008000d61a                strncpy
                0x000000008000d6a4                strlen
                0x000000008000d6e2                strcmp
                0x000000008000d748                strncmp
                0x000000008000d7ec                strdup
 .text          0x000000008000d840       0xca out/./lib/utils.o
                0x000000008000d840                next_power_of_two
                0x000000008000d8d6                is_power_of_two
 .text          0x000000008000d90a        0x0 out/./arch/riscv64//boot.o
 *fill*         0x000000008000d90a        0x2 
 .text          0x000000008000d90c       0xca out/./arch/riscv64//trap.o
                0x000000008000d90c                m_trap_entry
                0x000000008000e000                . = ALIGN (0x1000)
 *fill*         0x000000008000d9d6      0x62a 
                0x000000008000e000                _text_end = .

.rodata         0x000000008000e000     0x3000
                0x000000008000e000                . = ALIGN (0x1000)
                0x000000008000e000                _rodata_start = .
 *(.rodata .rodata.* .srodata .srodata.*)
 .rodata        0x000000008000e000      0x342 out/.//elf.o
 *fill*         0x000000008000e342        0x6 
 .rodata        0x000000008000e348        0xc out/.//init.o
 *fill*         0x000000008000e354        0x4 
 .rodata        0x000000008000e358       0x1e out/.//malloc.o
 *fill*         0x000000008000e376        0x2 
 .rodata        0x000000008000e378      0x22a out/.//vm.o
 *fill*         0x000000008000e5a2        0x6 
 .srodata       0x000000008000e5a8        0x5 out/.//vm.o
 *fill*         0x000000008000e5ad        0x3 
 .rodata        0x000000008000e5b0      0x13b out/./fs/ext2//ext2_block.o
 *fill*         0x000000008000e6eb        0x5 
 .rodata        0x000000008000e6f0      0x310 out/./fs/ext2//ext2_cache.o
 .rodata        0x000000008000ea00      0x187 out/./fs/ext2//ext2_dir.o
 *fill*         0x000000008000eb87        0x1 
 .rodata        0x000000008000eb88      0x13f out/./fs/ext2//ext2_file.o
 *fill*         0x000000008000ecc7        0x1 
 .rodata        0x000000008000ecc8      0x2d1 out/./fs/ext2//ext2_inode.o
 *fill*         0x000000008000ef99        0x7 
 .rodata        0x000000008000efa0       0xb1 out/./fs/ext2//ext2_namei.o
 *fill*         0x000000008000f051        0x7 
 .rodata        0x000000008000f058      0x340 out/./fs/ext2//ext2_super.o
 .rodata        0x000000008000f398      0x2ac out/./fs/vfs//dcache.o
 *fill*         0x000000008000f644        0x4 
 .srodata       0x000000008000f648       0x15 out/./fs/vfs//dcache.o
 *fill*         0x000000008000f65d        0x3 
 .rodata        0x000000008000f660      0x146 out/./fs/vfs//fs_type.o
 *fill*         0x000000008000f7a6        0x2 
 .rodata        0x000000008000f7a8      0x304 out/./fs/vfs//icache.o
 *fill*         0x000000008000faac        0x4 
 .srodata       0x000000008000fab0       0x15 out/./fs/vfs//icache.o
 *fill*         0x000000008000fac5        0x3 
 .rodata        0x000000008000fac8      0x1f5 out/./fs/vfs//mount.o
 *fill*         0x000000008000fcbd        0x3 
 .srodata       0x000000008000fcc0        0x6 out/./fs/vfs//mount.o
 *fill*         0x000000008000fcc6        0x2 
 .rodata        0x000000008000fcc8       0xa7 out/./fs/vfs//path.o
 *fill*         0x000000008000fd6f        0x1 
 .rodata        0x000000008000fd70      0x21c out/./fs/vfs//pcache.o
 *fill*         0x000000008000ff8c        0x4 
 .srodata       0x000000008000ff90        0x5 out/./fs/vfs//pcache.o
 *fill*         0x000000008000ff95        0x3 
 .rodata        0x000000008000ff98      0x1d3 out/./fs/vfs//super.o
 *fill*         0x000000008001016b        0x5 
 .rodata        0x0000000080010170      0x134 out/./fs/vfs//vfs.o
 *fill*         0x00000000800102a4        0x4 
 .srodata       0x00000000800102a8       0x1e out/./fs/vfs//vfs.o
 *fill*         0x00000000800102c6        0x2 
 .rodata        0x00000000800102c8      0x238 out/./arch/riscv64//trap_handler.o
 .srodata       0x0000000080010500        0x8 out/./drivers/time.o
                0x0000000080010500                system_time
 .rodata        0x0000000080010508        0xc out/./drivers/time.o
 *fill*         0x0000000080010514        0x4 
 .rodata        0x0000000080010518       0x32 out/./drivers/virt_disk.o
 *fill*         0x000000008001054a        0x6 
 .rodata        0x0000000080010550       0x74 out/./lib/bitmap.o
 *fill*         0x00000000800105c4        0x4 
 .rodata        0x00000000800105c8      0x2a5 out/./lib/hashtable.o
 *fill*         0x000000008001086d        0x3 
 .rodata        0x0000000080010870      0x339 out/./lib/lru.o
 *fill*         0x0000000080010ba9        0x7 
 .srodata       0x0000000080010bb0        0x8 out/./lib/lru.o
 .rodata        0x0000000080010bb8       0x8a out/./lib/printk.o
                0x0000000080011000                . = ALIGN (0x1000)
 *fill*         0x0000000080010c42      0x3be 
                0x0000000080011000                _rodata_end = .

.rela.dyn       0x0000000080011000        0x0
 .rela.text     0x0000000080011000        0x0 out/.//elf.o
 .rela.text.boot
                0x0000000080011000        0x0 out/.//elf.o

.data           0x0000000080011000     0x1000
                0x0000000080011000                _data_start = .
                0x0000000080011000                . = ALIGN (0x1000)
 *(.data .data.* .sdata .sdata.*)
 .data          0x0000000080011000        0x0 out/.//elf.o
 .data          0x0000000080011000        0x0 out/.//init.o
 .data          0x0000000080011000        0x0 out/.//malloc.o
 .data          0x0000000080011000        0x0 out/.//vm.o
 .data          0x0000000080011000        0x0 out/./fs/block_adapter.o
 .data          0x0000000080011000        0x0 out/./fs/block_device.o
 .data          0x0000000080011000        0x0 out/./fs/ext2//ext2_block.o
 .data          0x0000000080011000        0x0 out/./fs/ext2//ext2_cache.o
 .data          0x0000000080011000        0x0 out/./fs/ext2//ext2_dir.o
 .data          0x0000000080011000       0x10 out/./fs/ext2//ext2_file.o
                0x0000000080011000                ext2_file_ops
 .data          0x0000000080011010       0x30 out/./fs/ext2//ext2_inode.o
                0x0000000080011010                ext2_s_ops
 .data          0x0000000080011040       0x18 out/./fs/ext2//ext2_namei.o
                0x0000000080011040                ext2_inode_ops
 .data          0x0000000080011058       0x10 out/./fs/ext2//ext2_page.o
                0x0000000080011058                ext2_aops
 .data          0x0000000080011068       0x48 out/./fs/ext2//ext2_super.o
                0x0000000080011068                ext2_fs_type
 .data          0x00000000800110b0        0x0 out/./fs/vfs//dcache.o
 .data          0x00000000800110b0        0x0 out/./fs/vfs//fs_init.o
 .data          0x00000000800110b0       0x10 out/./fs/vfs//fs_type.o
 .data          0x00000000800110c0        0x0 out/./fs/vfs//icache.o
 .data          0x00000000800110c0       0x10 out/./fs/vfs//mount.o
                0x00000000800110c0                vfs_mount_points
 .data          0x00000000800110d0        0x0 out/./fs/vfs//path.o
 .data          0x00000000800110d0        0x0 out/./fs/vfs//pcache.o
 .data          0x00000000800110d0       0x10 out/./fs/vfs//super.o
 .data          0x00000000800110e0        0x0 out/./fs/vfs//vfs.o
 .data          0x00000000800110e0        0x0 out/./arch/riscv64//symbols.o
 .data          0x00000000800110e0       0x58 out/./arch/riscv64//trap_handler.o
                0x00000000800110e0                interrupt_handlers
 .data          0x0000000080011138        0x0 out/./drivers/time.o
 .data          0x0000000080011138        0x0 out/./drivers/uart.o
 .data          0x0000000080011138        0x0 out/./drivers/virt_disk.o
 .data          0x0000000080011138        0x0 out/./drivers/virtio.o
 .sdata         0x0000000080011138        0x8 out/./drivers/virtio.o
                0x0000000080011138                virtio
 .data          0x0000000080011140        0x0 out/./lib/bitmap.o
 .data          0x0000000080011140        0x0 out/./lib/hashtable.o
 .data          0x0000000080011140        0x0 out/./lib/lru.o
 .data          0x0000000080011140        0x0 out/./lib/printk.o
 .data          0x0000000080011140        0x0 out/./lib/string.o
 .data          0x0000000080011140        0x0 out/./lib/utils.o
 .data          0x0000000080011140        0x0 out/./arch/riscv64//boot.o
 .data          0x0000000080011140        0x0 out/./arch/riscv64//trap.o
                0x0000000080012000                . = ALIGN (0x1000)
 *fill*         0x0000000080011140      0xec0 
                0x0000000080012000                _data_end = .

.bss            0x0000000080012000     0x2000
                0x0000000080012000                _bss_start = .
 *(.bss .bss.* .sbss)
 .bss           0x0000000080012000        0x0 out/.//elf.o
 .bss           0x0000000080012000        0x0 out/.//init.o
 .bss           0x0000000080012000       0x10 out/.//malloc.o
 .bss           0x0000000080012010        0x0 out/.//vm.o
 .sbss          0x0000000080012010        0x8 out/.//vm.o
                0x0000000080012010                early_pgd
 .bss           0x0000000080012018      0x100 out/./fs/block_adapter.o
                0x0000000080012018                block_adapter_registry
 .bss           0x0000000080012118      0x1c0 out/./fs/block_device.o
                0x0000000080012118                bdev_registry
 .bss           0x00000000800122d8        0x0 out/./fs/ext2//ext2_block.o
 .sbss          0x00000000800122d8        0xc out/./fs/ext2//ext2_block.o
                0x00000000800122d8                ext2_balloc_lock
                0x00000000800122e0                ext2_bfree_lock
 .bss           0x00000000800122e4        0x0 out/./fs/ext2//ext2_cache.o
 .bss           0x00000000800122e4        0x0 out/./fs/ext2//ext2_dir.o
 .bss           0x00000000800122e4        0x0 out/./fs/ext2//ext2_file.o
 .bss           0x00000000800122e4        0x0 out/./fs/ext2//ext2_inode.o
 .bss           0x00000000800122e4        0x0 out/./fs/ext2//ext2_namei.o
 .bss           0x00000000800122e4        0x0 out/./fs/ext2//ext2_page.o
 .bss           0x00000000800122e4        0x0 out/./fs/ext2//ext2_super.o
 .bss           0x00000000800122e4        0x0 out/./fs/vfs//dcache.o
 *fill*         0x00000000800122e4        0x4 
 .sbss          0x00000000800122e8        0x8 out/./fs/vfs//dcache.o
                0x00000000800122e8                global_dentry_cache
 .bss           0x00000000800122f0        0x0 out/./fs/vfs//fs_init.o
 .bss           0x00000000800122f0        0x0 out/./fs/vfs//fs_type.o
 .bss           0x00000000800122f0        0x0 out/./fs/vfs//icache.o
 .sbss          0x00000000800122f0        0x8 out/./fs/vfs//icache.o
                0x00000000800122f0                global_inode_cache
 .bss           0x00000000800122f8        0x8 out/./fs/vfs//mount.o
 .bss           0x0000000080012300       0x10 out/./fs/vfs//path.o
 .bss           0x0000000080012310        0x0 out/./fs/vfs//pcache.o
 .sbss          0x0000000080012310        0x8 out/./fs/vfs//pcache.o
                0x0000000080012310                global_page_cache
 .bss           0x0000000080012318        0x0 out/./fs/vfs//super.o
 .bss           0x0000000080012318        0x0 out/./fs/vfs//vfs.o
 .sbss          0x0000000080012318        0x8 out/./fs/vfs//vfs.o
                0x0000000080012318                current
 .bss           0x0000000080012320        0x0 out/./arch/riscv64//symbols.o
 .sbss          0x0000000080012320       0x90 out/./arch/riscv64//symbols.o
                0x0000000080012320                boot_text_start
                0x0000000080012328                boot_text_end
                0x0000000080012330                boot_text_size
                0x0000000080012338                boot_rodata_start
                0x0000000080012340                boot_rodata_end
                0x0000000080012348                boot_rodata_size
                0x0000000080012350                boot_data_start
                0x0000000080012358                boot_data_end
                0x0000000080012360                boot_data_size
                0x0000000080012368                boot_bss_start
                0x0000000080012370                boot_bss_end
                0x0000000080012378                boot_bss_size
                0x0000000080012380                boot_stack_start
                0x0000000080012388                boot_stack_end
                0x0000000080012390                boot_stack_size
                0x0000000080012398                boot_heap_start
                0x00000000800123a0                boot_heap_end
                0x00000000800123a8                boot_heap_size
 .bss           0x00000000800123b0        0x0 out/./arch/riscv64//trap_handler.o
 .bss           0x00000000800123b0        0x0 out/./drivers/time.o
 .bss           0x00000000800123b0        0x0 out/./drivers/uart.o
 .bss           0x00000000800123b0      0x150 out/./drivers/virt_disk.o
                0x00000000800123b0                virt_disk
                0x0000000080012468                avail
                0x0000000080012480                used
 .sbss          0x0000000080012500        0x1 out/./drivers/virt_disk.o
                0x0000000080012500                desc
 .bss           0x0000000080012501        0x0 out/./drivers/virtio.o
 .bss           0x0000000080012501        0x0 out/./lib/bitmap.o
 .bss           0x0000000080012501        0x0 out/./lib/hashtable.o
 .bss           0x0000000080012501        0x0 out/./lib/lru.o
 *fill*         0x0000000080012501        0x7 
 .bss           0x0000000080012508     0x1000 out/./lib/printk.o
 .bss           0x0000000080013508        0x0 out/./lib/string.o
 .bss           0x0000000080013508        0x0 out/./lib/utils.o
 .bss           0x0000000080013508        0x0 out/./arch/riscv64//boot.o
 .bss           0x0000000080013508        0x0 out/./arch/riscv64//trap.o
 *(COMMON)
                0x0000000080014000                . = ALIGN (0x1000)
 *fill*         0x0000000080013508      0xaf8 
                0x0000000080014000                _bss_end = .
                0x0000000080014000                . = ALIGN (0x1000)
                0x0000000080014000                _heap_start = .
                0x0000000080200000                _stack_end = (RAM_BASE + RAM_SIZE)
                0x00000000801ff000                _stack_start = (_stack_end - STACK_SIZE)
                0x00000000801ff000                _heap_end = _stack_start
                0x0000000080001000                PROVIDE (__text_start = _text_start)
                0x000000008000e000                PROVIDE (__text_end = _text_end)
                0x000000008000e000                PROVIDE (__rodata_start = _rodata_start)
                0x0000000080011000                PROVIDE (__rodata_end = _rodata_end)
                0x0000000080011000                PROVIDE (__data_start = _data_start)
                0x0000000080012000                PROVIDE (__data_end = _data_end)
                0x0000000080012000                PROVIDE (__bss_start = _bss_start)
                0x0000000080014000                PROVIDE (__bss_end = _bss_end)
                0x00000000801ff000                PROVIDE (__stack_start = _stack_start)
                0x0000000080200000                PROVIDE (__stack_end = _stack_end)
                0x0000000080014000                PROVIDE (__heap_start = _heap_start)
                0x00000000801ff000                PROVIDE (__heap_end = _heap_end)
LOAD out/.//elf.o
LOAD out/.//init.o
LOAD out/.//malloc.o
LOAD out/.//vm.o
LOAD out/./fs/block_adapter.o
LOAD out/./fs/block_device.o
LOAD out/./fs/ext2//ext2_block.o
LOAD out/./fs/ext2//ext2_cache.o
LOAD out/./fs/ext2//ext2_dir.o
LOAD out/./fs/ext2//ext2_file.o
LOAD out/./fs/ext2//ext2_inode.o
LOAD out/./fs/ext2//ext2_namei.o
LOAD out/./fs/ext2//ext2_page.o
LOAD out/./fs/ext2//ext2_super.o
LOAD out/./fs/vfs//dcache.o
LOAD out/./fs/vfs//fs_init.o
LOAD out/./fs/vfs//fs_type.o
LOAD out/./fs/vfs//icache.o
LOAD out/./fs/vfs//mount.o
LOAD out/./fs/vfs//path.o
LOAD out/./fs/vfs//pcache.o
LOAD out/./fs/vfs//super.o
LOAD out/./fs/vfs//vfs.o
LOAD out/./arch/riscv64//symbols.o
LOAD out/./arch/riscv64//trap_handler.o
LOAD out/./drivers/time.o
LOAD out/./drivers/uart.o
LOAD out/./drivers/virt_disk.o
LOAD out/./drivers/virtio.o
LOAD out/./lib/bitmap.o
LOAD out/./lib/hashtable.o
LOAD out/./lib/lru.o
LOAD out/./lib/printk.o
LOAD out/./lib/string.o
LOAD out/./lib/utils.o
LOAD out/./arch/riscv64//boot.o
LOAD out/./arch/riscv64//trap.o
OUTPUT(out/vboot.elf elf64-littleriscv)

.debug_info     0x0000000000000000    0x16149
 .debug_info    0x0000000000000000      0x41e out/.//elf.o
 .debug_info    0x000000000000041e      0xfc5 out/.//init.o
 .debug_info    0x00000000000013e3      0x1ae out/.//malloc.o
 .debug_info    0x0000000000001591      0x66d out/.//vm.o
 .debug_info    0x0000000000001bfe      0x51c out/./fs/block_adapter.o
 .debug_info    0x000000000000211a      0x214 out/./fs/block_device.o
 .debug_info    0x000000000000232e     0x1594 out/./fs/ext2//ext2_block.o
 .debug_info    0x00000000000038c2     0x1689 out/./fs/ext2//ext2_cache.o
 .debug_info    0x0000000000004f4b     0x135b out/./fs/ext2//ext2_dir.o
 .debug_info    0x00000000000062a6      0xb2e out/./fs/ext2//ext2_file.o
 .debug_info    0x0000000000006dd4     0x15ae out/./fs/ext2//ext2_inode.o
 .debug_info    0x0000000000008382     0x1551 out/./fs/ext2//ext2_namei.o
 .debug_info    0x00000000000098d3      0xdb6 out/./fs/ext2//ext2_page.o
 .debug_info    0x000000000000a689     0x1516 out/./fs/ext2//ext2_super.o
 .debug_info    0x000000000000bb9f     0x10f2 out/./fs/vfs//dcache.o
 .debug_info    0x000000000000cc91      0x962 out/./fs/vfs//fs_init.o
 .debug_info    0x000000000000d5f3      0xb81 out/./fs/vfs//fs_type.o
 .debug_info    0x000000000000e174     0x1205 out/./fs/vfs//icache.o
 .debug_info    0x000000000000f379      0xbea out/./fs/vfs//mount.o
 .debug_info    0x000000000000ff63      0x2c2 out/./fs/vfs//path.o
 .debug_info    0x0000000000010225     0x1065 out/./fs/vfs//pcache.o
 .debug_info    0x000000000001128a      0xb9d out/./fs/vfs//super.o
 .debug_info    0x0000000000011e27      0xd9d out/./fs/vfs//vfs.o
 .debug_info    0x0000000000012bc4      0x2cf out/./arch/riscv64//symbols.o
 .debug_info    0x0000000000012e93      0x544 out/./arch/riscv64//trap_handler.o
 .debug_info    0x00000000000133d7      0x3b3 out/./drivers/time.o
 .debug_info    0x000000000001378a      0x19b out/./drivers/uart.o
 .debug_info    0x0000000000013925      0x9e8 out/./drivers/virt_disk.o
 .debug_info    0x000000000001430d      0x2f0 out/./drivers/virtio.o
 .debug_info    0x00000000000145fd      0x41d out/./lib/bitmap.o
 .debug_info    0x0000000000014a1a      0x5df out/./lib/hashtable.o
 .debug_info    0x0000000000014ff9      0x98e out/./lib/lru.o
 .debug_info    0x0000000000015987      0x377 out/./lib/printk.o
 .debug_info    0x0000000000015cfe      0x363 out/./lib/string.o
 .debug_info    0x0000000000016061       0x97 out/./lib/utils.o
 .debug_info    0x00000000000160f8       0x28 out/./arch/riscv64//boot.o
 .debug_info    0x0000000000016120       0x29 out/./arch/riscv64//trap.o

.debug_abbrev   0x0000000000000000     0x410b
 .debug_abbrev  0x0000000000000000      0x179 out/.//elf.o
 .debug_abbrev  0x0000000000000179      0x2dc out/.//init.o
 .debug_abbrev  0x0000000000000455      0x123 out/.//malloc.o
 .debug_abbrev  0x0000000000000578      0x1f2 out/.//vm.o
 .debug_abbrev  0x000000000000076a      0x1c0 out/./fs/block_adapter.o
 .debug_abbrev  0x000000000000092a      0x13f out/./fs/block_device.o
 .debug_abbrev  0x0000000000000a69      0x28b out/./fs/ext2//ext2_block.o
 .debug_abbrev  0x0000000000000cf4      0x23d out/./fs/ext2//ext2_cache.o
 .debug_abbrev  0x0000000000000f31      0x26b out/./fs/ext2//ext2_dir.o
 .debug_abbrev  0x000000000000119c      0x1f6 out/./fs/ext2//ext2_file.o
 .debug_abbrev  0x0000000000001392      0x269 out/./fs/ext2//ext2_inode.o
 .debug_abbrev  0x00000000000015fb      0x281 out/./fs/ext2//ext2_namei.o
 .debug_abbrev  0x000000000000187c      0x1f2 out/./fs/ext2//ext2_page.o
 .debug_abbrev  0x0000000000001a6e      0x282 out/./fs/ext2//ext2_super.o
 .debug_abbrev  0x0000000000001cf0      0x27b out/./fs/vfs//dcache.o
 .debug_abbrev  0x0000000000001f6b      0x18d out/./fs/vfs//fs_init.o
 .debug_abbrev  0x00000000000020f8      0x1e9 out/./fs/vfs//fs_type.o
 .debug_abbrev  0x00000000000022e1      0x2b3 out/./fs/vfs//icache.o
 .debug_abbrev  0x0000000000002594      0x228 out/./fs/vfs//mount.o
 .debug_abbrev  0x00000000000027bc      0x138 out/./fs/vfs//path.o
 .debug_abbrev  0x00000000000028f4      0x28f out/./fs/vfs//pcache.o
 .debug_abbrev  0x0000000000002b83      0x220 out/./fs/vfs//super.o
 .debug_abbrev  0x0000000000002da3      0x23f out/./fs/vfs//vfs.o
 .debug_abbrev  0x0000000000002fe2       0xc3 out/./arch/riscv64//symbols.o
 .debug_abbrev  0x00000000000030a5      0x26c out/./arch/riscv64//trap_handler.o
 .debug_abbrev  0x0000000000003311      0x1b7 out/./drivers/time.o
 .debug_abbrev  0x00000000000034c8      0x119 out/./drivers/uart.o
 .debug_abbrev  0x00000000000035e1      0x232 out/./drivers/virt_disk.o
 .debug_abbrev  0x0000000000003813       0xe8 out/./drivers/virtio.o
 .debug_abbrev  0x00000000000038fb      0x181 out/./lib/bitmap.o
 .debug_abbrev  0x0000000000003a7c      0x1b6 out/./lib/hashtable.o
 .debug_abbrev  0x0000000000003c32      0x1d7 out/./lib/lru.o
 .debug_abbrev  0x0000000000003e09      0x15d out/./lib/printk.o
 .debug_abbrev  0x0000000000003f66      0x109 out/./lib/string.o
 .debug_abbrev  0x000000000000406f       0x74 out/./lib/utils.o
 .debug_abbrev  0x00000000000040e3       0x14 out/./arch/riscv64//boot.o
 .debug_abbrev  0x00000000000040f7       0x14 out/./arch/riscv64//trap.o

.debug_aranges  0x0000000000000000      0x6f0
 .debug_aranges
                0x0000000000000000       0x30 out/.//elf.o
 .debug_aranges
                0x0000000000000030       0x30 out/.//init.o
 .debug_aranges
                0x0000000000000060       0x30 out/.//malloc.o
 .debug_aranges
                0x0000000000000090       0x30 out/.//vm.o
 .debug_aranges
                0x00000000000000c0       0x30 out/./fs/block_adapter.o
 .debug_aranges
                0x00000000000000f0       0x30 out/./fs/block_device.o
 .debug_aranges
                0x0000000000000120       0x30 out/./fs/ext2//ext2_block.o
 .debug_aranges
                0x0000000000000150       0x30 out/./fs/ext2//ext2_cache.o
 .debug_aranges
                0x0000000000000180       0x30 out/./fs/ext2//ext2_dir.o
 .debug_aranges
                0x00000000000001b0       0x30 out/./fs/ext2//ext2_file.o
 .debug_aranges
                0x00000000000001e0       0x30 out/./fs/ext2//ext2_inode.o
 .debug_aranges
                0x0000000000000210       0x30 out/./fs/ext2//ext2_namei.o
 .debug_aranges
                0x0000000000000240       0x30 out/./fs/ext2//ext2_page.o
 .debug_aranges
                0x0000000000000270       0x30 out/./fs/ext2//ext2_super.o
 .debug_aranges
                0x00000000000002a0       0x30 out/./fs/vfs//dcache.o
 .debug_aranges
                0x00000000000002d0       0x30 out/./fs/vfs//fs_init.o
 .debug_aranges
                0x0000000000000300       0x30 out/./fs/vfs//fs_type.o
 .debug_aranges
                0x0000000000000330       0x30 out/./fs/vfs//icache.o
 .debug_aranges
                0x0000000000000360       0x30 out/./fs/vfs//mount.o
 .debug_aranges
                0x0000000000000390       0x30 out/./fs/vfs//path.o
 .debug_aranges
                0x00000000000003c0       0x30 out/./fs/vfs//pcache.o
 .debug_aranges
                0x00000000000003f0       0x30 out/./fs/vfs//super.o
 .debug_aranges
                0x0000000000000420       0x30 out/./fs/vfs//vfs.o
 .debug_aranges
                0x0000000000000450       0x30 out/./arch/riscv64//symbols.o
 .debug_aranges
                0x0000000000000480       0x30 out/./arch/riscv64//trap_handler.o
 .debug_aranges
                0x00000000000004b0       0x30 out/./drivers/time.o
 .debug_aranges
                0x00000000000004e0       0x30 out/./drivers/uart.o
 .debug_aranges
                0x0000000000000510       0x30 out/./drivers/virt_disk.o
 .debug_aranges
                0x0000000000000540       0x30 out/./drivers/virtio.o
 .debug_aranges
                0x0000000000000570       0x30 out/./lib/bitmap.o
 .debug_aranges
                0x00000000000005a0       0x30 out/./lib/hashtable.o
 .debug_aranges
                0x00000000000005d0       0x30 out/./lib/lru.o
 .debug_aranges
                0x0000000000000600       0x30 out/./lib/printk.o
 .debug_aranges
                0x0000000000000630       0x30 out/./lib/string.o
 .debug_aranges
                0x0000000000000660       0x30 out/./lib/utils.o
 .debug_aranges
                0x0000000000000690       0x30 out/./arch/riscv64//boot.o
 .debug_aranges
                0x00000000000006c0       0x30 out/./arch/riscv64//trap.o

.debug_line     0x0000000000000000     0xac1b
 .debug_line    0x0000000000000000      0x46c out/.//elf.o
 .debug_line    0x000000000000046c      0x507 out/.//init.o
 .debug_line    0x0000000000000973      0x181 out/.//malloc.o
 .debug_line    0x0000000000000af4      0x701 out/.//vm.o
 .debug_line    0x00000000000011f5      0x42c out/./fs/block_adapter.o
 .debug_line    0x0000000000001621      0x125 out/./fs/block_device.o
 .debug_line    0x0000000000001746      0x621 out/./fs/ext2//ext2_block.o
 .debug_line    0x0000000000001d67      0xdb0 out/./fs/ext2//ext2_cache.o
 .debug_line    0x0000000000002b17      0x948 out/./fs/ext2//ext2_dir.o
 .debug_line    0x000000000000345f      0x2ca out/./fs/ext2//ext2_file.o
 .debug_line    0x0000000000003729      0x81b out/./fs/ext2//ext2_inode.o
 .debug_line    0x0000000000003f44      0x306 out/./fs/ext2//ext2_namei.o
 .debug_line    0x000000000000424a      0x2b4 out/./fs/ext2//ext2_page.o
 .debug_line    0x00000000000044fe      0x82e out/./fs/ext2//ext2_super.o
 .debug_line    0x0000000000004d2c      0x7d6 out/./fs/vfs//dcache.o
 .debug_line    0x0000000000005502       0xda out/./fs/vfs//fs_init.o
 .debug_line    0x00000000000055dc      0x328 out/./fs/vfs//fs_type.o
 .debug_line    0x0000000000005904      0x8ce out/./fs/vfs//icache.o
 .debug_line    0x00000000000061d2      0x32e out/./fs/vfs//mount.o
 .debug_line    0x0000000000006500      0x352 out/./fs/vfs//path.o
 .debug_line    0x0000000000006852      0x643 out/./fs/vfs//pcache.o
 .debug_line    0x0000000000006e95      0x28f out/./fs/vfs//super.o
 .debug_line    0x0000000000007124      0x4c9 out/./fs/vfs//vfs.o
 .debug_line    0x00000000000075ed      0x1c7 out/./arch/riscv64//symbols.o
 .debug_line    0x00000000000077b4      0x445 out/./arch/riscv64//trap_handler.o
 .debug_line    0x0000000000007bf9      0x450 out/./drivers/time.o
 .debug_line    0x0000000000008049      0x1c5 out/./drivers/uart.o
 .debug_line    0x000000000000820e      0x813 out/./drivers/virt_disk.o
 .debug_line    0x0000000000008a21      0x1d4 out/./drivers/virtio.o
 .debug_line    0x0000000000008bf5      0x440 out/./lib/bitmap.o
 .debug_line    0x0000000000009035      0x5d2 out/./lib/hashtable.o
 .debug_line    0x0000000000009607      0x936 out/./lib/lru.o
 .debug_line    0x0000000000009f3d      0x4da out/./lib/printk.o
 .debug_line    0x000000000000a417      0x3fa out/./lib/string.o
 .debug_line    0x000000000000a811      0x12a out/./lib/utils.o
 .debug_line    0x000000000000a93b       0x94 out/./arch/riscv64//boot.o
 .debug_line    0x000000000000a9cf      0x24c out/./arch/riscv64//trap.o

.debug_str      0x0000000000000000     0x253f
 .debug_str     0x0000000000000000     0x253f out/.//elf.o
                                        0x263 (size before relaxing)
 .debug_str     0x000000000000253f      0x78b out/.//init.o
 .debug_str     0x000000000000253f      0x14e out/.//malloc.o
 .debug_str     0x000000000000253f      0x301 out/.//vm.o
 .debug_str     0x000000000000253f      0x298 out/./fs/block_adapter.o
 .debug_str     0x000000000000253f      0x163 out/./fs/block_device.o
 .debug_str     0x000000000000253f      0xccd out/./fs/ext2//ext2_block.o
 .debug_str     0x000000000000253f      0xc92 out/./fs/ext2//ext2_cache.o
 .debug_str     0x000000000000253f      0x9a5 out/./fs/ext2//ext2_dir.o
 .debug_str     0x000000000000253f      0x600 out/./fs/ext2//ext2_file.o
 .debug_str     0x000000000000253f      0xca0 out/./fs/ext2//ext2_inode.o
 .debug_str     0x000000000000253f      0xd2b out/./fs/ext2//ext2_namei.o
 .debug_str     0x000000000000253f      0x76e out/./fs/ext2//ext2_page.o
 .debug_str     0x000000000000253f      0xce1 out/./fs/ext2//ext2_super.o
 .debug_str     0x000000000000253f      0x7af out/./fs/vfs//dcache.o
 .debug_str     0x000000000000253f      0x59e out/./fs/vfs//fs_init.o
 .debug_str     0x000000000000253f      0x5e2 out/./fs/vfs//fs_type.o
 .debug_str     0x000000000000253f      0x8a7 out/./fs/vfs//icache.o
 .debug_str     0x000000000000253f      0x651 out/./fs/vfs//mount.o
 .debug_str     0x000000000000253f      0x183 out/./fs/vfs//path.o
 .debug_str     0x000000000000253f      0x7a7 out/./fs/vfs//pcache.o
 .debug_str     0x000000000000253f      0x5f6 out/./fs/vfs//super.o
 .debug_str     0x000000000000253f      0x659 out/./fs/vfs//vfs.o
 .debug_str     0x000000000000253f      0x29c out/./arch/riscv64//symbols.o
 .debug_str     0x000000000000253f      0x29e out/./arch/riscv64//trap_handler.o
 .debug_str     0x000000000000253f      0x226 out/./drivers/time.o
 .debug_str     0x000000000000253f      0x12b out/./drivers/uart.o
 .debug_str     0x000000000000253f      0x580 out/./drivers/virt_disk.o
 .debug_str     0x000000000000253f      0x2b2 out/./drivers/virtio.o
 .debug_str     0x000000000000253f      0x1d4 out/./lib/bitmap.o
 .debug_str     0x000000000000253f      0x268 out/./lib/hashtable.o
 .debug_str     0x000000000000253f      0x33e out/./lib/lru.o
 .debug_str     0x000000000000253f      0x189 out/./lib/printk.o
 .debug_str     0x000000000000253f      0x126 out/./lib/string.o
 .debug_str     0x000000000000253f       0x9f out/./lib/utils.o
 .debug_str     0x000000000000253f       0x31 out/./arch/riscv64//boot.o
 .debug_str     0x000000000000253f       0x31 out/./arch/riscv64//trap.o

.debug_line_str
                0x0000000000000000      0x489
 .debug_line_str
                0x0000000000000000      0x489 out/.//elf.o
                                         0x69 (size before relaxing)
 .debug_line_str
                0x0000000000000489       0xfe out/.//init.o
 .debug_line_str
                0x0000000000000489       0x6b out/.//malloc.o
 .debug_line_str
                0x0000000000000489       0x8b out/.//vm.o
 .debug_line_str
                0x0000000000000489       0x87 out/./fs/block_adapter.o
 .debug_line_str
                0x0000000000000489       0x79 out/./fs/block_device.o
 .debug_line_str
                0x0000000000000489      0x11f out/./fs/ext2//ext2_block.o
 .debug_line_str
                0x0000000000000489      0x112 out/./fs/ext2//ext2_cache.o
 .debug_line_str
                0x0000000000000489      0x11b out/./fs/ext2//ext2_dir.o
 .debug_line_str
                0x0000000000000489       0xf0 out/./fs/ext2//ext2_file.o
 .debug_line_str
                0x0000000000000489      0x14a out/./fs/ext2//ext2_inode.o
 .debug_line_str
                0x0000000000000489      0x132 out/./fs/ext2//ext2_namei.o
 .debug_line_str
                0x0000000000000489      0x100 out/./fs/ext2//ext2_page.o
 .debug_line_str
                0x0000000000000489      0x128 out/./fs/ext2//ext2_super.o
 .debug_line_str
                0x0000000000000489       0xea out/./fs/vfs//dcache.o
 .debug_line_str
                0x0000000000000489      0x100 out/./fs/vfs//fs_init.o
 .debug_line_str
                0x0000000000000489       0xd6 out/./fs/vfs//fs_type.o
 .debug_line_str
                0x0000000000000489       0xf3 out/./fs/vfs//icache.o
 .debug_line_str
                0x0000000000000489       0xe5 out/./fs/vfs//mount.o
 .debug_line_str
                0x0000000000000489       0x6d out/./fs/vfs//path.o
 .debug_line_str
                0x0000000000000489       0xea out/./fs/vfs//pcache.o
 .debug_line_str
                0x0000000000000489       0xdb out/./fs/vfs//super.o
 .debug_line_str
                0x0000000000000489       0xed out/./fs/vfs//vfs.o
 .debug_line_str
                0x0000000000000489       0x68 out/./arch/riscv64//symbols.o
 .debug_line_str
                0x0000000000000489       0xab out/./arch/riscv64//trap_handler.o
 .debug_line_str
                0x0000000000000489       0x5a out/./drivers/time.o
 .debug_line_str
                0x0000000000000489       0x53 out/./drivers/uart.o
 .debug_line_str
                0x0000000000000489       0xa8 out/./drivers/virt_disk.o
 .debug_line_str
                0x0000000000000489       0x62 out/./drivers/virtio.o
 .debug_line_str
                0x0000000000000489       0x68 out/./lib/bitmap.o
 .debug_line_str
                0x0000000000000489       0x80 out/./lib/hashtable.o
 .debug_line_str
                0x0000000000000489       0x87 out/./lib/lru.o
 .debug_line_str
                0x0000000000000489       0x8d out/./lib/printk.o
 .debug_line_str
                0x0000000000000489       0x56 out/./lib/string.o
 .debug_line_str
                0x0000000000000489       0x40 out/./lib/utils.o
 .debug_line_str
                0x0000000000000489       0x25 out/./arch/riscv64//boot.o
 .debug_line_str
                0x0000000000000489       0x25 out/./arch/riscv64//trap.o

.comment        0x0000000000000000       0x22
 .comment       0x0000000000000000       0x22 out/.//elf.o
                                         0x23 (size before relaxing)
 .comment       0x0000000000000022       0x23 out/.//init.o
 .comment       0x0000000000000022       0x23 out/.//malloc.o
 .comment       0x0000000000000022       0x23 out/.//vm.o
 .comment       0x0000000000000022       0x23 out/./fs/block_adapter.o
 .comment       0x0000000000000022       0x23 out/./fs/block_device.o
 .comment       0x0000000000000022       0x23 out/./fs/ext2//ext2_block.o
 .comment       0x0000000000000022       0x23 out/./fs/ext2//ext2_cache.o
 .comment       0x0000000000000022       0x23 out/./fs/ext2//ext2_dir.o
 .comment       0x0000000000000022       0x23 out/./fs/ext2//ext2_file.o
 .comment       0x0000000000000022       0x23 out/./fs/ext2//ext2_inode.o
 .comment       0x0000000000000022       0x23 out/./fs/ext2//ext2_namei.o
 .comment       0x0000000000000022       0x23 out/./fs/ext2//ext2_page.o
 .comment       0x0000000000000022       0x23 out/./fs/ext2//ext2_super.o
 .comment       0x0000000000000022       0x23 out/./fs/vfs//dcache.o
 .comment       0x0000000000000022       0x23 out/./fs/vfs//fs_init.o
 .comment       0x0000000000000022       0x23 out/./fs/vfs//fs_type.o
 .comment       0x0000000000000022       0x23 out/./fs/vfs//icache.o
 .comment       0x0000000000000022       0x23 out/./fs/vfs//mount.o
 .comment       0x0000000000000022       0x23 out/./fs/vfs//path.o
 .comment       0x0000000000000022       0x23 out/./fs/vfs//pcache.o
 .comment       0x0000000000000022       0x23 out/./fs/vfs//super.o
 .comment       0x0000000000000022       0x23 out/./fs/vfs//vfs.o
 .comment       0x0000000000000022       0x23 out/./arch/riscv64//symbols.o
 .comment       0x0000000000000022       0x23 out/./arch/riscv64//trap_handler.o
 .comment       0x0000000000000022       0x23 out/./drivers/time.o
 .comment       0x0000000000000022       0x23 out/./drivers/uart.o
 .comment       0x0000000000000022       0x23 out/./drivers/virt_disk.o
 .comment       0x0000000000000022       0x23 out/./drivers/virtio.o
 .comment       0x0000000000000022       0x23 out/./lib/bitmap.o
 .comment       0x0000000000000022       0x23 out/./lib/hashtable.o
 .comment       0x0000000000000022       0x23 out/./lib/lru.o
 .comment       0x0000000000000022       0x23 out/./lib/printk.o
 .comment       0x0000000000000022       0x23 out/./lib/string.o
 .comment       0x0000000000000022       0x23 out/./lib/utils.o

.riscv.attributes
                0x0000000000000000       0x57
 .riscv.attributes
                0x0000000000000000       0x53 out/.//elf.o
 .riscv.attributes
                0x0000000000000053       0x57 out/.//init.o
 .riscv.attributes
                0x00000000000000aa       0x53 out/.//malloc.o
 .riscv.attributes
                0x00000000000000fd       0x57 out/.//vm.o
 .riscv.attributes
                0x0000000000000154       0x53 out/./fs/block_adapter.o
 .riscv.attributes
                0x00000000000001a7       0x53 out/./fs/block_device.o
 .riscv.attributes
                0x00000000000001fa       0x53 out/./fs/ext2//ext2_block.o
 .riscv.attributes
                0x000000000000024d       0x53 out/./fs/ext2//ext2_cache.o
 .riscv.attributes
                0x00000000000002a0       0x53 out/./fs/ext2//ext2_dir.o
 .riscv.attributes
                0x00000000000002f3       0x53 out/./fs/ext2//ext2_file.o
 .riscv.attributes
                0x0000000000000346       0x53 out/./fs/ext2//ext2_inode.o
 .riscv.attributes
                0x0000000000000399       0x53 out/./fs/ext2//ext2_namei.o
 .riscv.attributes
                0x00000000000003ec       0x53 out/./fs/ext2//ext2_page.o
 .riscv.attributes
                0x000000000000043f       0x53 out/./fs/ext2//ext2_super.o
 .riscv.attributes
                0x0000000000000492       0x53 out/./fs/vfs//dcache.o
 .riscv.attributes
                0x00000000000004e5       0x53 out/./fs/vfs//fs_init.o
 .riscv.attributes
                0x0000000000000538       0x53 out/./fs/vfs//fs_type.o
 .riscv.attributes
                0x000000000000058b       0x53 out/./fs/vfs//icache.o
 .riscv.attributes
                0x00000000000005de       0x53 out/./fs/vfs//mount.o
 .riscv.attributes
                0x0000000000000631       0x53 out/./fs/vfs//path.o
 .riscv.attributes
                0x0000000000000684       0x53 out/./fs/vfs//pcache.o
 .riscv.attributes
                0x00000000000006d7       0x53 out/./fs/vfs//super.o
 .riscv.attributes
                0x000000000000072a       0x53 out/./fs/vfs//vfs.o
 .riscv.attributes
                0x000000000000077d       0x53 out/./arch/riscv64//symbols.o
 .riscv.attributes
                0x00000000000007d0       0x57 out/./arch/riscv64//trap_handler.o
 .riscv.attributes
                0x0000000000000827       0x53 out/./drivers/time.o
 .riscv.attributes
                0x000000000000087a       0x53 out/./drivers/uart.o
 .riscv.attributes
                0x00000000000008cd       0x53 out/./drivers/virt_disk.o
 .riscv.attributes
                0x0000000000000920       0x53 out/./drivers/virtio.o
 .riscv.attributes
                0x0000000000000973       0x53 out/./lib/bitmap.o
 .riscv.attributes
                0x00000000000009c6       0x53 out/./lib/hashtable.o
 .riscv.attributes
                0x0000000000000a19       0x53 out/./lib/lru.o
 .riscv.attributes
                0x0000000000000a6c       0x53 out/./lib/printk.o
 .riscv.attributes
                0x0000000000000abf       0x53 out/./lib/string.o
 .riscv.attributes
                0x0000000000000b12       0x53 out/./lib/utils.o
 .riscv.attributes
                0x0000000000000b65       0x55 out/./arch/riscv64//boot.o
 .riscv.attributes
                0x0000000000000bba       0x55 out/./arch/riscv64//trap.o

.debug_frame    0x0000000000000000     0x37a0
 .debug_frame   0x0000000000000000       0xa0 out/.//elf.o
 .debug_frame   0x00000000000000a0      0x490 out/.//init.o
 .debug_frame   0x0000000000000530       0xd0 out/.//malloc.o
 .debug_frame   0x0000000000000600      0x1c8 out/.//vm.o
 .debug_frame   0x00000000000007c8      0x160 out/./fs/block_adapter.o
 .debug_frame   0x0000000000000928       0x70 out/./fs/block_device.o
 .debug_frame   0x0000000000000998      0x190 out/./fs/ext2//ext2_block.o
 .debug_frame   0x0000000000000b28      0x1f0 out/./fs/ext2//ext2_cache.o
 .debug_frame   0x0000000000000d18      0x1f0 out/./fs/ext2//ext2_dir.o
 .debug_frame   0x0000000000000f08       0xa0 out/./fs/ext2//ext2_file.o
 .debug_frame   0x0000000000000fa8      0x190 out/./fs/ext2//ext2_inode.o
 .debug_frame   0x0000000000001138      0x138 out/./fs/ext2//ext2_namei.o
 .debug_frame   0x0000000000001270       0x70 out/./fs/ext2//ext2_page.o
 .debug_frame   0x00000000000012e0       0xd8 out/./fs/ext2//ext2_super.o
 .debug_frame   0x00000000000013b8      0x3a8 out/./fs/vfs//dcache.o
 .debug_frame   0x0000000000001760       0x40 out/./fs/vfs//fs_init.o
 .debug_frame   0x00000000000017a0      0x190 out/./fs/vfs//fs_type.o
 .debug_frame   0x0000000000001930      0x3b0 out/./fs/vfs//icache.o
 .debug_frame   0x0000000000001ce0      0x160 out/./fs/vfs//mount.o
 .debug_frame   0x0000000000001e40       0xa0 out/./fs/vfs//path.o
 .debug_frame   0x0000000000001ee0      0x348 out/./fs/vfs//pcache.o
 .debug_frame   0x0000000000002228      0x190 out/./fs/vfs//super.o
 .debug_frame   0x00000000000023b8      0x190 out/./fs/vfs//vfs.o
 .debug_frame   0x0000000000002548       0x70 out/./arch/riscv64//symbols.o
 .debug_frame   0x00000000000025b8      0x370 out/./arch/riscv64//trap_handler.o
 .debug_frame   0x0000000000002928      0x130 out/./drivers/time.o
 .debug_frame   0x0000000000002a58      0x100 out/./drivers/uart.o
 .debug_frame   0x0000000000002b58      0x190 out/./drivers/virt_disk.o
 .debug_frame   0x0000000000002ce8       0x40 out/./drivers/virtio.o
 .debug_frame   0x0000000000002d28      0x1f0 out/./lib/bitmap.o
 .debug_frame   0x0000000000002f18      0x220 out/./lib/hashtable.o
 .debug_frame   0x0000000000003138      0x370 out/./lib/lru.o
 .debug_frame   0x00000000000034a8       0xf8 out/./lib/printk.o
 .debug_frame   0x00000000000035a0      0x190 out/./lib/string.o
 .debug_frame   0x0000000000003730       0x70 out/./lib/utils.o

.debug_rnglists
                0x0000000000000000       0x17
 .debug_rnglists
                0x0000000000000000       0x17 out/./drivers/virt_disk.o
